<!doctype html public "-//w3c//dtd html 4.0 transitional//en">
<html><head>
<title>Static Call Graph - [.\Keil_Debug\RTOSDemo.axf]</title></head>
<body><HR>
<H1>Static Call Graph for image .\Keil_Debug\RTOSDemo.axf</H1><HR>
<BR><P>#&#060CALLGRAPH&#062# ARM Linker, 5060750: Last Updated: Thu Jan 31 23:41:32 2019
<BR><P>
<H3>Maximum Stack Usage =        256 bytes + Unknown(Cycles, Untraceable Function Pointers)</H3><H3>
Call chain for Maximum Stack Depth:</H3>
prvTimerTask &rArr; prvProcessReceivedCommands &rArr; prvSampleTimeNow &rArr; prvSwitchTimerLists &rArr; xTimerGenericCommand &rArr; xQueueGenericSend &rArr; vTaskPlaceOnEventList &rArr; prvAddCurrentTaskToDelayedList &rArr; vListInsert
<P>
<H3>
Mutually Recursive functions
</H3> <LI><a href="#[1]">NMI_Handler</a>&nbsp;&nbsp;&nbsp;&rArr;&nbsp;&nbsp;&nbsp;<a href="#[1]">NMI_Handler</a><BR>
 <LI><a href="#[2]">HardFault_Handler</a>&nbsp;&nbsp;&nbsp;&rArr;&nbsp;&nbsp;&nbsp;<a href="#[2]">HardFault_Handler</a><BR>
 <LI><a href="#[3]">MemManage_Handler</a>&nbsp;&nbsp;&nbsp;&rArr;&nbsp;&nbsp;&nbsp;<a href="#[3]">MemManage_Handler</a><BR>
 <LI><a href="#[4]">BusFault_Handler</a>&nbsp;&nbsp;&nbsp;&rArr;&nbsp;&nbsp;&nbsp;<a href="#[4]">BusFault_Handler</a><BR>
 <LI><a href="#[5]">UsageFault_Handler</a>&nbsp;&nbsp;&nbsp;&rArr;&nbsp;&nbsp;&nbsp;<a href="#[5]">UsageFault_Handler</a><BR>
 <LI><a href="#[7]">DebugMon_Handler</a>&nbsp;&nbsp;&nbsp;&rArr;&nbsp;&nbsp;&nbsp;<a href="#[7]">DebugMon_Handler</a><BR>
 <LI><a href="#[22]">ADC14_IRQHandler</a>&nbsp;&nbsp;&nbsp;&rArr;&nbsp;&nbsp;&nbsp;<a href="#[22]">ADC14_IRQHandler</a><BR>
 <LI><a href="#[d2]">xTaskResumeAll</a>&nbsp;&nbsp;&nbsp;&rArr;&nbsp;&nbsp;&nbsp;<a href="#[82]">xTaskIncrementTick</a><BR>
</UL>
<P>
<H3>
Function Pointers
</H3><UL>
 <LI><a href="#[22]">ADC14_IRQHandler</a> from startup_msp432p4.o(.text) referenced from startup_msp432p4.o(RESET)
 <LI><a href="#[26]">AES256_IRQHandler</a> from startup_msp432p4.o(.text) referenced from startup_msp432p4.o(RESET)
 <LI><a href="#[4]">BusFault_Handler</a> from startup_msp432p4.o(.text) referenced from startup_msp432p4.o(RESET)
 <LI><a href="#[10]">COMP_E0_IRQHandler</a> from startup_msp432p4.o(.text) referenced from startup_msp432p4.o(RESET)
 <LI><a href="#[11]">COMP_E1_IRQHandler</a> from startup_msp432p4.o(.text) referenced from startup_msp432p4.o(RESET)
 <LI><a href="#[b]">CS_IRQHandler</a> from startup_msp432p4.o(.text) referenced from startup_msp432p4.o(RESET)
 <LI><a href="#[28]">DMA_ERR_IRQHandler</a> from startup_msp432p4.o(.text) referenced from startup_msp432p4.o(RESET)
 <LI><a href="#[2c]">DMA_INT0_IRQHandler</a> from startup_msp432p4.o(.text) referenced from startup_msp432p4.o(RESET)
 <LI><a href="#[2b]">DMA_INT1_IRQHandler</a> from startup_msp432p4.o(.text) referenced from startup_msp432p4.o(RESET)
 <LI><a href="#[2a]">DMA_INT2_IRQHandler</a> from startup_msp432p4.o(.text) referenced from startup_msp432p4.o(RESET)
 <LI><a href="#[29]">DMA_INT3_IRQHandler</a> from startup_msp432p4.o(.text) referenced from startup_msp432p4.o(RESET)
 <LI><a href="#[7]">DebugMon_Handler</a> from startup_msp432p4.o(.text) referenced from startup_msp432p4.o(RESET)
 <LI><a href="#[1b]">EUSCIA1_IRQHandler</a> from startup_msp432p4.o(.text) referenced from startup_msp432p4.o(RESET)
 <LI><a href="#[1c]">EUSCIA2_IRQHandler</a> from startup_msp432p4.o(.text) referenced from startup_msp432p4.o(RESET)
 <LI><a href="#[1d]">EUSCIA3_IRQHandler</a> from startup_msp432p4.o(.text) referenced from startup_msp432p4.o(RESET)
 <LI><a href="#[1e]">EUSCIB0_IRQHandler</a> from startup_msp432p4.o(.text) referenced from startup_msp432p4.o(RESET)
 <LI><a href="#[1f]">EUSCIB1_IRQHandler</a> from startup_msp432p4.o(.text) referenced from startup_msp432p4.o(RESET)
 <LI><a href="#[20]">EUSCIB2_IRQHandler</a> from startup_msp432p4.o(.text) referenced from startup_msp432p4.o(RESET)
 <LI><a href="#[21]">EUSCIB3_IRQHandler</a> from startup_msp432p4.o(.text) referenced from startup_msp432p4.o(RESET)
 <LI><a href="#[f]">FLCTL_IRQHandler</a> from startup_msp432p4.o(.text) referenced from startup_msp432p4.o(RESET)
 <LI><a href="#[e]">FPU_IRQHandler</a> from startup_msp432p4.o(.text) referenced from startup_msp432p4.o(RESET)
 <LI><a href="#[2]">HardFault_Handler</a> from startup_msp432p4.o(.text) referenced from startup_msp432p4.o(RESET)
 <LI><a href="#[3]">MemManage_Handler</a> from startup_msp432p4.o(.text) referenced from startup_msp432p4.o(RESET)
 <LI><a href="#[1]">NMI_Handler</a> from startup_msp432p4.o(.text) referenced from startup_msp432p4.o(RESET)
 <LI><a href="#[c]">PCM_IRQHandler</a> from startup_msp432p4.o(.text) referenced from startup_msp432p4.o(RESET)
 <LI><a href="#[2d]">PORT1_IRQHandler</a> from main_blinky.o(i.PORT1_IRQHandler) referenced from startup_msp432p4.o(RESET)
 <LI><a href="#[2e]">PORT2_IRQHandler</a> from startup_msp432p4.o(.text) referenced from startup_msp432p4.o(RESET)
 <LI><a href="#[2f]">PORT3_IRQHandler</a> from startup_msp432p4.o(.text) referenced from startup_msp432p4.o(RESET)
 <LI><a href="#[30]">PORT4_IRQHandler</a> from startup_msp432p4.o(.text) referenced from startup_msp432p4.o(RESET)
 <LI><a href="#[31]">PORT5_IRQHandler</a> from startup_msp432p4.o(.text) referenced from startup_msp432p4.o(RESET)
 <LI><a href="#[32]">PORT6_IRQHandler</a> from startup_msp432p4.o(.text) referenced from startup_msp432p4.o(RESET)
 <LI><a href="#[a]">PSS_IRQHandler</a> from startup_msp432p4.o(.text) referenced from startup_msp432p4.o(RESET)
 <LI><a href="#[8]">PendSV_Handler</a> from port.o(.emb_text) referenced from startup_msp432p4.o(RESET)
 <LI><a href="#[27]">RTC_C_IRQHandler</a> from startup_msp432p4.o(.text) referenced from startup_msp432p4.o(RESET)
 <LI><a href="#[0]">Reset_Handler</a> from startup_msp432p4.o(.text) referenced from startup_msp432p4.o(RESET)
 <LI><a href="#[6]">SVC_Handler</a> from port.o(.emb_text) referenced from startup_msp432p4.o(RESET)
 <LI><a href="#[9]">SysTick_Handler</a> from port.o(i.SysTick_Handler) referenced from startup_msp432p4.o(RESET)
 <LI><a href="#[34]">SystemInit</a> from system_msp432p401r.o(i.SystemInit) referenced from startup_msp432p4.o(.text)
 <LI><a href="#[25]">T32_INTC_IRQHandler</a> from startup_msp432p4.o(.text) referenced from startup_msp432p4.o(RESET)
 <LI><a href="#[12]">TA0_0_IRQHandler</a> from startup_msp432p4.o(.text) referenced from startup_msp432p4.o(RESET)
 <LI><a href="#[13]">TA0_N_IRQHandler</a> from startup_msp432p4.o(.text) referenced from startup_msp432p4.o(RESET)
 <LI><a href="#[14]">TA1_0_IRQHandler</a> from startup_msp432p4.o(.text) referenced from startup_msp432p4.o(RESET)
 <LI><a href="#[15]">TA1_N_IRQHandler</a> from startup_msp432p4.o(.text) referenced from startup_msp432p4.o(RESET)
 <LI><a href="#[16]">TA2_0_IRQHandler</a> from startup_msp432p4.o(.text) referenced from startup_msp432p4.o(RESET)
 <LI><a href="#[17]">TA2_N_IRQHandler</a> from startup_msp432p4.o(.text) referenced from startup_msp432p4.o(RESET)
 <LI><a href="#[18]">TA3_0_IRQHandler</a> from startup_msp432p4.o(.text) referenced from startup_msp432p4.o(RESET)
 <LI><a href="#[19]">TA3_N_IRQHandler</a> from startup_msp432p4.o(.text) referenced from startup_msp432p4.o(RESET)
 <LI><a href="#[5]">UsageFault_Handler</a> from startup_msp432p4.o(.text) referenced from startup_msp432p4.o(RESET)
 <LI><a href="#[d]">WDT_A_IRQHandler</a> from startup_msp432p4.o(.text) referenced from startup_msp432p4.o(RESET)
 <LI><a href="#[35]">__main</a> from entry.o(.ARM.Collect$$$$00000000) referenced from startup_msp432p4.o(.text)
 <LI><a href="#[36]">_sputc</a> from printf3.o(i._sputc) referenced from printf3.o(i.__0sprintf$3)
 <LI><a href="#[33]">main</a> from main.o(i.main) referenced from entry9a.o(.ARM.Collect$$$$0000000B)
 <LI><a href="#[4b]">prv1stHigherPriorityNormallyFullTask</a> from intqueue.o(i.prv1stHigherPriorityNormallyFullTask) referenced from intqueue.o(i.vStartInterruptQueueTasks)
 <LI><a href="#[4c]">prv2ndHigherPriorityNormallyFullTask</a> from intqueue.o(i.prv2ndHigherPriorityNormallyFullTask) referenced from intqueue.o(i.vStartInterruptQueueTasks)
 <LI><a href="#[3c]">prvAutoReloadTimerCallback</a> from timerdemo.o(i.prvAutoReloadTimerCallback) referenced from timerdemo.o(i.prvTest1_CreateTimersWithoutSchedulerRunning)
 <LI><a href="#[39]">prvCheckTask</a> from main_full.o(i.prvCheckTask) referenced from main_full.o(i.main_full)
 <LI><a href="#[41]">prvCountingSemaphoreTask</a> from countsem.o(i.prvCountingSemaphoreTask) referenced from countsem.o(i.vStartCountingSemaphoreTasks)
 <LI><a href="#[61]">prvHelpCommand</a> from freertos_cli.o(i.prvHelpCommand) referenced from freertos_cli.o(.constdata)
 <LI><a href="#[48]">prvHighPriorityMutexTask</a> from genqtest.o(i.prvHighPriorityMutexTask) referenced from genqtest.o(i.vStartGenericQueueTasks)
 <LI><a href="#[49]">prvHigherPriorityNormallyEmptyTask</a> from intqueue.o(i.prvHigherPriorityNormallyEmptyTask) referenced from intqueue.o(i.vStartInterruptQueueTasks)
 <LI><a href="#[3d]">prvISRAutoReloadTimerCallback</a> from timerdemo.o(i.prvISRAutoReloadTimerCallback) referenced from timerdemo.o(i.prvTest1_CreateTimersWithoutSchedulerRunning)
 <LI><a href="#[3e]">prvISROneShotTimerCallback</a> from timerdemo.o(i.prvISROneShotTimerCallback) referenced from timerdemo.o(i.prvTest1_CreateTimersWithoutSchedulerRunning)
 <LI><a href="#[5c]">prvIdleTask</a> from tasks.o(i.prvIdleTask) referenced from tasks.o(i.vTaskStartScheduler)
 <LI><a href="#[46]">prvLowPriorityMutexTask</a> from genqtest.o(i.prvLowPriorityMutexTask) referenced from genqtest.o(i.vStartGenericQueueTasks)
 <LI><a href="#[4a]">prvLowerPriorityNormallyEmptyTask</a> from intqueue.o(i.prvLowerPriorityNormallyEmptyTask) referenced from intqueue.o(i.vStartInterruptQueueTasks)
 <LI><a href="#[4d]">prvLowerPriorityNormallyFullTask</a> from intqueue.o(i.prvLowerPriorityNormallyFullTask) referenced from intqueue.o(i.vStartInterruptQueueTasks)
 <LI><a href="#[47]">prvMediumPriorityMutexTask</a> from genqtest.o(i.prvMediumPriorityMutexTask) referenced from genqtest.o(i.vStartGenericQueueTasks)
 <LI><a href="#[59]">prvNotifiedTask</a> from tasknotify.o(i.prvNotifiedTask) referenced from tasknotify.o(i.vStartTaskNotifyTask)
 <LI><a href="#[3a]">prvNotifyingTimer</a> from tasknotify.o(i.prvNotifyingTimer) referenced from tasknotify.o(i.prvNotifiedTask)
 <LI><a href="#[3f]">prvOneShotTimerCallback</a> from timerdemo.o(i.prvOneShotTimerCallback) referenced from timerdemo.o(i.prvTimerTestTask)
 <LI><a href="#[64]">prvParameterEchoCommand</a> from sample-cli-commands.o(i.prvParameterEchoCommand) referenced from sample-cli-commands.o(.constdata)
 <LI><a href="#[5a]">prvRand</a> from tasknotify.o(i.prvRand) referenced from tasknotify.o(i.vStartTaskNotifyTask)
 <LI><a href="#[56]">prvRecursiveMutexBlockingTask</a> from recmutex.o(i.prvRecursiveMutexBlockingTask) referenced from recmutex.o(i.vStartRecursiveMutexTasks)
 <LI><a href="#[55]">prvRecursiveMutexControllingTask</a> from recmutex.o(i.prvRecursiveMutexControllingTask) referenced from recmutex.o(i.vStartRecursiveMutexTasks)
 <LI><a href="#[57]">prvRecursiveMutexPollingTask</a> from recmutex.o(i.prvRecursiveMutexPollingTask) referenced from recmutex.o(i.vStartRecursiveMutexTasks)
 <LI><a href="#[37]">prvRegTestTaskEntry1</a> from main_full.o(i.prvRegTestTaskEntry1) referenced from main_full.o(i.main_full)
 <LI><a href="#[38]">prvRegTestTaskEntry2</a> from main_full.o(i.prvRegTestTaskEntry2) referenced from main_full.o(i.main_full)
 <LI><a href="#[65]">prvRunTimeStatsCommand</a> from sample-cli-commands.o(i.prvRunTimeStatsCommand) referenced from sample-cli-commands.o(.constdata)
 <LI><a href="#[58]">prvSemaphoreTest</a> from semtest.o(i.prvSemaphoreTest) referenced from semtest.o(i.vStartSemaphoreTasks)
 <LI><a href="#[45]">prvSendFrontAndBackTest</a> from genqtest.o(i.prvSendFrontAndBackTest) referenced from genqtest.o(i.vStartGenericQueueTasks)
 <LI><a href="#[3b]">prvSuspendedTaskTimerTestCallback</a> from tasknotify.o(i.prvSuspendedTaskTimerTestCallback) referenced from tasknotify.o(i.prvSingleTaskTests)
 <LI><a href="#[44]">prvSyncTask</a> from eventgroupsdemo.o(i.prvSyncTask) referenced from eventgroupsdemo.o(i.vStartEventGroupTasks)
 <LI><a href="#[40]">prvTaskExitError</a> from port.o(i.prvTaskExitError) referenced from port.o(i.pxPortInitialiseStack)
 <LI><a href="#[62]">prvTaskStatsCommand</a> from sample-cli-commands.o(i.prvTaskStatsCommand) referenced from sample-cli-commands.o(.constdata)
 <LI><a href="#[43]">prvTestMasterTask</a> from eventgroupsdemo.o(i.prvTestMasterTask) referenced from eventgroupsdemo.o(i.vStartEventGroupTasks)
 <LI><a href="#[42]">prvTestSlaveTask</a> from eventgroupsdemo.o(i.prvTestSlaveTask) referenced from eventgroupsdemo.o(i.vStartEventGroupTasks)
 <LI><a href="#[63]">prvThreeParameterEchoCommand</a> from sample-cli-commands.o(i.prvThreeParameterEchoCommand) referenced from sample-cli-commands.o(.constdata)
 <LI><a href="#[60]">prvTimerTask</a> from timers.o(i.prvTimerTask) referenced from timers.o(i.xTimerCreateTimerTask)
 <LI><a href="#[5b]">prvTimerTestTask</a> from timerdemo.o(i.prvTimerTestTask) referenced from timerdemo.o(i.vStartTimerDemoTask)
 <LI><a href="#[5d]">prvUARTCommandConsoleTask</a> from uartcommandconsole.o(i.prvUARTCommandConsoleTask) referenced from uartcommandconsole.o(i.vUARTCommandConsoleStart)
 <LI><a href="#[51]">vCompetingMathTask1</a> from sp_flop.o(i.vCompetingMathTask1) referenced from sp_flop.o(i.vStartMathTasks)
 <LI><a href="#[52]">vCompetingMathTask2</a> from sp_flop.o(i.vCompetingMathTask2) referenced from sp_flop.o(i.vStartMathTasks)
 <LI><a href="#[53]">vCompetingMathTask3</a> from sp_flop.o(i.vCompetingMathTask3) referenced from sp_flop.o(i.vStartMathTasks)
 <LI><a href="#[54]">vCompetingMathTask4</a> from sp_flop.o(i.vCompetingMathTask4) referenced from sp_flop.o(i.vStartMathTasks)
 <LI><a href="#[5e]">vEventGroupClearBitsCallback</a> from event_groups.o(i.vEventGroupClearBitsCallback) referenced from event_groups.o(i.xEventGroupClearBitsFromISR)
 <LI><a href="#[5f]">vEventGroupSetBitsCallback</a> from event_groups.o(i.vEventGroupSetBitsCallback) referenced from event_groups.o(i.xEventGroupSetBitsFromISR)
 <LI><a href="#[50]">vInterruptCountingSemaphoreTask</a> from intsemtest.o(i.vInterruptCountingSemaphoreTask) referenced from intsemtest.o(i.vStartInterruptSemaphoreTasks)
 <LI><a href="#[4f]">vInterruptMutexMasterTask</a> from intsemtest.o(i.vInterruptMutexMasterTask) referenced from intsemtest.o(i.vStartInterruptSemaphoreTasks)
 <LI><a href="#[4e]">vInterruptMutexSlaveTask</a> from intsemtest.o(i.vInterruptMutexSlaveTask) referenced from intsemtest.o(i.vStartInterruptSemaphoreTasks)
 <LI><a href="#[23]">vT32_0_Handler</a> from intqueuetimer.o(i.vT32_0_Handler) referenced from startup_msp432p4.o(RESET)
 <LI><a href="#[24]">vT32_1_Handler</a> from intqueuetimer.o(i.vT32_1_Handler) referenced from startup_msp432p4.o(RESET)
 <LI><a href="#[1a]">vUART_Handler</a> from serial.o(i.vUART_Handler) referenced from startup_msp432p4.o(RESET)
</UL>
<P>
<H3>
Global Symbols
</H3>
<P><STRONG><a name="[35]"></a>__main</STRONG> (Thumb, 0 bytes, Stack size unknown bytes, entry.o(.ARM.Collect$$$$00000000))
<BR>[Address Reference Count : 1]<UL><LI> startup_msp432p4.o(.text)
</UL>
<P><STRONG><a name="[166]"></a>_main_stk</STRONG> (Thumb, 0 bytes, Stack size unknown bytes, entry2.o(.ARM.Collect$$$$00000001))

<P><STRONG><a name="[66]"></a>_main_scatterload</STRONG> (Thumb, 0 bytes, Stack size unknown bytes, entry5.o(.ARM.Collect$$$$00000004))
<BR><BR>[Calls]<UL><LI><a href="#[67]">&gt;&gt;</a>&nbsp;&nbsp;&nbsp;__scatterload
</UL>

<P><STRONG><a name="[6c]"></a>__main_after_scatterload</STRONG> (Thumb, 0 bytes, Stack size unknown bytes, entry5.o(.ARM.Collect$$$$00000004))
<BR><BR>[Called By]<UL><LI><a href="#[67]">&gt;&gt;</a>&nbsp;&nbsp;&nbsp;__scatterload
</UL>

<P><STRONG><a name="[167]"></a>_main_clock</STRONG> (Thumb, 0 bytes, Stack size unknown bytes, entry7b.o(.ARM.Collect$$$$00000008))

<P><STRONG><a name="[168]"></a>_main_cpp_init</STRONG> (Thumb, 0 bytes, Stack size unknown bytes, entry8b.o(.ARM.Collect$$$$0000000A))

<P><STRONG><a name="[169]"></a>_main_init</STRONG> (Thumb, 0 bytes, Stack size unknown bytes, entry9a.o(.ARM.Collect$$$$0000000B))

<P><STRONG><a name="[16a]"></a>__rt_final_cpp</STRONG> (Thumb, 0 bytes, Stack size unknown bytes, entry10a.o(.ARM.Collect$$$$0000000D))

<P><STRONG><a name="[16b]"></a>__rt_final_exit</STRONG> (Thumb, 0 bytes, Stack size unknown bytes, entry11a.o(.ARM.Collect$$$$0000000F))

<P><STRONG><a name="[6]"></a>SVC_Handler</STRONG> (Thumb, 28 bytes, Stack size 0 bytes, port.o(.emb_text))
<BR>[Address Reference Count : 1]<UL><LI> startup_msp432p4.o(RESET)
</UL>
<P><STRONG><a name="[15d]"></a>__asm___6_port_c_39a90d8d__prvStartFirstTask</STRONG> (Thumb, 36 bytes, Stack size 0 bytes, port.o(.emb_text))
<BR><BR>[Called By]<UL><LI><a href="#[150]">&gt;&gt;</a>&nbsp;&nbsp;&nbsp;xPortStartScheduler
</UL>

<P><STRONG><a name="[15c]"></a>__asm___6_port_c_39a90d8d__prvEnableVFP</STRONG> (Thumb, 16 bytes, Stack size 0 bytes, port.o(.emb_text))
<BR><BR>[Called By]<UL><LI><a href="#[150]">&gt;&gt;</a>&nbsp;&nbsp;&nbsp;xPortStartScheduler
</UL>

<P><STRONG><a name="[8]"></a>PendSV_Handler</STRONG> (Thumb, 88 bytes, Stack size 0 bytes, port.o(.emb_text))
<BR><BR>[Stack]<UL><LI>Max Depth = 16<LI>Call Chain = PendSV_Handler &rArr; vTaskSwitchContext
</UL>
<BR>[Calls]<UL><LI><a href="#[68]">&gt;&gt;</a>&nbsp;&nbsp;&nbsp;vTaskSwitchContext
</UL>
<BR>[Address Reference Count : 1]<UL><LI> startup_msp432p4.o(RESET)
</UL>
<P><STRONG><a name="[13f]"></a>vPortGetIPSR</STRONG> (Thumb, 6 bytes, Stack size 0 bytes, port.o(.emb_text))
<BR><BR>[Called By]<UL><LI><a href="#[13e]">&gt;&gt;</a>&nbsp;&nbsp;&nbsp;vPortValidateInterruptPriority
</UL>

<P><STRONG><a name="[f7]"></a>vRegTest1Implementation</STRONG> (Thumb, 396 bytes, Stack size 0 bytes, regtest.o(.emb_text))
<BR><BR>[Called By]<UL><LI><a href="#[37]">&gt;&gt;</a>&nbsp;&nbsp;&nbsp;prvRegTestTaskEntry1
</UL>

<P><STRONG><a name="[f9]"></a>vRegTest2Implementation</STRONG> (Thumb, 416 bytes, Stack size 0 bytes, regtest.o(.emb_text))
<BR><BR>[Called By]<UL><LI><a href="#[38]">&gt;&gt;</a>&nbsp;&nbsp;&nbsp;prvRegTestTaskEntry2
</UL>

<P><STRONG><a name="[16c]"></a>vRegTestClearFlopRegistersToParameterValue</STRONG> (Thumb, 34 bytes, Stack size 0 bytes, regtest.o(.emb_text), UNUSED)

<P><STRONG><a name="[16d]"></a>ulRegTestCheckFlopRegistersContainParameterValue</STRONG> (Thumb, 140 bytes, Stack size 0 bytes, regtest.o(.emb_text), UNUSED)

<P><STRONG><a name="[0]"></a>Reset_Handler</STRONG> (Thumb, 8 bytes, Stack size 0 bytes, startup_msp432p4.o(.text))
<BR>[Address Reference Count : 1]<UL><LI> startup_msp432p4.o(RESET)
</UL>
<P><STRONG><a name="[1]"></a>NMI_Handler</STRONG> (Thumb, 2 bytes, Stack size 0 bytes, startup_msp432p4.o(.text))
<BR><BR>[Calls]<UL><LI><a href="#[1]">&gt;&gt;</a>&nbsp;&nbsp;&nbsp;NMI_Handler
</UL>
<BR>[Called By]<UL><LI><a href="#[1]">&gt;&gt;</a>&nbsp;&nbsp;&nbsp;NMI_Handler
</UL>
<BR>[Address Reference Count : 1]<UL><LI> startup_msp432p4.o(RESET)
</UL>
<P><STRONG><a name="[2]"></a>HardFault_Handler</STRONG> (Thumb, 2 bytes, Stack size 0 bytes, startup_msp432p4.o(.text))
<BR><BR>[Calls]<UL><LI><a href="#[2]">&gt;&gt;</a>&nbsp;&nbsp;&nbsp;HardFault_Handler
</UL>
<BR>[Called By]<UL><LI><a href="#[2]">&gt;&gt;</a>&nbsp;&nbsp;&nbsp;HardFault_Handler
</UL>
<BR>[Address Reference Count : 1]<UL><LI> startup_msp432p4.o(RESET)
</UL>
<P><STRONG><a name="[3]"></a>MemManage_Handler</STRONG> (Thumb, 2 bytes, Stack size 0 bytes, startup_msp432p4.o(.text))
<BR><BR>[Calls]<UL><LI><a href="#[3]">&gt;&gt;</a>&nbsp;&nbsp;&nbsp;MemManage_Handler
</UL>
<BR>[Called By]<UL><LI><a href="#[3]">&gt;&gt;</a>&nbsp;&nbsp;&nbsp;MemManage_Handler
</UL>
<BR>[Address Reference Count : 1]<UL><LI> startup_msp432p4.o(RESET)
</UL>
<P><STRONG><a name="[4]"></a>BusFault_Handler</STRONG> (Thumb, 2 bytes, Stack size 0 bytes, startup_msp432p4.o(.text))
<BR><BR>[Calls]<UL><LI><a href="#[4]">&gt;&gt;</a>&nbsp;&nbsp;&nbsp;BusFault_Handler
</UL>
<BR>[Called By]<UL><LI><a href="#[4]">&gt;&gt;</a>&nbsp;&nbsp;&nbsp;BusFault_Handler
</UL>
<BR>[Address Reference Count : 1]<UL><LI> startup_msp432p4.o(RESET)
</UL>
<P><STRONG><a name="[5]"></a>UsageFault_Handler</STRONG> (Thumb, 2 bytes, Stack size 0 bytes, startup_msp432p4.o(.text))
<BR><BR>[Calls]<UL><LI><a href="#[5]">&gt;&gt;</a>&nbsp;&nbsp;&nbsp;UsageFault_Handler
</UL>
<BR>[Called By]<UL><LI><a href="#[5]">&gt;&gt;</a>&nbsp;&nbsp;&nbsp;UsageFault_Handler
</UL>
<BR>[Address Reference Count : 1]<UL><LI> startup_msp432p4.o(RESET)
</UL>
<P><STRONG><a name="[7]"></a>DebugMon_Handler</STRONG> (Thumb, 2 bytes, Stack size 0 bytes, startup_msp432p4.o(.text))
<BR><BR>[Calls]<UL><LI><a href="#[7]">&gt;&gt;</a>&nbsp;&nbsp;&nbsp;DebugMon_Handler
</UL>
<BR>[Called By]<UL><LI><a href="#[7]">&gt;&gt;</a>&nbsp;&nbsp;&nbsp;DebugMon_Handler
</UL>
<BR>[Address Reference Count : 1]<UL><LI> startup_msp432p4.o(RESET)
</UL>
<P><STRONG><a name="[22]"></a>ADC14_IRQHandler</STRONG> (Thumb, 0 bytes, Stack size 0 bytes, startup_msp432p4.o(.text))
<BR><BR>[Calls]<UL><LI><a href="#[22]">&gt;&gt;</a>&nbsp;&nbsp;&nbsp;ADC14_IRQHandler
</UL>
<BR>[Called By]<UL><LI><a href="#[22]">&gt;&gt;</a>&nbsp;&nbsp;&nbsp;ADC14_IRQHandler
</UL>
<BR>[Address Reference Count : 1]<UL><LI> startup_msp432p4.o(RESET)
</UL>
<P><STRONG><a name="[26]"></a>AES256_IRQHandler</STRONG> (Thumb, 0 bytes, Stack size 0 bytes, startup_msp432p4.o(.text))
<BR>[Address Reference Count : 1]<UL><LI> startup_msp432p4.o(RESET)
</UL>
<P><STRONG><a name="[10]"></a>COMP_E0_IRQHandler</STRONG> (Thumb, 0 bytes, Stack size 0 bytes, startup_msp432p4.o(.text))
<BR>[Address Reference Count : 1]<UL><LI> startup_msp432p4.o(RESET)
</UL>
<P><STRONG><a name="[11]"></a>COMP_E1_IRQHandler</STRONG> (Thumb, 0 bytes, Stack size 0 bytes, startup_msp432p4.o(.text))
<BR>[Address Reference Count : 1]<UL><LI> startup_msp432p4.o(RESET)
</UL>
<P><STRONG><a name="[b]"></a>CS_IRQHandler</STRONG> (Thumb, 0 bytes, Stack size 0 bytes, startup_msp432p4.o(.text))
<BR>[Address Reference Count : 1]<UL><LI> startup_msp432p4.o(RESET)
</UL>
<P><STRONG><a name="[28]"></a>DMA_ERR_IRQHandler</STRONG> (Thumb, 0 bytes, Stack size 0 bytes, startup_msp432p4.o(.text))
<BR>[Address Reference Count : 1]<UL><LI> startup_msp432p4.o(RESET)
</UL>
<P><STRONG><a name="[2c]"></a>DMA_INT0_IRQHandler</STRONG> (Thumb, 0 bytes, Stack size 0 bytes, startup_msp432p4.o(.text))
<BR>[Address Reference Count : 1]<UL><LI> startup_msp432p4.o(RESET)
</UL>
<P><STRONG><a name="[2b]"></a>DMA_INT1_IRQHandler</STRONG> (Thumb, 0 bytes, Stack size 0 bytes, startup_msp432p4.o(.text))
<BR>[Address Reference Count : 1]<UL><LI> startup_msp432p4.o(RESET)
</UL>
<P><STRONG><a name="[2a]"></a>DMA_INT2_IRQHandler</STRONG> (Thumb, 0 bytes, Stack size 0 bytes, startup_msp432p4.o(.text))
<BR>[Address Reference Count : 1]<UL><LI> startup_msp432p4.o(RESET)
</UL>
<P><STRONG><a name="[29]"></a>DMA_INT3_IRQHandler</STRONG> (Thumb, 0 bytes, Stack size 0 bytes, startup_msp432p4.o(.text))
<BR>[Address Reference Count : 1]<UL><LI> startup_msp432p4.o(RESET)
</UL>
<P><STRONG><a name="[16e]"></a>EUSCIA0_IRQHandler</STRONG> (Thumb, 0 bytes, Stack size 0 bytes, startup_msp432p4.o(.text), UNUSED)

<P><STRONG><a name="[1b]"></a>EUSCIA1_IRQHandler</STRONG> (Thumb, 0 bytes, Stack size 0 bytes, startup_msp432p4.o(.text))
<BR>[Address Reference Count : 1]<UL><LI> startup_msp432p4.o(RESET)
</UL>
<P><STRONG><a name="[1c]"></a>EUSCIA2_IRQHandler</STRONG> (Thumb, 0 bytes, Stack size 0 bytes, startup_msp432p4.o(.text))
<BR>[Address Reference Count : 1]<UL><LI> startup_msp432p4.o(RESET)
</UL>
<P><STRONG><a name="[1d]"></a>EUSCIA3_IRQHandler</STRONG> (Thumb, 0 bytes, Stack size 0 bytes, startup_msp432p4.o(.text))
<BR>[Address Reference Count : 1]<UL><LI> startup_msp432p4.o(RESET)
</UL>
<P><STRONG><a name="[1e]"></a>EUSCIB0_IRQHandler</STRONG> (Thumb, 0 bytes, Stack size 0 bytes, startup_msp432p4.o(.text))
<BR>[Address Reference Count : 1]<UL><LI> startup_msp432p4.o(RESET)
</UL>
<P><STRONG><a name="[1f]"></a>EUSCIB1_IRQHandler</STRONG> (Thumb, 0 bytes, Stack size 0 bytes, startup_msp432p4.o(.text))
<BR>[Address Reference Count : 1]<UL><LI> startup_msp432p4.o(RESET)
</UL>
<P><STRONG><a name="[20]"></a>EUSCIB2_IRQHandler</STRONG> (Thumb, 0 bytes, Stack size 0 bytes, startup_msp432p4.o(.text))
<BR>[Address Reference Count : 1]<UL><LI> startup_msp432p4.o(RESET)
</UL>
<P><STRONG><a name="[21]"></a>EUSCIB3_IRQHandler</STRONG> (Thumb, 0 bytes, Stack size 0 bytes, startup_msp432p4.o(.text))
<BR>[Address Reference Count : 1]<UL><LI> startup_msp432p4.o(RESET)
</UL>
<P><STRONG><a name="[f]"></a>FLCTL_IRQHandler</STRONG> (Thumb, 0 bytes, Stack size 0 bytes, startup_msp432p4.o(.text))
<BR>[Address Reference Count : 1]<UL><LI> startup_msp432p4.o(RESET)
</UL>
<P><STRONG><a name="[e]"></a>FPU_IRQHandler</STRONG> (Thumb, 0 bytes, Stack size 0 bytes, startup_msp432p4.o(.text))
<BR>[Address Reference Count : 1]<UL><LI> startup_msp432p4.o(RESET)
</UL>
<P><STRONG><a name="[c]"></a>PCM_IRQHandler</STRONG> (Thumb, 0 bytes, Stack size 0 bytes, startup_msp432p4.o(.text))
<BR>[Address Reference Count : 1]<UL><LI> startup_msp432p4.o(RESET)
</UL>
<P><STRONG><a name="[2e]"></a>PORT2_IRQHandler</STRONG> (Thumb, 0 bytes, Stack size 0 bytes, startup_msp432p4.o(.text))
<BR>[Address Reference Count : 1]<UL><LI> startup_msp432p4.o(RESET)
</UL>
<P><STRONG><a name="[2f]"></a>PORT3_IRQHandler</STRONG> (Thumb, 0 bytes, Stack size 0 bytes, startup_msp432p4.o(.text))
<BR>[Address Reference Count : 1]<UL><LI> startup_msp432p4.o(RESET)
</UL>
<P><STRONG><a name="[30]"></a>PORT4_IRQHandler</STRONG> (Thumb, 0 bytes, Stack size 0 bytes, startup_msp432p4.o(.text))
<BR>[Address Reference Count : 1]<UL><LI> startup_msp432p4.o(RESET)
</UL>
<P><STRONG><a name="[31]"></a>PORT5_IRQHandler</STRONG> (Thumb, 0 bytes, Stack size 0 bytes, startup_msp432p4.o(.text))
<BR>[Address Reference Count : 1]<UL><LI> startup_msp432p4.o(RESET)
</UL>
<P><STRONG><a name="[32]"></a>PORT6_IRQHandler</STRONG> (Thumb, 0 bytes, Stack size 0 bytes, startup_msp432p4.o(.text))
<BR>[Address Reference Count : 1]<UL><LI> startup_msp432p4.o(RESET)
</UL>
<P><STRONG><a name="[a]"></a>PSS_IRQHandler</STRONG> (Thumb, 0 bytes, Stack size 0 bytes, startup_msp432p4.o(.text))
<BR>[Address Reference Count : 1]<UL><LI> startup_msp432p4.o(RESET)
</UL>
<P><STRONG><a name="[27]"></a>RTC_C_IRQHandler</STRONG> (Thumb, 0 bytes, Stack size 0 bytes, startup_msp432p4.o(.text))
<BR>[Address Reference Count : 1]<UL><LI> startup_msp432p4.o(RESET)
</UL>
<P><STRONG><a name="[16f]"></a>T32_INT1_IRQHandler</STRONG> (Thumb, 0 bytes, Stack size 0 bytes, startup_msp432p4.o(.text), UNUSED)

<P><STRONG><a name="[170]"></a>T32_INT2_IRQHandler</STRONG> (Thumb, 0 bytes, Stack size 0 bytes, startup_msp432p4.o(.text), UNUSED)

<P><STRONG><a name="[25]"></a>T32_INTC_IRQHandler</STRONG> (Thumb, 0 bytes, Stack size 0 bytes, startup_msp432p4.o(.text))
<BR>[Address Reference Count : 1]<UL><LI> startup_msp432p4.o(RESET)
</UL>
<P><STRONG><a name="[12]"></a>TA0_0_IRQHandler</STRONG> (Thumb, 0 bytes, Stack size 0 bytes, startup_msp432p4.o(.text))
<BR>[Address Reference Count : 1]<UL><LI> startup_msp432p4.o(RESET)
</UL>
<P><STRONG><a name="[13]"></a>TA0_N_IRQHandler</STRONG> (Thumb, 0 bytes, Stack size 0 bytes, startup_msp432p4.o(.text))
<BR>[Address Reference Count : 1]<UL><LI> startup_msp432p4.o(RESET)
</UL>
<P><STRONG><a name="[14]"></a>TA1_0_IRQHandler</STRONG> (Thumb, 0 bytes, Stack size 0 bytes, startup_msp432p4.o(.text))
<BR>[Address Reference Count : 1]<UL><LI> startup_msp432p4.o(RESET)
</UL>
<P><STRONG><a name="[15]"></a>TA1_N_IRQHandler</STRONG> (Thumb, 0 bytes, Stack size 0 bytes, startup_msp432p4.o(.text))
<BR>[Address Reference Count : 1]<UL><LI> startup_msp432p4.o(RESET)
</UL>
<P><STRONG><a name="[16]"></a>TA2_0_IRQHandler</STRONG> (Thumb, 0 bytes, Stack size 0 bytes, startup_msp432p4.o(.text))
<BR>[Address Reference Count : 1]<UL><LI> startup_msp432p4.o(RESET)
</UL>
<P><STRONG><a name="[17]"></a>TA2_N_IRQHandler</STRONG> (Thumb, 0 bytes, Stack size 0 bytes, startup_msp432p4.o(.text))
<BR>[Address Reference Count : 1]<UL><LI> startup_msp432p4.o(RESET)
</UL>
<P><STRONG><a name="[18]"></a>TA3_0_IRQHandler</STRONG> (Thumb, 0 bytes, Stack size 0 bytes, startup_msp432p4.o(.text))
<BR>[Address Reference Count : 1]<UL><LI> startup_msp432p4.o(RESET)
</UL>
<P><STRONG><a name="[19]"></a>TA3_N_IRQHandler</STRONG> (Thumb, 0 bytes, Stack size 0 bytes, startup_msp432p4.o(.text))
<BR>[Address Reference Count : 1]<UL><LI> startup_msp432p4.o(RESET)
</UL>
<P><STRONG><a name="[d]"></a>WDT_A_IRQHandler</STRONG> (Thumb, 0 bytes, Stack size 0 bytes, startup_msp432p4.o(.text))
<BR>[Address Reference Count : 1]<UL><LI> startup_msp432p4.o(RESET)
</UL>
<P><STRONG><a name="[c3]"></a>__aeabi_memcpy</STRONG> (Thumb, 36 bytes, Stack size 0 bytes, memcpya.o(.text))
<BR><BR>[Called By]<UL><LI><a href="#[c4]">&gt;&gt;</a>&nbsp;&nbsp;&nbsp;prvCopyDataToQueue
<LI><a href="#[c2]">&gt;&gt;</a>&nbsp;&nbsp;&nbsp;prvCopyDataFromQueue
</UL>

<P><STRONG><a name="[171]"></a>__aeabi_memcpy4</STRONG> (Thumb, 0 bytes, Stack size 0 bytes, memcpya.o(.text), UNUSED)

<P><STRONG><a name="[172]"></a>__aeabi_memcpy8</STRONG> (Thumb, 0 bytes, Stack size 0 bytes, memcpya.o(.text), UNUSED)

<P><STRONG><a name="[6a]"></a>__aeabi_memset</STRONG> (Thumb, 14 bytes, Stack size 0 bytes, memseta.o(.text))
<BR><BR>[Called By]<UL><LI><a href="#[d6]">&gt;&gt;</a>&nbsp;&nbsp;&nbsp;prvInitialiseNewTask
<LI><a href="#[6b]">&gt;&gt;</a>&nbsp;&nbsp;&nbsp;_memset$wrapper
<LI><a href="#[69]">&gt;&gt;</a>&nbsp;&nbsp;&nbsp;__aeabi_memclr
</UL>

<P><STRONG><a name="[173]"></a>__aeabi_memset4</STRONG> (Thumb, 0 bytes, Stack size 0 bytes, memseta.o(.text), UNUSED)

<P><STRONG><a name="[174]"></a>__aeabi_memset8</STRONG> (Thumb, 0 bytes, Stack size 0 bytes, memseta.o(.text), UNUSED)

<P><STRONG><a name="[69]"></a>__aeabi_memclr</STRONG> (Thumb, 4 bytes, Stack size 0 bytes, memseta.o(.text))
<BR><BR>[Calls]<UL><LI><a href="#[6a]">&gt;&gt;</a>&nbsp;&nbsp;&nbsp;__aeabi_memset
</UL>
<BR>[Called By]<UL><LI><a href="#[49]">&gt;&gt;</a>&nbsp;&nbsp;&nbsp;prvHigherPriorityNormallyEmptyTask
<LI><a href="#[4b]">&gt;&gt;</a>&nbsp;&nbsp;&nbsp;prv1stHigherPriorityNormallyFullTask
<LI><a href="#[5d]">&gt;&gt;</a>&nbsp;&nbsp;&nbsp;prvUARTCommandConsoleTask
<LI><a href="#[63]">&gt;&gt;</a>&nbsp;&nbsp;&nbsp;prvThreeParameterEchoCommand
<LI><a href="#[64]">&gt;&gt;</a>&nbsp;&nbsp;&nbsp;prvParameterEchoCommand
</UL>

<P><STRONG><a name="[143]"></a>__aeabi_memclr4</STRONG> (Thumb, 0 bytes, Stack size 0 bytes, memseta.o(.text))
<BR><BR>[Called By]<UL><LI><a href="#[94]">&gt;&gt;</a>&nbsp;&nbsp;&nbsp;vStartTimerDemoTask
</UL>

<P><STRONG><a name="[175]"></a>__aeabi_memclr8</STRONG> (Thumb, 0 bytes, Stack size 0 bytes, memseta.o(.text), UNUSED)

<P><STRONG><a name="[6b]"></a>_memset$wrapper</STRONG> (Thumb, 18 bytes, Stack size 8 bytes, memseta.o(.text), UNUSED)
<BR><BR>[Calls]<UL><LI><a href="#[6a]">&gt;&gt;</a>&nbsp;&nbsp;&nbsp;__aeabi_memset
</UL>

<P><STRONG><a name="[76]"></a>strncpy</STRONG> (Thumb, 24 bytes, Stack size 8 bytes, strncpy.o(.text))
<BR><BR>[Stack]<UL><LI>Max Depth = 8<LI>Call Chain = strncpy
</UL>
<BR>[Called By]<UL><LI><a href="#[72]">&gt;&gt;</a>&nbsp;&nbsp;&nbsp;FreeRTOS_CLIProcessCommand
<LI><a href="#[61]">&gt;&gt;</a>&nbsp;&nbsp;&nbsp;prvHelpCommand
</UL>

<P><STRONG><a name="[73]"></a>strlen</STRONG> (Thumb, 14 bytes, Stack size 0 bytes, strlen.o(.text))
<BR><BR>[Called By]<UL><LI><a href="#[10d]">&gt;&gt;</a>&nbsp;&nbsp;&nbsp;vTaskList
<LI><a href="#[fd]">&gt;&gt;</a>&nbsp;&nbsp;&nbsp;vTaskGetRunTimeStats
<LI><a href="#[11f]">&gt;&gt;</a>&nbsp;&nbsp;&nbsp;prvWriteNameToBuffer
<LI><a href="#[5d]">&gt;&gt;</a>&nbsp;&nbsp;&nbsp;prvUARTCommandConsoleTask
<LI><a href="#[62]">&gt;&gt;</a>&nbsp;&nbsp;&nbsp;prvTaskStatsCommand
<LI><a href="#[65]">&gt;&gt;</a>&nbsp;&nbsp;&nbsp;prvRunTimeStatsCommand
<LI><a href="#[72]">&gt;&gt;</a>&nbsp;&nbsp;&nbsp;FreeRTOS_CLIProcessCommand
</UL>

<P><STRONG><a name="[110]"></a>strcmp</STRONG> (Thumb, 28 bytes, Stack size 8 bytes, strcmp.o(.text))
<BR><BR>[Stack]<UL><LI>Max Depth = 8<LI>Call Chain = strcmp
</UL>
<BR>[Called By]<UL><LI><a href="#[10e]">&gt;&gt;</a>&nbsp;&nbsp;&nbsp;prvTest1_CreateTimersWithoutSchedulerRunning
</UL>

<P><STRONG><a name="[ec]"></a>strncat</STRONG> (Thumb, 40 bytes, Stack size 8 bytes, strncat.o(.text))
<BR><BR>[Stack]<UL><LI>Max Depth = 8<LI>Call Chain = strncat
</UL>
<BR>[Called By]<UL><LI><a href="#[63]">&gt;&gt;</a>&nbsp;&nbsp;&nbsp;prvThreeParameterEchoCommand
<LI><a href="#[64]">&gt;&gt;</a>&nbsp;&nbsp;&nbsp;prvParameterEchoCommand
</UL>

<P><STRONG><a name="[fc]"></a>strcpy</STRONG> (Thumb, 18 bytes, Stack size 0 bytes, strcpy.o(.text))
<BR><BR>[Called By]<UL><LI><a href="#[11f]">&gt;&gt;</a>&nbsp;&nbsp;&nbsp;prvWriteNameToBuffer
<LI><a href="#[5d]">&gt;&gt;</a>&nbsp;&nbsp;&nbsp;prvUARTCommandConsoleTask
<LI><a href="#[62]">&gt;&gt;</a>&nbsp;&nbsp;&nbsp;prvTaskStatsCommand
<LI><a href="#[65]">&gt;&gt;</a>&nbsp;&nbsp;&nbsp;prvRunTimeStatsCommand
</UL>

<P><STRONG><a name="[74]"></a>strncmp</STRONG> (Thumb, 30 bytes, Stack size 12 bytes, strncmp.o(.text))
<BR><BR>[Stack]<UL><LI>Max Depth = 12<LI>Call Chain = strncmp
</UL>
<BR>[Called By]<UL><LI><a href="#[72]">&gt;&gt;</a>&nbsp;&nbsp;&nbsp;FreeRTOS_CLIProcessCommand
</UL>

<P><STRONG><a name="[12b]"></a>__aeabi_f2d</STRONG> (Thumb, 38 bytes, Stack size 0 bytes, f2d.o(.text))
<BR><BR>[Called By]<UL><LI><a href="#[54]">&gt;&gt;</a>&nbsp;&nbsp;&nbsp;vCompetingMathTask4
<LI><a href="#[53]">&gt;&gt;</a>&nbsp;&nbsp;&nbsp;vCompetingMathTask3
<LI><a href="#[52]">&gt;&gt;</a>&nbsp;&nbsp;&nbsp;vCompetingMathTask2
<LI><a href="#[51]">&gt;&gt;</a>&nbsp;&nbsp;&nbsp;vCompetingMathTask1
</UL>

<P><STRONG><a name="[12d]"></a>__aeabi_cdrcmple</STRONG> (Thumb, 48 bytes, Stack size 0 bytes, cdrcmple.o(.text))
<BR><BR>[Called By]<UL><LI><a href="#[54]">&gt;&gt;</a>&nbsp;&nbsp;&nbsp;vCompetingMathTask4
<LI><a href="#[53]">&gt;&gt;</a>&nbsp;&nbsp;&nbsp;vCompetingMathTask3
<LI><a href="#[52]">&gt;&gt;</a>&nbsp;&nbsp;&nbsp;vCompetingMathTask2
<LI><a href="#[51]">&gt;&gt;</a>&nbsp;&nbsp;&nbsp;vCompetingMathTask1
</UL>

<P><STRONG><a name="[176]"></a>__aeabi_uidiv</STRONG> (Thumb, 0 bytes, Stack size 12 bytes, uidiv.o(.text), UNUSED)

<P><STRONG><a name="[89]"></a>__aeabi_uidivmod</STRONG> (Thumb, 44 bytes, Stack size 12 bytes, uidiv.o(.text), UNUSED)
<BR><BR>[Called By]<UL><LI><a href="#[88]">&gt;&gt;</a>&nbsp;&nbsp;&nbsp;_printf_core
</UL>

<P><STRONG><a name="[177]"></a>__I$use$fp</STRONG> (Thumb, 0 bytes, Stack size 0 bytes, iusefp.o(.text), UNUSED)

<P><STRONG><a name="[67]"></a>__scatterload</STRONG> (Thumb, 28 bytes, Stack size 0 bytes, init.o(.text))
<BR><BR>[Calls]<UL><LI><a href="#[6c]">&gt;&gt;</a>&nbsp;&nbsp;&nbsp;__main_after_scatterload
</UL>
<BR>[Called By]<UL><LI><a href="#[66]">&gt;&gt;</a>&nbsp;&nbsp;&nbsp;_main_scatterload
</UL>

<P><STRONG><a name="[178]"></a>__scatterload_rt2</STRONG> (Thumb, 0 bytes, Stack size 0 bytes, init.o(.text), UNUSED)

<P><STRONG><a name="[179]"></a>__decompress</STRONG> (Thumb, 0 bytes, Stack size unknown bytes, __dczerorl2.o(.text), UNUSED)

<P><STRONG><a name="[17a]"></a>__decompress1</STRONG> (Thumb, 86 bytes, Stack size unknown bytes, __dczerorl2.o(.text), UNUSED)

<P><STRONG><a name="[86]"></a>CS_clearInterruptFlag</STRONG> (Thumb, 30 bytes, Stack size 0 bytes, cs.o(i.CS_clearInterruptFlag))
<BR><BR>[Called By]<UL><LI><a href="#[71]">&gt;&gt;</a>&nbsp;&nbsp;&nbsp;_CSComputeCLKFrequency
</UL>

<P><STRONG><a name="[6d]"></a>CS_getDCOFrequency</STRONG> (Thumb, 318 bytes, Stack size 40 bytes, cs.o(i.CS_getDCOFrequency))
<BR><BR>[Stack]<UL><LI>Max Depth = 56<LI>Call Chain = CS_getDCOFrequency &rArr; SysCtl_getTLVInfo
</UL>
<BR>[Calls]<UL><LI><a href="#[6f]">&gt;&gt;</a>&nbsp;&nbsp;&nbsp;SysCtl_getTLVInfo
<LI><a href="#[6e]">&gt;&gt;</a>&nbsp;&nbsp;&nbsp;_CSGetDOCFrequency
</UL>
<BR>[Called By]<UL><LI><a href="#[71]">&gt;&gt;</a>&nbsp;&nbsp;&nbsp;_CSComputeCLKFrequency
</UL>

<P><STRONG><a name="[70]"></a>CS_getMCLK</STRONG> (Thumb, 30 bytes, Stack size 16 bytes, cs.o(i.CS_getMCLK))
<BR><BR>[Stack]<UL><LI>Max Depth = 88<LI>Call Chain = CS_getMCLK &rArr; _CSComputeCLKFrequency &rArr; CS_getDCOFrequency &rArr; SysCtl_getTLVInfo
</UL>
<BR>[Calls]<UL><LI><a href="#[71]">&gt;&gt;</a>&nbsp;&nbsp;&nbsp;_CSComputeCLKFrequency
</UL>
<BR>[Called By]<UL><LI><a href="#[13a]">&gt;&gt;</a>&nbsp;&nbsp;&nbsp;vPortSetupTimerInterrupt
<LI><a href="#[cb]">&gt;&gt;</a>&nbsp;&nbsp;&nbsp;vInitialiseTimerForIntQueueTest
</UL>

<P><STRONG><a name="[c1]"></a>CS_initClockSignal</STRONG> (Thumb, 290 bytes, Stack size 12 bytes, cs.o(i.CS_initClockSignal))
<BR><BR>[Stack]<UL><LI>Max Depth = 12<LI>Call Chain = CS_initClockSignal
</UL>
<BR>[Called By]<UL><LI><a href="#[8d]">&gt;&gt;</a>&nbsp;&nbsp;&nbsp;prvConfigureClocks
</UL>

<P><STRONG><a name="[c0]"></a>CS_setDCOCenteredFrequency</STRONG> (Thumb, 30 bytes, Stack size 0 bytes, cs.o(i.CS_setDCOCenteredFrequency))
<BR><BR>[Called By]<UL><LI><a href="#[8d]">&gt;&gt;</a>&nbsp;&nbsp;&nbsp;prvConfigureClocks
</UL>

<P><STRONG><a name="[105]"></a>FPU_enableModule</STRONG> (Thumb, 14 bytes, Stack size 0 bytes, fpu.o(i.FPU_enableModule))
<BR><BR>[Called By]<UL><LI><a href="#[8b]">&gt;&gt;</a>&nbsp;&nbsp;&nbsp;prvSetupHardware
</UL>

<P><STRONG><a name="[bf]"></a>FlashCtl_setWaitState</STRONG> (Thumb, 42 bytes, Stack size 0 bytes, flash.o(i.FlashCtl_setWaitState))
<BR><BR>[Called By]<UL><LI><a href="#[8d]">&gt;&gt;</a>&nbsp;&nbsp;&nbsp;prvConfigureClocks
</UL>

<P><STRONG><a name="[118]"></a>FreeRTOS_CLIGetOutputBuffer</STRONG> (Thumb, 4 bytes, Stack size 0 bytes, freertos_cli.o(i.FreeRTOS_CLIGetOutputBuffer))
<BR><BR>[Called By]<UL><LI><a href="#[5d]">&gt;&gt;</a>&nbsp;&nbsp;&nbsp;prvUARTCommandConsoleTask
</UL>

<P><STRONG><a name="[eb]"></a>FreeRTOS_CLIGetParameter</STRONG> (Thumb, 92 bytes, Stack size 12 bytes, freertos_cli.o(i.FreeRTOS_CLIGetParameter))
<BR><BR>[Stack]<UL><LI>Max Depth = 12<LI>Call Chain = FreeRTOS_CLIGetParameter
</UL>
<BR>[Called By]<UL><LI><a href="#[63]">&gt;&gt;</a>&nbsp;&nbsp;&nbsp;prvThreeParameterEchoCommand
<LI><a href="#[64]">&gt;&gt;</a>&nbsp;&nbsp;&nbsp;prvParameterEchoCommand
</UL>

<P><STRONG><a name="[72]"></a>FreeRTOS_CLIProcessCommand</STRONG> (Thumb, 200 bytes, Stack size 32 bytes, freertos_cli.o(i.FreeRTOS_CLIProcessCommand))
<BR><BR>[Stack]<UL><LI>Max Depth = 44<LI>Call Chain = FreeRTOS_CLIProcessCommand &rArr; strncmp
</UL>
<BR>[Calls]<UL><LI><a href="#[75]">&gt;&gt;</a>&nbsp;&nbsp;&nbsp;prvGetNumberOfParameters
<LI><a href="#[74]">&gt;&gt;</a>&nbsp;&nbsp;&nbsp;strncmp
<LI><a href="#[73]">&gt;&gt;</a>&nbsp;&nbsp;&nbsp;strlen
<LI><a href="#[76]">&gt;&gt;</a>&nbsp;&nbsp;&nbsp;strncpy
</UL>
<BR>[Called By]<UL><LI><a href="#[5d]">&gt;&gt;</a>&nbsp;&nbsp;&nbsp;prvUARTCommandConsoleTask
</UL>

<P><STRONG><a name="[77]"></a>FreeRTOS_CLIRegisterCommand</STRONG> (Thumb, 94 bytes, Stack size 16 bytes, freertos_cli.o(i.FreeRTOS_CLIRegisterCommand))
<BR><BR>[Stack]<UL><LI>Max Depth = 56<LI>Call Chain = FreeRTOS_CLIRegisterCommand &rArr; pvPortMalloc &rArr; xTaskResumeAll &rArr;  xTaskIncrementTick (Cycle)
</UL>
<BR>[Calls]<UL><LI><a href="#[7a]">&gt;&gt;</a>&nbsp;&nbsp;&nbsp;vPortExitCritical
<LI><a href="#[79]">&gt;&gt;</a>&nbsp;&nbsp;&nbsp;vPortEnterCritical
<LI><a href="#[78]">&gt;&gt;</a>&nbsp;&nbsp;&nbsp;pvPortMalloc
</UL>
<BR>[Called By]<UL><LI><a href="#[9a]">&gt;&gt;</a>&nbsp;&nbsp;&nbsp;vRegisterSampleCLICommands
</UL>

<P><STRONG><a name="[108]"></a>GPIO_setAsOutputPin</STRONG> (Thumb, 28 bytes, Stack size 0 bytes, gpio.o(i.GPIO_setAsOutputPin))
<BR><BR>[Called By]<UL><LI><a href="#[8b]">&gt;&gt;</a>&nbsp;&nbsp;&nbsp;prvSetupHardware
</UL>

<P><STRONG><a name="[106]"></a>GPIO_setAsPeripheralModuleFunctionInputPin</STRONG> (Thumb, 76 bytes, Stack size 8 bytes, gpio.o(i.GPIO_setAsPeripheralModuleFunctionInputPin))
<BR><BR>[Stack]<UL><LI>Max Depth = 8<LI>Call Chain = GPIO_setAsPeripheralModuleFunctionInputPin
</UL>
<BR>[Called By]<UL><LI><a href="#[8b]">&gt;&gt;</a>&nbsp;&nbsp;&nbsp;prvSetupHardware
</UL>

<P><STRONG><a name="[107]"></a>GPIO_setOutputLowOnPin</STRONG> (Thumb, 14 bytes, Stack size 0 bytes, gpio.o(i.GPIO_setOutputLowOnPin))
<BR><BR>[Called By]<UL><LI><a href="#[8b]">&gt;&gt;</a>&nbsp;&nbsp;&nbsp;prvSetupHardware
</UL>

<P><STRONG><a name="[bc]"></a>GPIO_toggleOutputOnPin</STRONG> (Thumb, 14 bytes, Stack size 0 bytes, gpio.o(i.GPIO_toggleOutputOnPin))
<BR><BR>[Called By]<UL><LI><a href="#[39]">&gt;&gt;</a>&nbsp;&nbsp;&nbsp;prvCheckTask
</UL>

<P><STRONG><a name="[134]"></a>Interrupt_enableInterrupt</STRONG> (Thumb, 108 bytes, Stack size 0 bytes, interrupt.o(i.Interrupt_enableInterrupt))
<BR><BR>[Called By]<UL><LI><a href="#[8e]">&gt;&gt;</a>&nbsp;&nbsp;&nbsp;xSerialPortInitMinimal
<LI><a href="#[cb]">&gt;&gt;</a>&nbsp;&nbsp;&nbsp;vInitialiseTimerForIntQueueTest
</UL>

<P><STRONG><a name="[133]"></a>Interrupt_setPriority</STRONG> (Thumb, 46 bytes, Stack size 8 bytes, interrupt.o(i.Interrupt_setPriority))
<BR><BR>[Stack]<UL><LI>Max Depth = 8<LI>Call Chain = Interrupt_setPriority
</UL>
<BR>[Called By]<UL><LI><a href="#[8e]">&gt;&gt;</a>&nbsp;&nbsp;&nbsp;xSerialPortInitMinimal
<LI><a href="#[cb]">&gt;&gt;</a>&nbsp;&nbsp;&nbsp;vInitialiseTimerForIntQueueTest
</UL>

<P><STRONG><a name="[7b]"></a>PCM_getCoreVoltageLevel</STRONG> (Thumb, 98 bytes, Stack size 4 bytes, pcm.o(i.PCM_getCoreVoltageLevel))
<BR><BR>[Stack]<UL><LI>Max Depth = 4<LI>Call Chain = PCM_getCoreVoltageLevel
</UL>
<BR>[Calls]<UL><LI><a href="#[7c]">&gt;&gt;</a>&nbsp;&nbsp;&nbsp;PCM_getPowerState
</UL>
<BR>[Called By]<UL><LI><a href="#[7f]">&gt;&gt;</a>&nbsp;&nbsp;&nbsp;__PCM_setCoreVoltageLevelAdvanced
</UL>

<P><STRONG><a name="[7d]"></a>PCM_getPowerMode</STRONG> (Thumb, 88 bytes, Stack size 4 bytes, pcm.o(i.PCM_getPowerMode))
<BR><BR>[Stack]<UL><LI>Max Depth = 4<LI>Call Chain = PCM_getPowerMode
</UL>
<BR>[Calls]<UL><LI><a href="#[7c]">&gt;&gt;</a>&nbsp;&nbsp;&nbsp;PCM_getPowerState
</UL>
<BR>[Called By]<UL><LI><a href="#[81]">&gt;&gt;</a>&nbsp;&nbsp;&nbsp;__PCM_setPowerModeAdvanced
<LI><a href="#[7f]">&gt;&gt;</a>&nbsp;&nbsp;&nbsp;__PCM_setCoreVoltageLevelAdvanced
</UL>

<P><STRONG><a name="[7c]"></a>PCM_getPowerState</STRONG> (Thumb, 8 bytes, Stack size 0 bytes, pcm.o(i.PCM_getPowerState))
<BR><BR>[Called By]<UL><LI><a href="#[7d]">&gt;&gt;</a>&nbsp;&nbsp;&nbsp;PCM_getPowerMode
<LI><a href="#[7b]">&gt;&gt;</a>&nbsp;&nbsp;&nbsp;PCM_getCoreVoltageLevel
<LI><a href="#[81]">&gt;&gt;</a>&nbsp;&nbsp;&nbsp;__PCM_setPowerModeAdvanced
<LI><a href="#[7f]">&gt;&gt;</a>&nbsp;&nbsp;&nbsp;__PCM_setCoreVoltageLevelAdvanced
</UL>

<P><STRONG><a name="[7e]"></a>PCM_setCoreVoltageLevel</STRONG> (Thumb, 16 bytes, Stack size 8 bytes, pcm.o(i.PCM_setCoreVoltageLevel))
<BR><BR>[Stack]<UL><LI>Max Depth = 80<LI>Call Chain = PCM_setCoreVoltageLevel &rArr; __PCM_setCoreVoltageLevelAdvanced &rArr; PCM_setPowerMode &rArr; __PCM_setPowerModeAdvanced &rArr; PCM_getPowerMode
</UL>
<BR>[Calls]<UL><LI><a href="#[7f]">&gt;&gt;</a>&nbsp;&nbsp;&nbsp;__PCM_setCoreVoltageLevelAdvanced
</UL>
<BR>[Called By]<UL><LI><a href="#[8d]">&gt;&gt;</a>&nbsp;&nbsp;&nbsp;prvConfigureClocks
</UL>

<P><STRONG><a name="[80]"></a>PCM_setPowerMode</STRONG> (Thumb, 16 bytes, Stack size 8 bytes, pcm.o(i.PCM_setPowerMode))
<BR><BR>[Stack]<UL><LI>Max Depth = 40<LI>Call Chain = PCM_setPowerMode &rArr; __PCM_setPowerModeAdvanced &rArr; PCM_getPowerMode
</UL>
<BR>[Calls]<UL><LI><a href="#[81]">&gt;&gt;</a>&nbsp;&nbsp;&nbsp;__PCM_setPowerModeAdvanced
</UL>
<BR>[Called By]<UL><LI><a href="#[7f]">&gt;&gt;</a>&nbsp;&nbsp;&nbsp;__PCM_setCoreVoltageLevelAdvanced
</UL>

<P><STRONG><a name="[2d]"></a>PORT1_IRQHandler</STRONG> (Thumb, 16 bytes, Stack size 0 bytes, main_blinky.o(i.PORT1_IRQHandler))
<BR>[Address Reference Count : 1]<UL><LI> startup_msp432p4.o(RESET)
</UL>
<P><STRONG><a name="[6f]"></a>SysCtl_getTLVInfo</STRONG> (Thumb, 72 bytes, Stack size 16 bytes, sysctl.o(i.SysCtl_getTLVInfo))
<BR><BR>[Stack]<UL><LI>Max Depth = 16<LI>Call Chain = SysCtl_getTLVInfo
</UL>
<BR>[Called By]<UL><LI><a href="#[6d]">&gt;&gt;</a>&nbsp;&nbsp;&nbsp;CS_getDCOFrequency
</UL>

<P><STRONG><a name="[9]"></a>SysTick_Handler</STRONG> (Thumb, 46 bytes, Stack size 8 bytes, port.o(i.SysTick_Handler))
<BR><BR>[Stack]<UL><LI>Max Depth = 216<LI>Call Chain = SysTick_Handler &rArr; xTaskIncrementTick &rArr; vApplicationTickHook &rArr; vPeriodicEventGroupsProcessing &rArr; xEventGroupSetBitsFromISR &rArr; xTimerPendFunctionCallFromISR &rArr; xQueueGenericSendFromISR &rArr; prvCopyDataToQueue &rArr; xTaskPriorityDisinherit
</UL>
<BR>[Calls]<UL><LI><a href="#[82]">&gt;&gt;</a>&nbsp;&nbsp;&nbsp;xTaskIncrementTick
</UL>
<BR>[Address Reference Count : 1]<UL><LI> startup_msp432p4.o(RESET)
</UL>
<P><STRONG><a name="[34]"></a>SystemInit</STRONG> (Thumb, 118 bytes, Stack size 0 bytes, system_msp432p401r.o(i.SystemInit))
<BR>[Address Reference Count : 1]<UL><LI> startup_msp432p4.o(.text)
</UL>
<P><STRONG><a name="[144]"></a>Timer32_clearInterruptFlag</STRONG> (Thumb, 10 bytes, Stack size 0 bytes, timer32.o(i.Timer32_clearInterruptFlag))
<BR><BR>[Called By]<UL><LI><a href="#[24]">&gt;&gt;</a>&nbsp;&nbsp;&nbsp;vT32_1_Handler
<LI><a href="#[23]">&gt;&gt;</a>&nbsp;&nbsp;&nbsp;vT32_0_Handler
</UL>

<P><STRONG><a name="[131]"></a>Timer32_enableInterrupt</STRONG> (Thumb, 10 bytes, Stack size 0 bytes, timer32.o(i.Timer32_enableInterrupt))
<BR><BR>[Called By]<UL><LI><a href="#[cb]">&gt;&gt;</a>&nbsp;&nbsp;&nbsp;vInitialiseTimerForIntQueueTest
</UL>

<P><STRONG><a name="[12f]"></a>Timer32_initModule</STRONG> (Thumb, 94 bytes, Stack size 16 bytes, timer32.o(i.Timer32_initModule))
<BR><BR>[Stack]<UL><LI>Max Depth = 16<LI>Call Chain = Timer32_initModule
</UL>
<BR>[Called By]<UL><LI><a href="#[cb]">&gt;&gt;</a>&nbsp;&nbsp;&nbsp;vInitialiseTimerForIntQueueTest
</UL>

<P><STRONG><a name="[130]"></a>Timer32_setCount</STRONG> (Thumb, 34 bytes, Stack size 0 bytes, timer32.o(i.Timer32_setCount))
<BR><BR>[Called By]<UL><LI><a href="#[cb]">&gt;&gt;</a>&nbsp;&nbsp;&nbsp;vInitialiseTimerForIntQueueTest
</UL>

<P><STRONG><a name="[132]"></a>Timer32_startTimer</STRONG> (Thumb, 48 bytes, Stack size 8 bytes, timer32.o(i.Timer32_startTimer))
<BR><BR>[Stack]<UL><LI>Max Depth = 8<LI>Call Chain = Timer32_startTimer
</UL>
<BR>[Called By]<UL><LI><a href="#[cb]">&gt;&gt;</a>&nbsp;&nbsp;&nbsp;vInitialiseTimerForIntQueueTest
</UL>

<P><STRONG><a name="[165]"></a>UART_clearInterruptFlag</STRONG> (Thumb, 8 bytes, Stack size 0 bytes, uart.o(i.UART_clearInterruptFlag))
<BR><BR>[Called By]<UL><LI><a href="#[8e]">&gt;&gt;</a>&nbsp;&nbsp;&nbsp;xSerialPortInitMinimal
</UL>

<P><STRONG><a name="[154]"></a>UART_disableInterrupt</STRONG> (Thumb, 22 bytes, Stack size 0 bytes, uart.o(i.UART_disableInterrupt))
<BR><BR>[Called By]<UL><LI><a href="#[1a]">&gt;&gt;</a>&nbsp;&nbsp;&nbsp;vUART_Handler
</UL>

<P><STRONG><a name="[141]"></a>UART_enableInterrupt</STRONG> (Thumb, 22 bytes, Stack size 0 bytes, uart.o(i.UART_enableInterrupt))
<BR><BR>[Called By]<UL><LI><a href="#[11b]">&gt;&gt;</a>&nbsp;&nbsp;&nbsp;xSerialPutChar
<LI><a href="#[119]">&gt;&gt;</a>&nbsp;&nbsp;&nbsp;vSerialPutString
<LI><a href="#[8e]">&gt;&gt;</a>&nbsp;&nbsp;&nbsp;xSerialPortInitMinimal
</UL>

<P><STRONG><a name="[164]"></a>UART_enableModule</STRONG> (Thumb, 14 bytes, Stack size 0 bytes, uart.o(i.UART_enableModule))
<BR><BR>[Called By]<UL><LI><a href="#[8e]">&gt;&gt;</a>&nbsp;&nbsp;&nbsp;xSerialPortInitMinimal
</UL>

<P><STRONG><a name="[83]"></a>UART_getEnabledInterruptStatus</STRONG> (Thumb, 62 bytes, Stack size 12 bytes, uart.o(i.UART_getEnabledInterruptStatus))
<BR><BR>[Stack]<UL><LI>Max Depth = 12<LI>Call Chain = UART_getEnabledInterruptStatus
</UL>
<BR>[Calls]<UL><LI><a href="#[84]">&gt;&gt;</a>&nbsp;&nbsp;&nbsp;UART_getInterruptStatus
</UL>
<BR>[Called By]<UL><LI><a href="#[1a]">&gt;&gt;</a>&nbsp;&nbsp;&nbsp;vUART_Handler
</UL>

<P><STRONG><a name="[84]"></a>UART_getInterruptStatus</STRONG> (Thumb, 8 bytes, Stack size 0 bytes, uart.o(i.UART_getInterruptStatus))
<BR><BR>[Called By]<UL><LI><a href="#[83]">&gt;&gt;</a>&nbsp;&nbsp;&nbsp;UART_getEnabledInterruptStatus
</UL>

<P><STRONG><a name="[163]"></a>UART_initModule</STRONG> (Thumb, 212 bytes, Stack size 12 bytes, uart.o(i.UART_initModule))
<BR><BR>[Stack]<UL><LI>Max Depth = 12<LI>Call Chain = UART_initModule
</UL>
<BR>[Called By]<UL><LI><a href="#[8e]">&gt;&gt;</a>&nbsp;&nbsp;&nbsp;xSerialPortInitMinimal
</UL>

<P><STRONG><a name="[152]"></a>UART_receiveData</STRONG> (Thumb, 44 bytes, Stack size 0 bytes, uart.o(i.UART_receiveData))
<BR><BR>[Called By]<UL><LI><a href="#[1a]">&gt;&gt;</a>&nbsp;&nbsp;&nbsp;vUART_Handler
</UL>

<P><STRONG><a name="[104]"></a>WDT_A_holdTimer</STRONG> (Thumb, 20 bytes, Stack size 0 bytes, wdt_a.o(i.WDT_A_holdTimer))
<BR><BR>[Called By]<UL><LI><a href="#[8b]">&gt;&gt;</a>&nbsp;&nbsp;&nbsp;prvSetupHardware
</UL>

<P><STRONG><a name="[87]"></a>__0sprintf$3</STRONG> (Thumb, 34 bytes, Stack size 24 bytes, printf3.o(i.__0sprintf$3), UNUSED)
<BR><BR>[Calls]<UL><LI><a href="#[36]">&gt;&gt;</a>&nbsp;&nbsp;&nbsp;_sputc
<LI><a href="#[88]">&gt;&gt;</a>&nbsp;&nbsp;&nbsp;_printf_core
</UL>

<P><STRONG><a name="[17b]"></a>__1sprintf$3</STRONG> (Thumb, 0 bytes, Stack size 24 bytes, printf3.o(i.__0sprintf$3), UNUSED)

<P><STRONG><a name="[ea]"></a>__2sprintf</STRONG> (Thumb, 0 bytes, Stack size 24 bytes, printf3.o(i.__0sprintf$3))
<BR><BR>[Stack]<UL><LI>Max Depth = 24<LI>Call Chain = __2sprintf
</UL>
<BR>[Called By]<UL><LI><a href="#[10d]">&gt;&gt;</a>&nbsp;&nbsp;&nbsp;vTaskList
<LI><a href="#[fd]">&gt;&gt;</a>&nbsp;&nbsp;&nbsp;vTaskGetRunTimeStats
<LI><a href="#[63]">&gt;&gt;</a>&nbsp;&nbsp;&nbsp;prvThreeParameterEchoCommand
<LI><a href="#[64]">&gt;&gt;</a>&nbsp;&nbsp;&nbsp;prvParameterEchoCommand
</UL>

<P><STRONG><a name="[12c]"></a>__hardfp_fabs</STRONG> (Thumb, 20 bytes, Stack size 8 bytes, fabs.o(i.__hardfp_fabs))
<BR><BR>[Stack]<UL><LI>Max Depth = 8<LI>Call Chain = __hardfp_fabs
</UL>
<BR>[Called By]<UL><LI><a href="#[54]">&gt;&gt;</a>&nbsp;&nbsp;&nbsp;vCompetingMathTask4
<LI><a href="#[53]">&gt;&gt;</a>&nbsp;&nbsp;&nbsp;vCompetingMathTask3
<LI><a href="#[52]">&gt;&gt;</a>&nbsp;&nbsp;&nbsp;vCompetingMathTask2
<LI><a href="#[51]">&gt;&gt;</a>&nbsp;&nbsp;&nbsp;vCompetingMathTask1
</UL>

<P><STRONG><a name="[17c]"></a>__scatterload_copy</STRONG> (Thumb, 14 bytes, Stack size unknown bytes, handlers.o(i.__scatterload_copy), UNUSED)

<P><STRONG><a name="[17d]"></a>__scatterload_null</STRONG> (Thumb, 2 bytes, Stack size unknown bytes, handlers.o(i.__scatterload_null), UNUSED)

<P><STRONG><a name="[17e]"></a>__scatterload_zeroinit</STRONG> (Thumb, 14 bytes, Stack size unknown bytes, handlers.o(i.__scatterload_zeroinit), UNUSED)

<P><STRONG><a name="[13b]"></a>eTaskConfirmSleepModeStatus</STRONG> (Thumb, 42 bytes, Stack size 0 bytes, tasks.o(i.eTaskConfirmSleepModeStatus))
<BR><BR>[Called By]<UL><LI><a href="#[d1]">&gt;&gt;</a>&nbsp;&nbsp;&nbsp;vPortSuppressTicksAndSleep
</UL>

<P><STRONG><a name="[8a]"></a>eTaskGetState</STRONG> (Thumb, 128 bytes, Stack size 32 bytes, tasks.o(i.eTaskGetState))
<BR><BR>[Stack]<UL><LI>Max Depth = 32<LI>Call Chain = eTaskGetState
</UL>
<BR>[Calls]<UL><LI><a href="#[7a]">&gt;&gt;</a>&nbsp;&nbsp;&nbsp;vPortExitCritical
<LI><a href="#[79]">&gt;&gt;</a>&nbsp;&nbsp;&nbsp;vPortEnterCritical
</UL>
<BR>[Called By]<UL><LI><a href="#[de]">&gt;&gt;</a>&nbsp;&nbsp;&nbsp;vTaskGetInfo
<LI><a href="#[3b]">&gt;&gt;</a>&nbsp;&nbsp;&nbsp;prvSuspendedTaskTimerTestCallback
<LI><a href="#[57]">&gt;&gt;</a>&nbsp;&nbsp;&nbsp;prvRecursiveMutexPollingTask
<LI><a href="#[10c]">&gt;&gt;</a>&nbsp;&nbsp;&nbsp;prvTakeAndGiveInTheSameOrder
<LI><a href="#[10b]">&gt;&gt;</a>&nbsp;&nbsp;&nbsp;prvTakeAndGiveInTheOppositeOrder
<LI><a href="#[e1]">&gt;&gt;</a>&nbsp;&nbsp;&nbsp;prvTakeTwoMutexesReturnInSameOrder
<LI><a href="#[e0]">&gt;&gt;</a>&nbsp;&nbsp;&nbsp;prvTakeTwoMutexesReturnInDifferentOrder
<LI><a href="#[43]">&gt;&gt;</a>&nbsp;&nbsp;&nbsp;prvTestMasterTask
<LI><a href="#[ff]">&gt;&gt;</a>&nbsp;&nbsp;&nbsp;prvSelectiveBitsTestMasterFunction
<LI><a href="#[ed]">&gt;&gt;</a>&nbsp;&nbsp;&nbsp;prvPerformTaskSyncTests
<LI><a href="#[a9]">&gt;&gt;</a>&nbsp;&nbsp;&nbsp;prvBitCombinationTestMasterFunction
<LI><a href="#[4d]">&gt;&gt;</a>&nbsp;&nbsp;&nbsp;prvLowerPriorityNormallyFullTask
<LI><a href="#[4a]">&gt;&gt;</a>&nbsp;&nbsp;&nbsp;prvLowerPriorityNormallyEmptyTask
</UL>

<P><STRONG><a name="[33]"></a>main</STRONG> (Thumb, 14 bytes, Stack size 8 bytes, main.o(i.main))
<BR><BR>[Stack]<UL><LI>Max Depth = 224<LI>Call Chain = main &rArr; main_full &rArr; vStartTimerDemoTask &rArr; prvTest1_CreateTimersWithoutSchedulerRunning &rArr; xTimerCreate &rArr; prvInitialiseNewTimer &rArr; prvCheckForValidListAndQueue &rArr; xQueueGenericCreate &rArr; prvInitialiseNewQueue &rArr; xQueueGenericReset &rArr; xTaskRemoveFromEventList
</UL>
<BR>[Calls]<UL><LI><a href="#[8c]">&gt;&gt;</a>&nbsp;&nbsp;&nbsp;main_full
<LI><a href="#[8b]">&gt;&gt;</a>&nbsp;&nbsp;&nbsp;prvSetupHardware
</UL>
<BR>[Address Reference Count : 1]<UL><LI> entry9a.o(.ARM.Collect$$$$0000000B)
</UL>
<P><STRONG><a name="[8c]"></a>main_full</STRONG> (Thumb, 138 bytes, Stack size 16 bytes, main_full.o(i.main_full))
<BR><BR>[Stack]<UL><LI>Max Depth = 216<LI>Call Chain = main_full &rArr; vStartTimerDemoTask &rArr; prvTest1_CreateTimersWithoutSchedulerRunning &rArr; xTimerCreate &rArr; prvInitialiseNewTimer &rArr; prvCheckForValidListAndQueue &rArr; xQueueGenericCreate &rArr; prvInitialiseNewQueue &rArr; xQueueGenericReset &rArr; xTaskRemoveFromEventList
</UL>
<BR>[Calls]<UL><LI><a href="#[9b]">&gt;&gt;</a>&nbsp;&nbsp;&nbsp;xTaskCreate
<LI><a href="#[9c]">&gt;&gt;</a>&nbsp;&nbsp;&nbsp;vTaskStartScheduler
<LI><a href="#[8d]">&gt;&gt;</a>&nbsp;&nbsp;&nbsp;prvConfigureClocks
<LI><a href="#[8e]">&gt;&gt;</a>&nbsp;&nbsp;&nbsp;xSerialPortInitMinimal
<LI><a href="#[99]">&gt;&gt;</a>&nbsp;&nbsp;&nbsp;vUARTCommandConsoleStart
<LI><a href="#[94]">&gt;&gt;</a>&nbsp;&nbsp;&nbsp;vStartTimerDemoTask
<LI><a href="#[96]">&gt;&gt;</a>&nbsp;&nbsp;&nbsp;vStartTaskNotifyTask
<LI><a href="#[93]">&gt;&gt;</a>&nbsp;&nbsp;&nbsp;vStartSemaphoreTasks
<LI><a href="#[92]">&gt;&gt;</a>&nbsp;&nbsp;&nbsp;vStartRecursiveMutexTasks
<LI><a href="#[98]">&gt;&gt;</a>&nbsp;&nbsp;&nbsp;vStartMathTasks
<LI><a href="#[97]">&gt;&gt;</a>&nbsp;&nbsp;&nbsp;vStartInterruptSemaphoreTasks
<LI><a href="#[8f]">&gt;&gt;</a>&nbsp;&nbsp;&nbsp;vStartInterruptQueueTasks
<LI><a href="#[91]">&gt;&gt;</a>&nbsp;&nbsp;&nbsp;vStartGenericQueueTasks
<LI><a href="#[95]">&gt;&gt;</a>&nbsp;&nbsp;&nbsp;vStartEventGroupTasks
<LI><a href="#[90]">&gt;&gt;</a>&nbsp;&nbsp;&nbsp;vStartCountingSemaphoreTasks
<LI><a href="#[9a]">&gt;&gt;</a>&nbsp;&nbsp;&nbsp;vRegisterSampleCLICommands
</UL>
<BR>[Called By]<UL><LI><a href="#[33]">&gt;&gt;</a>&nbsp;&nbsp;&nbsp;main
</UL>

<P><STRONG><a name="[10f]"></a>pcTimerGetName</STRONG> (Thumb, 32 bytes, Stack size 0 bytes, timers.o(i.pcTimerGetName))
<BR><BR>[Called By]<UL><LI><a href="#[10e]">&gt;&gt;</a>&nbsp;&nbsp;&nbsp;prvTest1_CreateTimersWithoutSchedulerRunning
</UL>

<P><STRONG><a name="[78]"></a>pvPortMalloc</STRONG> (Thumb, 306 bytes, Stack size 24 bytes, heap_4.o(i.pvPortMalloc))
<BR><BR>[Stack]<UL><LI>Max Depth = 40<LI>Call Chain = pvPortMalloc &rArr; xTaskResumeAll &rArr;  xTaskIncrementTick (Cycle)
</UL>
<BR>[Calls]<UL><LI><a href="#[d2]">&gt;&gt;</a>&nbsp;&nbsp;&nbsp;xTaskResumeAll
<LI><a href="#[d0]">&gt;&gt;</a>&nbsp;&nbsp;&nbsp;vTaskSuspendAll
<LI><a href="#[122]">&gt;&gt;</a>&nbsp;&nbsp;&nbsp;vApplicationMallocFailedHook
<LI><a href="#[121]">&gt;&gt;</a>&nbsp;&nbsp;&nbsp;prvInsertBlockIntoFreeList
<LI><a href="#[120]">&gt;&gt;</a>&nbsp;&nbsp;&nbsp;prvHeapInit
</UL>
<BR>[Called By]<UL><LI><a href="#[116]">&gt;&gt;</a>&nbsp;&nbsp;&nbsp;xEventGroupCreate
<LI><a href="#[9b]">&gt;&gt;</a>&nbsp;&nbsp;&nbsp;xTaskCreate
<LI><a href="#[af]">&gt;&gt;</a>&nbsp;&nbsp;&nbsp;xQueueGenericCreate
<LI><a href="#[e5]">&gt;&gt;</a>&nbsp;&nbsp;&nbsp;xTimerCreate
<LI><a href="#[10d]">&gt;&gt;</a>&nbsp;&nbsp;&nbsp;vTaskList
<LI><a href="#[fd]">&gt;&gt;</a>&nbsp;&nbsp;&nbsp;vTaskGetRunTimeStats
<LI><a href="#[54]">&gt;&gt;</a>&nbsp;&nbsp;&nbsp;vCompetingMathTask4
<LI><a href="#[53]">&gt;&gt;</a>&nbsp;&nbsp;&nbsp;vCompetingMathTask3
<LI><a href="#[93]">&gt;&gt;</a>&nbsp;&nbsp;&nbsp;vStartSemaphoreTasks
<LI><a href="#[77]">&gt;&gt;</a>&nbsp;&nbsp;&nbsp;FreeRTOS_CLIRegisterCommand
</UL>

<P><STRONG><a name="[160]"></a>pvTaskIncrementMutexHeldCount</STRONG> (Thumb, 26 bytes, Stack size 0 bytes, tasks.o(i.pvTaskIncrementMutexHeldCount))
<BR><BR>[Called By]<UL><LI><a href="#[c7]">&gt;&gt;</a>&nbsp;&nbsp;&nbsp;xQueueSemaphoreTake
</UL>

<P><STRONG><a name="[a8]"></a>pvTimerGetTimerID</STRONG> (Thumb, 44 bytes, Stack size 16 bytes, timers.o(i.pvTimerGetTimerID))
<BR><BR>[Stack]<UL><LI>Max Depth = 16<LI>Call Chain = pvTimerGetTimerID
</UL>
<BR>[Calls]<UL><LI><a href="#[7a]">&gt;&gt;</a>&nbsp;&nbsp;&nbsp;vPortExitCritical
<LI><a href="#[79]">&gt;&gt;</a>&nbsp;&nbsp;&nbsp;vPortEnterCritical
</UL>
<BR>[Called By]<UL><LI><a href="#[3f]">&gt;&gt;</a>&nbsp;&nbsp;&nbsp;prvOneShotTimerCallback
<LI><a href="#[3c]">&gt;&gt;</a>&nbsp;&nbsp;&nbsp;prvAutoReloadTimerCallback
</UL>

<P><STRONG><a name="[d8]"></a>pxPortInitialiseStack</STRONG> (Thumb, 38 bytes, Stack size 0 bytes, port.o(i.pxPortInitialiseStack))
<BR><BR>[Called By]<UL><LI><a href="#[d6]">&gt;&gt;</a>&nbsp;&nbsp;&nbsp;prvInitialiseNewTask
</UL>

<P><STRONG><a name="[125]"></a>ulGetRunTimeCounterValue</STRONG> (Thumb, 38 bytes, Stack size 0 bytes, runtimestatstimer.o(i.ulGetRunTimeCounterValue))
<BR><BR>[Called By]<UL><LI><a href="#[68]">&gt;&gt;</a>&nbsp;&nbsp;&nbsp;vTaskSwitchContext
<LI><a href="#[124]">&gt;&gt;</a>&nbsp;&nbsp;&nbsp;uxTaskGetSystemState
</UL>

<P><STRONG><a name="[e7]"></a>ulTaskNotifyTake</STRONG> (Thumb, 108 bytes, Stack size 16 bytes, tasks.o(i.ulTaskNotifyTake))
<BR><BR>[Stack]<UL><LI>Max Depth = 48<LI>Call Chain = ulTaskNotifyTake &rArr; prvAddCurrentTaskToDelayedList &rArr; vListInsert
</UL>
<BR>[Calls]<UL><LI><a href="#[7a]">&gt;&gt;</a>&nbsp;&nbsp;&nbsp;vPortExitCritical
<LI><a href="#[79]">&gt;&gt;</a>&nbsp;&nbsp;&nbsp;vPortEnterCritical
<LI><a href="#[a2]">&gt;&gt;</a>&nbsp;&nbsp;&nbsp;prvAddCurrentTaskToDelayedList
</UL>
<BR>[Called By]<UL><LI><a href="#[59]">&gt;&gt;</a>&nbsp;&nbsp;&nbsp;prvNotifiedTask
<LI><a href="#[11b]">&gt;&gt;</a>&nbsp;&nbsp;&nbsp;xSerialPutChar
<LI><a href="#[119]">&gt;&gt;</a>&nbsp;&nbsp;&nbsp;vSerialPutString
</UL>

<P><STRONG><a name="[a3]"></a>uxListRemove</STRONG> (Thumb, 40 bytes, Stack size 0 bytes, list.o(i.uxListRemove))
<BR><BR>[Called By]<UL><LI><a href="#[d2]">&gt;&gt;</a>&nbsp;&nbsp;&nbsp;xTaskResumeAll
<LI><a href="#[12e]">&gt;&gt;</a>&nbsp;&nbsp;&nbsp;vTaskRemoveFromUnorderedEventList
<LI><a href="#[fe]">&gt;&gt;</a>&nbsp;&nbsp;&nbsp;prvSwitchTimerLists
<LI><a href="#[f0]">&gt;&gt;</a>&nbsp;&nbsp;&nbsp;prvProcessReceivedCommands
<LI><a href="#[ef]">&gt;&gt;</a>&nbsp;&nbsp;&nbsp;prvProcessExpiredTimer
<LI><a href="#[82]">&gt;&gt;</a>&nbsp;&nbsp;&nbsp;xTaskIncrementTick
<LI><a href="#[15b]">&gt;&gt;</a>&nbsp;&nbsp;&nbsp;xTaskGenericNotifyFromISR
<LI><a href="#[e8]">&gt;&gt;</a>&nbsp;&nbsp;&nbsp;xTaskGenericNotify
<LI><a href="#[a0]">&gt;&gt;</a>&nbsp;&nbsp;&nbsp;vTaskSuspend
<LI><a href="#[a1]">&gt;&gt;</a>&nbsp;&nbsp;&nbsp;vTaskResume
<LI><a href="#[e2]">&gt;&gt;</a>&nbsp;&nbsp;&nbsp;vTaskPrioritySet
<LI><a href="#[149]">&gt;&gt;</a>&nbsp;&nbsp;&nbsp;vTaskNotifyGiveFromISR
<LI><a href="#[f8]">&gt;&gt;</a>&nbsp;&nbsp;&nbsp;vTaskDelete
<LI><a href="#[bd]">&gt;&gt;</a>&nbsp;&nbsp;&nbsp;prvCheckTasksWaitingTermination
<LI><a href="#[a2]">&gt;&gt;</a>&nbsp;&nbsp;&nbsp;prvAddCurrentTaskToDelayedList
<LI><a href="#[11d]">&gt;&gt;</a>&nbsp;&nbsp;&nbsp;xTaskRemoveFromEventList
<LI><a href="#[161]">&gt;&gt;</a>&nbsp;&nbsp;&nbsp;xTaskPriorityInherit
<LI><a href="#[c5]">&gt;&gt;</a>&nbsp;&nbsp;&nbsp;xTaskPriorityDisinherit
<LI><a href="#[14c]">&gt;&gt;</a>&nbsp;&nbsp;&nbsp;vTaskPriorityDisinheritAfterTimeout
</UL>

<P><STRONG><a name="[c9]"></a>uxQueueMessagesWaiting</STRONG> (Thumb, 42 bytes, Stack size 16 bytes, queue.o(i.uxQueueMessagesWaiting))
<BR><BR>[Stack]<UL><LI>Max Depth = 16<LI>Call Chain = uxQueueMessagesWaiting
</UL>
<BR>[Calls]<UL><LI><a href="#[7a]">&gt;&gt;</a>&nbsp;&nbsp;&nbsp;vPortExitCritical
<LI><a href="#[79]">&gt;&gt;</a>&nbsp;&nbsp;&nbsp;vPortEnterCritical
</UL>
<BR>[Called By]<UL><LI><a href="#[50]">&gt;&gt;</a>&nbsp;&nbsp;&nbsp;vInterruptCountingSemaphoreTask
<LI><a href="#[45]">&gt;&gt;</a>&nbsp;&nbsp;&nbsp;prvSendFrontAndBackTest
<LI><a href="#[c8]">&gt;&gt;</a>&nbsp;&nbsp;&nbsp;prvIncrementSemaphoreCount
<LI><a href="#[c6]">&gt;&gt;</a>&nbsp;&nbsp;&nbsp;prvDecrementSemaphoreCount
</UL>

<P><STRONG><a name="[123]"></a>uxQueueSpacesAvailable</STRONG> (Thumb, 48 bytes, Stack size 16 bytes, queue.o(i.uxQueueSpacesAvailable))
<BR><BR>[Stack]<UL><LI>Max Depth = 16<LI>Call Chain = uxQueueSpacesAvailable
</UL>
<BR>[Calls]<UL><LI><a href="#[7a]">&gt;&gt;</a>&nbsp;&nbsp;&nbsp;vPortExitCritical
<LI><a href="#[79]">&gt;&gt;</a>&nbsp;&nbsp;&nbsp;vPortEnterCritical
</UL>
<BR>[Called By]<UL><LI><a href="#[50]">&gt;&gt;</a>&nbsp;&nbsp;&nbsp;vInterruptCountingSemaphoreTask
</UL>

<P><STRONG><a name="[124]"></a>uxTaskGetSystemState</STRONG> (Thumb, 154 bytes, Stack size 24 bytes, tasks.o(i.uxTaskGetSystemState))
<BR><BR>[Stack]<UL><LI>Max Depth = 112<LI>Call Chain = uxTaskGetSystemState &rArr; prvListTasksWithinSingleList &rArr; vTaskGetInfo &rArr; eTaskGetState
</UL>
<BR>[Calls]<UL><LI><a href="#[d2]">&gt;&gt;</a>&nbsp;&nbsp;&nbsp;xTaskResumeAll
<LI><a href="#[d0]">&gt;&gt;</a>&nbsp;&nbsp;&nbsp;vTaskSuspendAll
<LI><a href="#[125]">&gt;&gt;</a>&nbsp;&nbsp;&nbsp;ulGetRunTimeCounterValue
<LI><a href="#[dd]">&gt;&gt;</a>&nbsp;&nbsp;&nbsp;prvListTasksWithinSingleList
</UL>
<BR>[Called By]<UL><LI><a href="#[10d]">&gt;&gt;</a>&nbsp;&nbsp;&nbsp;vTaskList
<LI><a href="#[fd]">&gt;&gt;</a>&nbsp;&nbsp;&nbsp;vTaskGetRunTimeStats
</UL>

<P><STRONG><a name="[f6]"></a>uxTaskPriorityGet</STRONG> (Thumb, 30 bytes, Stack size 16 bytes, tasks.o(i.uxTaskPriorityGet))
<BR><BR>[Stack]<UL><LI>Max Depth = 16<LI>Call Chain = uxTaskPriorityGet
</UL>
<BR>[Calls]<UL><LI><a href="#[7a]">&gt;&gt;</a>&nbsp;&nbsp;&nbsp;vPortExitCritical
<LI><a href="#[79]">&gt;&gt;</a>&nbsp;&nbsp;&nbsp;vPortEnterCritical
</UL>
<BR>[Called By]<UL><LI><a href="#[112]">&gt;&gt;</a>&nbsp;&nbsp;&nbsp;prvTest3_CheckAutoReloadExpireRates
<LI><a href="#[57]">&gt;&gt;</a>&nbsp;&nbsp;&nbsp;prvRecursiveMutexPollingTask
<LI><a href="#[10c]">&gt;&gt;</a>&nbsp;&nbsp;&nbsp;prvTakeAndGiveInTheSameOrder
<LI><a href="#[10b]">&gt;&gt;</a>&nbsp;&nbsp;&nbsp;prvTakeAndGiveInTheOppositeOrder
<LI><a href="#[e1]">&gt;&gt;</a>&nbsp;&nbsp;&nbsp;prvTakeTwoMutexesReturnInSameOrder
<LI><a href="#[e0]">&gt;&gt;</a>&nbsp;&nbsp;&nbsp;prvTakeTwoMutexesReturnInDifferentOrder
</UL>

<P><STRONG><a name="[157]"></a>uxTaskResetEventItemValue</STRONG> (Thumb, 24 bytes, Stack size 0 bytes, tasks.o(i.uxTaskResetEventItemValue))
<BR><BR>[Called By]<UL><LI><a href="#[ab]">&gt;&gt;</a>&nbsp;&nbsp;&nbsp;xEventGroupWaitBits
<LI><a href="#[ee]">&gt;&gt;</a>&nbsp;&nbsp;&nbsp;xEventGroupSync
</UL>

<P><STRONG><a name="[ce]"></a>vApplicationIdleHook</STRONG> (Thumb, 2 bytes, Stack size 0 bytes, main.o(i.vApplicationIdleHook))
<BR><BR>[Called By]<UL><LI><a href="#[5c]">&gt;&gt;</a>&nbsp;&nbsp;&nbsp;prvIdleTask
</UL>

<P><STRONG><a name="[122]"></a>vApplicationMallocFailedHook</STRONG> (Thumb, 22 bytes, Stack size 0 bytes, main.o(i.vApplicationMallocFailedHook))
<BR><BR>[Called By]<UL><LI><a href="#[78]">&gt;&gt;</a>&nbsp;&nbsp;&nbsp;pvPortMalloc
</UL>

<P><STRONG><a name="[151]"></a>vApplicationStackOverflowHook</STRONG> (Thumb, 22 bytes, Stack size 0 bytes, main.o(i.vApplicationStackOverflowHook))
<BR><BR>[Called By]<UL><LI><a href="#[68]">&gt;&gt;</a>&nbsp;&nbsp;&nbsp;vTaskSwitchContext
</UL>

<P><STRONG><a name="[126]"></a>vApplicationTickHook</STRONG> (Thumb, 20 bytes, Stack size 8 bytes, main_full.o(i.vApplicationTickHook))
<BR><BR>[Stack]<UL><LI>Max Depth = 184<LI>Call Chain = vApplicationTickHook &rArr; vPeriodicEventGroupsProcessing &rArr; xEventGroupSetBitsFromISR &rArr; xTimerPendFunctionCallFromISR &rArr; xQueueGenericSendFromISR &rArr; prvCopyDataToQueue &rArr; xTaskPriorityDisinherit
</UL>
<BR>[Calls]<UL><LI><a href="#[129]">&gt;&gt;</a>&nbsp;&nbsp;&nbsp;xNotifyTaskFromISR
<LI><a href="#[127]">&gt;&gt;</a>&nbsp;&nbsp;&nbsp;vTimerPeriodicISRTests
<LI><a href="#[128]">&gt;&gt;</a>&nbsp;&nbsp;&nbsp;vPeriodicEventGroupsProcessing
<LI><a href="#[12a]">&gt;&gt;</a>&nbsp;&nbsp;&nbsp;vInterruptSemaphorePeriodicTest
</UL>
<BR>[Called By]<UL><LI><a href="#[82]">&gt;&gt;</a>&nbsp;&nbsp;&nbsp;xTaskIncrementTick
</UL>

<P><STRONG><a name="[14f]"></a>vConfigureTimerForRunTimeStats</STRONG> (Thumb, 30 bytes, Stack size 0 bytes, runtimestatstimer.o(i.vConfigureTimerForRunTimeStats))
<BR><BR>[Called By]<UL><LI><a href="#[9c]">&gt;&gt;</a>&nbsp;&nbsp;&nbsp;vTaskStartScheduler
</UL>

<P><STRONG><a name="[5e]"></a>vEventGroupClearBitsCallback</STRONG> (Thumb, 16 bytes, Stack size 16 bytes, event_groups.o(i.vEventGroupClearBitsCallback))
<BR><BR>[Stack]<UL><LI>Max Depth = 40<LI>Call Chain = vEventGroupClearBitsCallback &rArr; xEventGroupClearBits
</UL>
<BR>[Calls]<UL><LI><a href="#[ac]">&gt;&gt;</a>&nbsp;&nbsp;&nbsp;xEventGroupClearBits
</UL>
<BR>[Address Reference Count : 1]<UL><LI> event_groups.o(i.xEventGroupClearBitsFromISR)
</UL>
<P><STRONG><a name="[100]"></a>vEventGroupDelete</STRONG> (Thumb, 82 bytes, Stack size 16 bytes, event_groups.o(i.vEventGroupDelete))
<BR><BR>[Stack]<UL><LI>Max Depth = 48<LI>Call Chain = vEventGroupDelete &rArr; vPortFree &rArr; xTaskResumeAll &rArr;  xTaskIncrementTick (Cycle)
</UL>
<BR>[Calls]<UL><LI><a href="#[d2]">&gt;&gt;</a>&nbsp;&nbsp;&nbsp;xTaskResumeAll
<LI><a href="#[d0]">&gt;&gt;</a>&nbsp;&nbsp;&nbsp;vTaskSuspendAll
<LI><a href="#[12e]">&gt;&gt;</a>&nbsp;&nbsp;&nbsp;vTaskRemoveFromUnorderedEventList
<LI><a href="#[ca]">&gt;&gt;</a>&nbsp;&nbsp;&nbsp;vPortFree
</UL>
<BR>[Called By]<UL><LI><a href="#[43]">&gt;&gt;</a>&nbsp;&nbsp;&nbsp;prvTestMasterTask
<LI><a href="#[ff]">&gt;&gt;</a>&nbsp;&nbsp;&nbsp;prvSelectiveBitsTestMasterFunction
</UL>

<P><STRONG><a name="[5f]"></a>vEventGroupSetBitsCallback</STRONG> (Thumb, 16 bytes, Stack size 16 bytes, event_groups.o(i.vEventGroupSetBitsCallback))
<BR><BR>[Stack]<UL><LI>Max Depth = 80<LI>Call Chain = vEventGroupSetBitsCallback &rArr; xEventGroupSetBits &rArr; xTaskResumeAll &rArr;  xTaskIncrementTick (Cycle)
</UL>
<BR>[Calls]<UL><LI><a href="#[aa]">&gt;&gt;</a>&nbsp;&nbsp;&nbsp;xEventGroupSetBits
</UL>
<BR>[Address Reference Count : 1]<UL><LI> event_groups.o(i.xEventGroupSetBitsFromISR)
</UL>
<P><STRONG><a name="[cb]"></a>vInitialiseTimerForIntQueueTest</STRONG> (Thumb, 132 bytes, Stack size 8 bytes, intqueuetimer.o(i.vInitialiseTimerForIntQueueTest))
<BR><BR>[Stack]<UL><LI>Max Depth = 96<LI>Call Chain = vInitialiseTimerForIntQueueTest &rArr; CS_getMCLK &rArr; _CSComputeCLKFrequency &rArr; CS_getDCOFrequency &rArr; SysCtl_getTLVInfo
</UL>
<BR>[Calls]<UL><LI><a href="#[134]">&gt;&gt;</a>&nbsp;&nbsp;&nbsp;Interrupt_enableInterrupt
<LI><a href="#[70]">&gt;&gt;</a>&nbsp;&nbsp;&nbsp;CS_getMCLK
<LI><a href="#[133]">&gt;&gt;</a>&nbsp;&nbsp;&nbsp;Interrupt_setPriority
<LI><a href="#[132]">&gt;&gt;</a>&nbsp;&nbsp;&nbsp;Timer32_startTimer
<LI><a href="#[130]">&gt;&gt;</a>&nbsp;&nbsp;&nbsp;Timer32_setCount
<LI><a href="#[12f]">&gt;&gt;</a>&nbsp;&nbsp;&nbsp;Timer32_initModule
<LI><a href="#[131]">&gt;&gt;</a>&nbsp;&nbsp;&nbsp;Timer32_enableInterrupt
</UL>
<BR>[Called By]<UL><LI><a href="#[49]">&gt;&gt;</a>&nbsp;&nbsp;&nbsp;prvHigherPriorityNormallyEmptyTask
</UL>

<P><STRONG><a name="[12a]"></a>vInterruptSemaphorePeriodicTest</STRONG> (Thumb, 130 bytes, Stack size 16 bytes, intsemtest.o(i.vInterruptSemaphorePeriodicTest))
<BR><BR>[Stack]<UL><LI>Max Depth = 64<LI>Call Chain = vInterruptSemaphorePeriodicTest &rArr; xQueueGiveFromISR &rArr; xTaskRemoveFromEventList
</UL>
<BR>[Calls]<UL><LI><a href="#[136]">&gt;&gt;</a>&nbsp;&nbsp;&nbsp;xQueueGiveFromISR
<LI><a href="#[135]">&gt;&gt;</a>&nbsp;&nbsp;&nbsp;xTaskGetTickCountFromISR
</UL>
<BR>[Called By]<UL><LI><a href="#[126]">&gt;&gt;</a>&nbsp;&nbsp;&nbsp;vApplicationTickHook
</UL>

<P><STRONG><a name="[ae]"></a>vListInitialise</STRONG> (Thumb, 26 bytes, Stack size 0 bytes, list.o(i.vListInitialise))
<BR><BR>[Called By]<UL><LI><a href="#[d5]">&gt;&gt;</a>&nbsp;&nbsp;&nbsp;xQueueGenericReset
<LI><a href="#[116]">&gt;&gt;</a>&nbsp;&nbsp;&nbsp;xEventGroupCreate
<LI><a href="#[ad]">&gt;&gt;</a>&nbsp;&nbsp;&nbsp;prvCheckForValidListAndQueue
<LI><a href="#[a7]">&gt;&gt;</a>&nbsp;&nbsp;&nbsp;prvInitialiseTaskLists
</UL>

<P><STRONG><a name="[d7]"></a>vListInitialiseItem</STRONG> (Thumb, 6 bytes, Stack size 0 bytes, list.o(i.vListInitialiseItem))
<BR><BR>[Called By]<UL><LI><a href="#[d9]">&gt;&gt;</a>&nbsp;&nbsp;&nbsp;prvInitialiseNewTimer
<LI><a href="#[d6]">&gt;&gt;</a>&nbsp;&nbsp;&nbsp;prvInitialiseNewTask
</UL>

<P><STRONG><a name="[a5]"></a>vListInsert</STRONG> (Thumb, 52 bytes, Stack size 8 bytes, list.o(i.vListInsert))
<BR><BR>[Stack]<UL><LI>Max Depth = 8<LI>Call Chain = vListInsert
</UL>
<BR>[Called By]<UL><LI><a href="#[fe]">&gt;&gt;</a>&nbsp;&nbsp;&nbsp;prvSwitchTimerLists
<LI><a href="#[da]">&gt;&gt;</a>&nbsp;&nbsp;&nbsp;prvInsertTimerInActiveList
<LI><a href="#[a2]">&gt;&gt;</a>&nbsp;&nbsp;&nbsp;prvAddCurrentTaskToDelayedList
<LI><a href="#[14a]">&gt;&gt;</a>&nbsp;&nbsp;&nbsp;vTaskPlaceOnEventList
</UL>

<P><STRONG><a name="[a4]"></a>vListInsertEnd</STRONG> (Thumb, 24 bytes, Stack size 0 bytes, list.o(i.vListInsertEnd))
<BR><BR>[Called By]<UL><LI><a href="#[d2]">&gt;&gt;</a>&nbsp;&nbsp;&nbsp;xTaskResumeAll
<LI><a href="#[12e]">&gt;&gt;</a>&nbsp;&nbsp;&nbsp;vTaskRemoveFromUnorderedEventList
<LI><a href="#[14b]">&gt;&gt;</a>&nbsp;&nbsp;&nbsp;vTaskPlaceOnUnorderedEventList
<LI><a href="#[82]">&gt;&gt;</a>&nbsp;&nbsp;&nbsp;xTaskIncrementTick
<LI><a href="#[15b]">&gt;&gt;</a>&nbsp;&nbsp;&nbsp;xTaskGenericNotifyFromISR
<LI><a href="#[e8]">&gt;&gt;</a>&nbsp;&nbsp;&nbsp;xTaskGenericNotify
<LI><a href="#[a0]">&gt;&gt;</a>&nbsp;&nbsp;&nbsp;vTaskSuspend
<LI><a href="#[a1]">&gt;&gt;</a>&nbsp;&nbsp;&nbsp;vTaskResume
<LI><a href="#[e2]">&gt;&gt;</a>&nbsp;&nbsp;&nbsp;vTaskPrioritySet
<LI><a href="#[149]">&gt;&gt;</a>&nbsp;&nbsp;&nbsp;vTaskNotifyGiveFromISR
<LI><a href="#[f8]">&gt;&gt;</a>&nbsp;&nbsp;&nbsp;vTaskDelete
<LI><a href="#[a6]">&gt;&gt;</a>&nbsp;&nbsp;&nbsp;prvAddNewTaskToReadyList
<LI><a href="#[a2]">&gt;&gt;</a>&nbsp;&nbsp;&nbsp;prvAddCurrentTaskToDelayedList
<LI><a href="#[11d]">&gt;&gt;</a>&nbsp;&nbsp;&nbsp;xTaskRemoveFromEventList
<LI><a href="#[161]">&gt;&gt;</a>&nbsp;&nbsp;&nbsp;xTaskPriorityInherit
<LI><a href="#[c5]">&gt;&gt;</a>&nbsp;&nbsp;&nbsp;xTaskPriorityDisinherit
<LI><a href="#[14c]">&gt;&gt;</a>&nbsp;&nbsp;&nbsp;vTaskPriorityDisinheritAfterTimeout
<LI><a href="#[140]">&gt;&gt;</a>&nbsp;&nbsp;&nbsp;vTaskPlaceOnEventListRestricted
</UL>

<P><STRONG><a name="[128]"></a>vPeriodicEventGroupsProcessing</STRONG> (Thumb, 168 bytes, Stack size 32 bytes, eventgroupsdemo.o(i.vPeriodicEventGroupsProcessing))
<BR><BR>[Stack]<UL><LI>Max Depth = 176<LI>Call Chain = vPeriodicEventGroupsProcessing &rArr; xEventGroupSetBitsFromISR &rArr; xTimerPendFunctionCallFromISR &rArr; xQueueGenericSendFromISR &rArr; prvCopyDataToQueue &rArr; xTaskPriorityDisinherit
</UL>
<BR>[Calls]<UL><LI><a href="#[138]">&gt;&gt;</a>&nbsp;&nbsp;&nbsp;xEventGroupSetBitsFromISR
<LI><a href="#[137]">&gt;&gt;</a>&nbsp;&nbsp;&nbsp;xEventGroupGetBitsFromISR
<LI><a href="#[139]">&gt;&gt;</a>&nbsp;&nbsp;&nbsp;xEventGroupClearBitsFromISR
</UL>
<BR>[Called By]<UL><LI><a href="#[126]">&gt;&gt;</a>&nbsp;&nbsp;&nbsp;vApplicationTickHook
</UL>

<P><STRONG><a name="[79]"></a>vPortEnterCritical</STRONG> (Thumb, 76 bytes, Stack size 0 bytes, port.o(i.vPortEnterCritical))
<BR><BR>[Called By]<UL><LI><a href="#[103]">&gt;&gt;</a>&nbsp;&nbsp;&nbsp;xQueuePeek
<LI><a href="#[d5]">&gt;&gt;</a>&nbsp;&nbsp;&nbsp;xQueueGenericReset
<LI><a href="#[f3]">&gt;&gt;</a>&nbsp;&nbsp;&nbsp;vQueueWaitForMessageRestricted
<LI><a href="#[123]">&gt;&gt;</a>&nbsp;&nbsp;&nbsp;uxQueueSpacesAvailable
<LI><a href="#[c9]">&gt;&gt;</a>&nbsp;&nbsp;&nbsp;uxQueueMessagesWaiting
<LI><a href="#[11c]">&gt;&gt;</a>&nbsp;&nbsp;&nbsp;prvUnlockQueue
<LI><a href="#[dc]">&gt;&gt;</a>&nbsp;&nbsp;&nbsp;prvIsQueueFull
<LI><a href="#[db]">&gt;&gt;</a>&nbsp;&nbsp;&nbsp;prvIsQueueEmpty
<LI><a href="#[d2]">&gt;&gt;</a>&nbsp;&nbsp;&nbsp;xTaskResumeAll
<LI><a href="#[ab]">&gt;&gt;</a>&nbsp;&nbsp;&nbsp;xEventGroupWaitBits
<LI><a href="#[ee]">&gt;&gt;</a>&nbsp;&nbsp;&nbsp;xEventGroupSync
<LI><a href="#[ac]">&gt;&gt;</a>&nbsp;&nbsp;&nbsp;xEventGroupClearBits
<LI><a href="#[cc]">&gt;&gt;</a>&nbsp;&nbsp;&nbsp;xQueueReceive
<LI><a href="#[9d]">&gt;&gt;</a>&nbsp;&nbsp;&nbsp;xQueueGenericSend
<LI><a href="#[fb]">&gt;&gt;</a>&nbsp;&nbsp;&nbsp;xTimerIsTimerActive
<LI><a href="#[e9]">&gt;&gt;</a>&nbsp;&nbsp;&nbsp;vTimerSetTimerID
<LI><a href="#[a8]">&gt;&gt;</a>&nbsp;&nbsp;&nbsp;pvTimerGetTimerID
<LI><a href="#[ad]">&gt;&gt;</a>&nbsp;&nbsp;&nbsp;prvCheckForValidListAndQueue
<LI><a href="#[109]">&gt;&gt;</a>&nbsp;&nbsp;&nbsp;xTaskNotifyWait
<LI><a href="#[10a]">&gt;&gt;</a>&nbsp;&nbsp;&nbsp;xTaskNotifyStateClear
<LI><a href="#[e8]">&gt;&gt;</a>&nbsp;&nbsp;&nbsp;xTaskGenericNotify
<LI><a href="#[a0]">&gt;&gt;</a>&nbsp;&nbsp;&nbsp;vTaskSuspend
<LI><a href="#[a1]">&gt;&gt;</a>&nbsp;&nbsp;&nbsp;vTaskResume
<LI><a href="#[e2]">&gt;&gt;</a>&nbsp;&nbsp;&nbsp;vTaskPrioritySet
<LI><a href="#[f8]">&gt;&gt;</a>&nbsp;&nbsp;&nbsp;vTaskDelete
<LI><a href="#[f6]">&gt;&gt;</a>&nbsp;&nbsp;&nbsp;uxTaskPriorityGet
<LI><a href="#[e7]">&gt;&gt;</a>&nbsp;&nbsp;&nbsp;ulTaskNotifyTake
<LI><a href="#[8a]">&gt;&gt;</a>&nbsp;&nbsp;&nbsp;eTaskGetState
<LI><a href="#[bd]">&gt;&gt;</a>&nbsp;&nbsp;&nbsp;prvCheckTasksWaitingTermination
<LI><a href="#[a6]">&gt;&gt;</a>&nbsp;&nbsp;&nbsp;prvAddNewTaskToReadyList
<LI><a href="#[15f]">&gt;&gt;</a>&nbsp;&nbsp;&nbsp;xTaskCheckForTimeOut
<LI><a href="#[c7]">&gt;&gt;</a>&nbsp;&nbsp;&nbsp;xQueueSemaphoreTake
<LI><a href="#[113]">&gt;&gt;</a>&nbsp;&nbsp;&nbsp;prvTest4_CheckAutoReloadTimersCanBeStopped
<LI><a href="#[3a]">&gt;&gt;</a>&nbsp;&nbsp;&nbsp;prvNotifyingTimer
<LI><a href="#[58]">&gt;&gt;</a>&nbsp;&nbsp;&nbsp;prvSemaphoreTest
<LI><a href="#[4a]">&gt;&gt;</a>&nbsp;&nbsp;&nbsp;prvLowerPriorityNormallyEmptyTask
<LI><a href="#[4c]">&gt;&gt;</a>&nbsp;&nbsp;&nbsp;prv2ndHigherPriorityNormallyFullTask
<LI><a href="#[4b]">&gt;&gt;</a>&nbsp;&nbsp;&nbsp;prv1stHigherPriorityNormallyFullTask
<LI><a href="#[77]">&gt;&gt;</a>&nbsp;&nbsp;&nbsp;FreeRTOS_CLIRegisterCommand
</UL>

<P><STRONG><a name="[7a]"></a>vPortExitCritical</STRONG> (Thumb, 56 bytes, Stack size 0 bytes, port.o(i.vPortExitCritical))
<BR><BR>[Called By]<UL><LI><a href="#[103]">&gt;&gt;</a>&nbsp;&nbsp;&nbsp;xQueuePeek
<LI><a href="#[d5]">&gt;&gt;</a>&nbsp;&nbsp;&nbsp;xQueueGenericReset
<LI><a href="#[f3]">&gt;&gt;</a>&nbsp;&nbsp;&nbsp;vQueueWaitForMessageRestricted
<LI><a href="#[123]">&gt;&gt;</a>&nbsp;&nbsp;&nbsp;uxQueueSpacesAvailable
<LI><a href="#[c9]">&gt;&gt;</a>&nbsp;&nbsp;&nbsp;uxQueueMessagesWaiting
<LI><a href="#[11c]">&gt;&gt;</a>&nbsp;&nbsp;&nbsp;prvUnlockQueue
<LI><a href="#[dc]">&gt;&gt;</a>&nbsp;&nbsp;&nbsp;prvIsQueueFull
<LI><a href="#[db]">&gt;&gt;</a>&nbsp;&nbsp;&nbsp;prvIsQueueEmpty
<LI><a href="#[d2]">&gt;&gt;</a>&nbsp;&nbsp;&nbsp;xTaskResumeAll
<LI><a href="#[ab]">&gt;&gt;</a>&nbsp;&nbsp;&nbsp;xEventGroupWaitBits
<LI><a href="#[ee]">&gt;&gt;</a>&nbsp;&nbsp;&nbsp;xEventGroupSync
<LI><a href="#[ac]">&gt;&gt;</a>&nbsp;&nbsp;&nbsp;xEventGroupClearBits
<LI><a href="#[cc]">&gt;&gt;</a>&nbsp;&nbsp;&nbsp;xQueueReceive
<LI><a href="#[9d]">&gt;&gt;</a>&nbsp;&nbsp;&nbsp;xQueueGenericSend
<LI><a href="#[fb]">&gt;&gt;</a>&nbsp;&nbsp;&nbsp;xTimerIsTimerActive
<LI><a href="#[e9]">&gt;&gt;</a>&nbsp;&nbsp;&nbsp;vTimerSetTimerID
<LI><a href="#[a8]">&gt;&gt;</a>&nbsp;&nbsp;&nbsp;pvTimerGetTimerID
<LI><a href="#[ad]">&gt;&gt;</a>&nbsp;&nbsp;&nbsp;prvCheckForValidListAndQueue
<LI><a href="#[109]">&gt;&gt;</a>&nbsp;&nbsp;&nbsp;xTaskNotifyWait
<LI><a href="#[10a]">&gt;&gt;</a>&nbsp;&nbsp;&nbsp;xTaskNotifyStateClear
<LI><a href="#[e8]">&gt;&gt;</a>&nbsp;&nbsp;&nbsp;xTaskGenericNotify
<LI><a href="#[a0]">&gt;&gt;</a>&nbsp;&nbsp;&nbsp;vTaskSuspend
<LI><a href="#[a1]">&gt;&gt;</a>&nbsp;&nbsp;&nbsp;vTaskResume
<LI><a href="#[e2]">&gt;&gt;</a>&nbsp;&nbsp;&nbsp;vTaskPrioritySet
<LI><a href="#[f8]">&gt;&gt;</a>&nbsp;&nbsp;&nbsp;vTaskDelete
<LI><a href="#[f6]">&gt;&gt;</a>&nbsp;&nbsp;&nbsp;uxTaskPriorityGet
<LI><a href="#[e7]">&gt;&gt;</a>&nbsp;&nbsp;&nbsp;ulTaskNotifyTake
<LI><a href="#[8a]">&gt;&gt;</a>&nbsp;&nbsp;&nbsp;eTaskGetState
<LI><a href="#[bd]">&gt;&gt;</a>&nbsp;&nbsp;&nbsp;prvCheckTasksWaitingTermination
<LI><a href="#[a6]">&gt;&gt;</a>&nbsp;&nbsp;&nbsp;prvAddNewTaskToReadyList
<LI><a href="#[15f]">&gt;&gt;</a>&nbsp;&nbsp;&nbsp;xTaskCheckForTimeOut
<LI><a href="#[c7]">&gt;&gt;</a>&nbsp;&nbsp;&nbsp;xQueueSemaphoreTake
<LI><a href="#[113]">&gt;&gt;</a>&nbsp;&nbsp;&nbsp;prvTest4_CheckAutoReloadTimersCanBeStopped
<LI><a href="#[3a]">&gt;&gt;</a>&nbsp;&nbsp;&nbsp;prvNotifyingTimer
<LI><a href="#[58]">&gt;&gt;</a>&nbsp;&nbsp;&nbsp;prvSemaphoreTest
<LI><a href="#[4a]">&gt;&gt;</a>&nbsp;&nbsp;&nbsp;prvLowerPriorityNormallyEmptyTask
<LI><a href="#[4c]">&gt;&gt;</a>&nbsp;&nbsp;&nbsp;prv2ndHigherPriorityNormallyFullTask
<LI><a href="#[4b]">&gt;&gt;</a>&nbsp;&nbsp;&nbsp;prv1stHigherPriorityNormallyFullTask
<LI><a href="#[77]">&gt;&gt;</a>&nbsp;&nbsp;&nbsp;FreeRTOS_CLIRegisterCommand
</UL>

<P><STRONG><a name="[ca]"></a>vPortFree</STRONG> (Thumb, 140 bytes, Stack size 16 bytes, heap_4.o(i.vPortFree))
<BR><BR>[Stack]<UL><LI>Max Depth = 32<LI>Call Chain = vPortFree &rArr; xTaskResumeAll &rArr;  xTaskIncrementTick (Cycle)
</UL>
<BR>[Calls]<UL><LI><a href="#[d2]">&gt;&gt;</a>&nbsp;&nbsp;&nbsp;xTaskResumeAll
<LI><a href="#[d0]">&gt;&gt;</a>&nbsp;&nbsp;&nbsp;vTaskSuspendAll
<LI><a href="#[121]">&gt;&gt;</a>&nbsp;&nbsp;&nbsp;prvInsertBlockIntoFreeList
</UL>
<BR>[Called By]<UL><LI><a href="#[100]">&gt;&gt;</a>&nbsp;&nbsp;&nbsp;vEventGroupDelete
<LI><a href="#[9b]">&gt;&gt;</a>&nbsp;&nbsp;&nbsp;xTaskCreate
<LI><a href="#[f0]">&gt;&gt;</a>&nbsp;&nbsp;&nbsp;prvProcessReceivedCommands
<LI><a href="#[10d]">&gt;&gt;</a>&nbsp;&nbsp;&nbsp;vTaskList
<LI><a href="#[fd]">&gt;&gt;</a>&nbsp;&nbsp;&nbsp;vTaskGetRunTimeStats
<LI><a href="#[be]">&gt;&gt;</a>&nbsp;&nbsp;&nbsp;prvDeleteTCB
</UL>

<P><STRONG><a name="[13a]"></a>vPortSetupTimerInterrupt</STRONG> (Thumb, 94 bytes, Stack size 8 bytes, port.o(i.vPortSetupTimerInterrupt))
<BR><BR>[Stack]<UL><LI>Max Depth = 96<LI>Call Chain = vPortSetupTimerInterrupt &rArr; CS_getMCLK &rArr; _CSComputeCLKFrequency &rArr; CS_getDCOFrequency &rArr; SysCtl_getTLVInfo
</UL>
<BR>[Calls]<UL><LI><a href="#[70]">&gt;&gt;</a>&nbsp;&nbsp;&nbsp;CS_getMCLK
</UL>
<BR>[Called By]<UL><LI><a href="#[150]">&gt;&gt;</a>&nbsp;&nbsp;&nbsp;xPortStartScheduler
</UL>

<P><STRONG><a name="[d1]"></a>vPortSuppressTicksAndSleep</STRONG> (Thumb, 326 bytes, Stack size 24 bytes, port.o(i.vPortSuppressTicksAndSleep))
<BR><BR>[Stack]<UL><LI>Max Depth = 24<LI>Call Chain = vPortSuppressTicksAndSleep
</UL>
<BR>[Calls]<UL><LI><a href="#[13c]">&gt;&gt;</a>&nbsp;&nbsp;&nbsp;vPreSleepProcessing
<LI><a href="#[13d]">&gt;&gt;</a>&nbsp;&nbsp;&nbsp;vTaskStepTick
<LI><a href="#[13b]">&gt;&gt;</a>&nbsp;&nbsp;&nbsp;eTaskConfirmSleepModeStatus
</UL>
<BR>[Called By]<UL><LI><a href="#[5c]">&gt;&gt;</a>&nbsp;&nbsp;&nbsp;prvIdleTask
</UL>

<P><STRONG><a name="[13e]"></a>vPortValidateInterruptPriority</STRONG> (Thumb, 106 bytes, Stack size 16 bytes, port.o(i.vPortValidateInterruptPriority))
<BR><BR>[Stack]<UL><LI>Max Depth = 16<LI>Call Chain = vPortValidateInterruptPriority
</UL>
<BR>[Calls]<UL><LI><a href="#[13f]">&gt;&gt;</a>&nbsp;&nbsp;&nbsp;vPortGetIPSR
</UL>
<BR>[Called By]<UL><LI><a href="#[15a]">&gt;&gt;</a>&nbsp;&nbsp;&nbsp;xQueueReceiveFromISR
<LI><a href="#[136]">&gt;&gt;</a>&nbsp;&nbsp;&nbsp;xQueueGiveFromISR
[...]
<LI><a href="#[e6]">&gt;&gt;</a>&nbsp;&nbsp;&nbsp;xTimerGenericCommand
</UL>
<BR>[Called By]<UL><LI><a href="#[5b]">&gt;&gt;</a>&nbsp;&nbsp;&nbsp;prvTimerTestTask
</UL>

<P><STRONG><a name="[10e]"></a>prvTest1_CreateTimersWithoutSchedulerRunning</STRONG> (Thumb, 426 bytes, Stack size 16 bytes, timerdemo.o(i.prvTest1_CreateTimersWithoutSchedulerRunning))
<BR><BR>[Stack]<UL><LI>Max Depth = 184<LI>Call Chain = prvTest1_CreateTimersWithoutSchedulerRunning &rArr; xTimerCreate &rArr; prvInitialiseNewTimer &rArr; prvCheckForValidListAndQueue &rArr; xQueueGenericCreate &rArr; prvInitialiseNewQueue &rArr; xQueueGenericReset &rArr; xTaskRemoveFromEventList
</UL>
<BR>[Calls]<UL><LI><a href="#[b0]">&gt;&gt;</a>&nbsp;&nbsp;&nbsp;xTaskGetTickCount
<LI><a href="#[e6]">&gt;&gt;</a>&nbsp;&nbsp;&nbsp;xTimerGenericCommand
<LI><a href="#[e5]">&gt;&gt;</a>&nbsp;&nbsp;&nbsp;xTimerCreate
<LI><a href="#[10f]">&gt;&gt;</a>&nbsp;&nbsp;&nbsp;pcTimerGetName
<LI><a href="#[110]">&gt;&gt;</a>&nbsp;&nbsp;&nbsp;strcmp
</UL>
<BR>[Called By]<UL><LI><a href="#[94]">&gt;&gt;</a>&nbsp;&nbsp;&nbsp;vStartTimerDemoTask
</UL>

<P><STRONG><a name="[111]"></a>prvTest2_CheckTaskAndTimersInitialState</STRONG> (Thumb, 106 bytes, Stack size 8 bytes, timerdemo.o(i.prvTest2_CheckTaskAndTimersInitialState))
<BR><BR>[Stack]<UL><LI>Max Depth = 24<LI>Call Chain = prvTest2_CheckTaskAndTimersInitialState &rArr; xTimerIsTimerActive
</UL>
<BR>[Calls]<UL><LI><a href="#[fb]">&gt;&gt;</a>&nbsp;&nbsp;&nbsp;xTimerIsTimerActive
</UL>
<BR>[Called By]<UL><LI><a href="#[5b]">&gt;&gt;</a>&nbsp;&nbsp;&nbsp;prvTimerTestTask
</UL>

<P><STRONG><a name="[112]"></a>prvTest3_CheckAutoReloadExpireRates</STRONG> (Thumb, 146 bytes, Stack size 32 bytes, timerdemo.o(i.prvTest3_CheckAutoReloadExpireRates))
<BR><BR>[Stack]<UL><LI>Max Depth = 80<LI>Call Chain = prvTest3_CheckAutoReloadExpireRates &rArr; vTaskDelay &rArr; prvAddCurrentTaskToDelayedList &rArr; vListInsert
</UL>
<BR>[Calls]<UL><LI><a href="#[9f]">&gt;&gt;</a>&nbsp;&nbsp;&nbsp;vTaskDelay
<LI><a href="#[e2]">&gt;&gt;</a>&nbsp;&nbsp;&nbsp;vTaskPrioritySet
<LI><a href="#[f6]">&gt;&gt;</a>&nbsp;&nbsp;&nbsp;uxTaskPriorityGet
</UL>
<BR>[Called By]<UL><LI><a href="#[5b]">&gt;&gt;</a>&nbsp;&nbsp;&nbsp;prvTimerTestTask
</UL>

<P><STRONG><a name="[113]"></a>prvTest4_CheckAutoReloadTimersCanBeStopped</STRONG> (Thumb, 266 bytes, Stack size 16 bytes, timerdemo.o(i.prvTest4_CheckAutoReloadTimersCanBeStopped))
<BR><BR>[Stack]<UL><LI>Max Depth = 168<LI>Call Chain = prvTest4_CheckAutoReloadTimersCanBeStopped &rArr; xTimerGenericCommand &rArr; xQueueGenericSend &rArr; vTaskPlaceOnEventList &rArr; prvAddCurrentTaskToDelayedList &rArr; vListInsert
</UL>
<BR>[Calls]<UL><LI><a href="#[7a]">&gt;&gt;</a>&nbsp;&nbsp;&nbsp;vPortExitCritical
<LI><a href="#[79]">&gt;&gt;</a>&nbsp;&nbsp;&nbsp;vPortEnterCritical
<LI><a href="#[9f]">&gt;&gt;</a>&nbsp;&nbsp;&nbsp;vTaskDelay
<LI><a href="#[fb]">&gt;&gt;</a>&nbsp;&nbsp;&nbsp;xTimerIsTimerActive
<LI><a href="#[e6]">&gt;&gt;</a>&nbsp;&nbsp;&nbsp;xTimerGenericCommand
</UL>
<BR>[Called By]<UL><LI><a href="#[5b]">&gt;&gt;</a>&nbsp;&nbsp;&nbsp;prvTimerTestTask
</UL>

<P><STRONG><a name="[114]"></a>prvTest5_CheckBasicOneShotTimerBehaviour</STRONG> (Thumb, 282 bytes, Stack size 16 bytes, timerdemo.o(i.prvTest5_CheckBasicOneShotTimerBehaviour))
<BR><BR>[Stack]<UL><LI>Max Depth = 168<LI>Call Chain = prvTest5_CheckBasicOneShotTimerBehaviour &rArr; xTimerGenericCommand &rArr; xQueueGenericSend &rArr; vTaskPlaceOnEventList &rArr; prvAddCurrentTaskToDelayedList &rArr; vListInsert
</UL>
<BR>[Calls]<UL><LI><a href="#[b0]">&gt;&gt;</a>&nbsp;&nbsp;&nbsp;xTaskGetTickCount
<LI><a href="#[9f]">&gt;&gt;</a>&nbsp;&nbsp;&nbsp;vTaskDelay
<LI><a href="#[fb]">&gt;&gt;</a>&nbsp;&nbsp;&nbsp;xTimerIsTimerActive
<LI><a href="#[e6]">&gt;&gt;</a>&nbsp;&nbsp;&nbsp;xTimerGenericCommand
</UL>
<BR>[Called By]<UL><LI><a href="#[5b]">&gt;&gt;</a>&nbsp;&nbsp;&nbsp;prvTimerTestTask
</UL>

<P><STRONG><a name="[115]"></a>prvTest6_CheckAutoReloadResetBehaviour</STRONG> (Thumb, 676 bytes, Stack size 16 bytes, timerdemo.o(i.prvTest6_CheckAutoReloadResetBehaviour))
<BR><BR>[Stack]<UL><LI>Max Depth = 168<LI>Call Chain = prvTest6_CheckAutoReloadResetBehaviour &rArr; xTimerGenericCommand &rArr; xQueueGenericSend &rArr; vTaskPlaceOnEventList &rArr; prvAddCurrentTaskToDelayedList &rArr; vListInsert
</UL>
<BR>[Calls]<UL><LI><a href="#[b0]">&gt;&gt;</a>&nbsp;&nbsp;&nbsp;xTaskGetTickCount
<LI><a href="#[9f]">&gt;&gt;</a>&nbsp;&nbsp;&nbsp;vTaskDelay
<LI><a href="#[fb]">&gt;&gt;</a>&nbsp;&nbsp;&nbsp;xTimerIsTimerActive
<LI><a href="#[e6]">&gt;&gt;</a>&nbsp;&nbsp;&nbsp;xTimerGenericCommand
</UL>
<BR>[Called By]<UL><LI><a href="#[5b]">&gt;&gt;</a>&nbsp;&nbsp;&nbsp;prvTimerTestTask
</UL>

<P><STRONG><a name="[5b]"></a>prvTimerTestTask</STRONG> (Thumb, 96 bytes, Stack size 8 bytes, timerdemo.o(i.prvTimerTestTask))
<BR><BR>[Stack]<UL><LI>Max Depth = 176<LI>Call Chain = prvTimerTestTask &rArr; xTimerCreate &rArr; prvInitialiseNewTimer &rArr; prvCheckForValidListAndQueue &rArr; xQueueGenericCreate &rArr; prvInitialiseNewQueue &rArr; xQueueGenericReset &rArr; xTaskRemoveFromEventList
</UL>
<BR>[Calls]<UL><LI><a href="#[e5]">&gt;&gt;</a>&nbsp;&nbsp;&nbsp;xTimerCreate
<LI><a href="#[115]">&gt;&gt;</a>&nbsp;&nbsp;&nbsp;prvTest6_CheckAutoReloadResetBehaviour
<LI><a href="#[114]">&gt;&gt;</a>&nbsp;&nbsp;&nbsp;prvTest5_CheckBasicOneShotTimerBehaviour
<LI><a href="#[113]">&gt;&gt;</a>&nbsp;&nbsp;&nbsp;prvTest4_CheckAutoReloadTimersCanBeStopped
<LI><a href="#[112]">&gt;&gt;</a>&nbsp;&nbsp;&nbsp;prvTest3_CheckAutoReloadExpireRates
<LI><a href="#[111]">&gt;&gt;</a>&nbsp;&nbsp;&nbsp;prvTest2_CheckTaskAndTimersInitialState
<LI><a href="#[fa]">&gt;&gt;</a>&nbsp;&nbsp;&nbsp;prvResetStartConditionsForNextIteration
</UL>
<BR>[Address Reference Count : 1]<UL><LI> timerdemo.o(i.vStartTimerDemoTask)
</UL>
<P><STRONG><a name="[75]"></a>prvGetNumberOfParameters</STRONG> (Thumb, 46 bytes, Stack size 0 bytes, freertos_cli.o(i.prvGetNumberOfParameters))
<BR><BR>[Called By]<UL><LI><a href="#[72]">&gt;&gt;</a>&nbsp;&nbsp;&nbsp;FreeRTOS_CLIProcessCommand
</UL>

<P><STRONG><a name="[61]"></a>prvHelpCommand</STRONG> (Thumb, 66 bytes, Stack size 24 bytes, freertos_cli.o(i.prvHelpCommand))
<BR><BR>[Stack]<UL><LI>Max Depth = 32<LI>Call Chain = prvHelpCommand &rArr; strncpy
</UL>
<BR>[Calls]<UL><LI><a href="#[76]">&gt;&gt;</a>&nbsp;&nbsp;&nbsp;strncpy
</UL>
<BR>[Address Reference Count : 1]<UL><LI> freertos_cli.o(.constdata)
</UL>
<P><STRONG><a name="[64]"></a>prvParameterEchoCommand</STRONG> (Thumb, 144 bytes, Stack size 32 bytes, sample-cli-commands.o(i.prvParameterEchoCommand))
<BR><BR>[Stack]<UL><LI>Max Depth = 56<LI>Call Chain = prvParameterEchoCommand &rArr; __2sprintf
</UL>
<BR>[Calls]<UL><LI><a href="#[eb]">&gt;&gt;</a>&nbsp;&nbsp;&nbsp;FreeRTOS_CLIGetParameter
<LI><a href="#[ea]">&gt;&gt;</a>&nbsp;&nbsp;&nbsp;__2sprintf
<LI><a href="#[ec]">&gt;&gt;</a>&nbsp;&nbsp;&nbsp;strncat
<LI><a href="#[69]">&gt;&gt;</a>&nbsp;&nbsp;&nbsp;__aeabi_memclr
</UL>
<BR>[Address Reference Count : 1]<UL><LI> sample-cli-commands.o(.constdata)
</UL>
<P><STRONG><a name="[65]"></a>prvRunTimeStatsCommand</STRONG> (Thumb, 100 bytes, Stack size 32 bytes, sample-cli-commands.o(i.prvRunTimeStatsCommand))
<BR><BR>[Stack]<UL><LI>Max Depth = 176<LI>Call Chain = prvRunTimeStatsCommand &rArr; vTaskGetRunTimeStats &rArr; uxTaskGetSystemState &rArr; prvListTasksWithinSingleList &rArr; vTaskGetInfo &rArr; eTaskGetState
</UL>
<BR>[Calls]<UL><LI><a href="#[fd]">&gt;&gt;</a>&nbsp;&nbsp;&nbsp;vTaskGetRunTimeStats
<LI><a href="#[fc]">&gt;&gt;</a>&nbsp;&nbsp;&nbsp;strcpy
<LI><a href="#[73]">&gt;&gt;</a>&nbsp;&nbsp;&nbsp;strlen
</UL>
<BR>[Address Reference Count : 1]<UL><LI> sample-cli-commands.o(.constdata)
</UL>
<P><STRONG><a name="[62]"></a>prvTaskStatsCommand</STRONG> (Thumb, 100 bytes, Stack size 32 bytes, sample-cli-commands.o(i.prvTaskStatsCommand))
<BR><BR>[Stack]<UL><LI>Max Depth = 176<LI>Call Chain = prvTaskStatsCommand &rArr; vTaskList &rArr; uxTaskGetSystemState &rArr; prvListTasksWithinSingleList &rArr; vTaskGetInfo &rArr; eTaskGetState
</UL>
<BR>[Calls]<UL><LI><a href="#[10d]">&gt;&gt;</a>&nbsp;&nbsp;&nbsp;vTaskList
<LI><a href="#[fc]">&gt;&gt;</a>&nbsp;&nbsp;&nbsp;strcpy
<LI><a href="#[73]">&gt;&gt;</a>&nbsp;&nbsp;&nbsp;strlen
</UL>
<BR>[Address Reference Count : 1]<UL><LI> sample-cli-commands.o(.constdata)
</UL>
<P><STRONG><a name="[63]"></a>prvThreeParameterEchoCommand</STRONG> (Thumb, 172 bytes, Stack size 32 bytes, sample-cli-commands.o(i.prvThreeParameterEchoCommand))
<BR><BR>[Stack]<UL><LI>Max Depth = 56<LI>Call Chain = prvThreeParameterEchoCommand &rArr; __2sprintf
</UL>
<BR>[Calls]<UL><LI><a href="#[eb]">&gt;&gt;</a>&nbsp;&nbsp;&nbsp;FreeRTOS_CLIGetParameter
<LI><a href="#[ea]">&gt;&gt;</a>&nbsp;&nbsp;&nbsp;__2sprintf
<LI><a href="#[ec]">&gt;&gt;</a>&nbsp;&nbsp;&nbsp;strncat
<LI><a href="#[69]">&gt;&gt;</a>&nbsp;&nbsp;&nbsp;__aeabi_memclr
</UL>
<BR>[Address Reference Count : 1]<UL><LI> sample-cli-commands.o(.constdata)
</UL>
<P><STRONG><a name="[5d]"></a>prvUARTCommandConsoleTask</STRONG> (Thumb, 308 bytes, Stack size 8 bytes, uartcommandconsole.o(i.prvUARTCommandConsoleTask))
<BR><BR>[Stack]<UL><LI>Max Depth = 128<LI>Call Chain = prvUARTCommandConsoleTask &rArr; xSerialGetChar &rArr; xQueueReceive &rArr; vTaskPlaceOnEventList &rArr; prvAddCurrentTaskToDelayedList &rArr; vListInsert
</UL>
<BR>[Calls]<UL><LI><a href="#[9d]">&gt;&gt;</a>&nbsp;&nbsp;&nbsp;xQueueGenericSend
<LI><a href="#[c7]">&gt;&gt;</a>&nbsp;&nbsp;&nbsp;xQueueSemaphoreTake
<LI><a href="#[11b]">&gt;&gt;</a>&nbsp;&nbsp;&nbsp;xSerialPutChar
<LI><a href="#[11a]">&gt;&gt;</a>&nbsp;&nbsp;&nbsp;xSerialGetChar
<LI><a href="#[119]">&gt;&gt;</a>&nbsp;&nbsp;&nbsp;vSerialPutString
<LI><a href="#[8e]">&gt;&gt;</a>&nbsp;&nbsp;&nbsp;xSerialPortInitMinimal
<LI><a href="#[72]">&gt;&gt;</a>&nbsp;&nbsp;&nbsp;FreeRTOS_CLIProcessCommand
<LI><a href="#[118]">&gt;&gt;</a>&nbsp;&nbsp;&nbsp;FreeRTOS_CLIGetOutputBuffer
<LI><a href="#[fc]">&gt;&gt;</a>&nbsp;&nbsp;&nbsp;strcpy
<LI><a href="#[73]">&gt;&gt;</a>&nbsp;&nbsp;&nbsp;strlen
<LI><a href="#[69]">&gt;&gt;</a>&nbsp;&nbsp;&nbsp;__aeabi_memclr
</UL>
<BR>[Address Reference Count : 1]<UL><LI> uartcommandconsole.o(i.vUARTCommandConsoleStart)
</UL>
<P><STRONG><a name="[4b]"></a>prv1stHigherPriorityNormallyFullTask</STRONG> (Thumb, 246 bytes, Stack size 8 bytes, intqueue.o(i.prv1stHigherPriorityNormallyFullTask))
<BR><BR>[Stack]<UL><LI>Max Depth = 112<LI>Call Chain = prv1stHigherPriorityNormallyFullTask &rArr; xQueueGenericSend &rArr; vTaskPlaceOnEventList &rArr; prvAddCurrentTaskToDelayedList &rArr; vListInsert
</UL>
<BR>[Calls]<UL><LI><a href="#[7a]">&gt;&gt;</a>&nbsp;&nbsp;&nbsp;vPortExitCritical
<LI><a href="#[79]">&gt;&gt;</a>&nbsp;&nbsp;&nbsp;vPortEnterCritical
<LI><a href="#[9d]">&gt;&gt;</a>&nbsp;&nbsp;&nbsp;xQueueGenericSend
<LI><a href="#[9f]">&gt;&gt;</a>&nbsp;&nbsp;&nbsp;vTaskDelay
<LI><a href="#[a0]">&gt;&gt;</a>&nbsp;&nbsp;&nbsp;vTaskSuspend
<LI><a href="#[a1]">&gt;&gt;</a>&nbsp;&nbsp;&nbsp;vTaskResume
<LI><a href="#[9e]">&gt;&gt;</a>&nbsp;&nbsp;&nbsp;prvQueueAccessLogError
<LI><a href="#[69]">&gt;&gt;</a>&nbsp;&nbsp;&nbsp;__aeabi_memclr
</UL>
<BR>[Address Reference Count : 1]<UL><LI> intqueue.o(i.vStartInterruptQueueTasks)
</UL>
<P><STRONG><a name="[4c]"></a>prv2ndHigherPriorityNormallyFullTask</STRONG> (Thumb, 134 bytes, Stack size 8 bytes, intqueue.o(i.prv2ndHigherPriorityNormallyFullTask))
<BR><BR>[Stack]<UL><LI>Max Depth = 112<LI>Call Chain = prv2ndHigherPriorityNormallyFullTask &rArr; xQueueGenericSend &rArr; vTaskPlaceOnEventList &rArr; prvAddCurrentTaskToDelayedList &rArr; vListInsert
</UL>
<BR>[Calls]<UL><LI><a href="#[7a]">&gt;&gt;</a>&nbsp;&nbsp;&nbsp;vPortExitCritical
<LI><a href="#[79]">&gt;&gt;</a>&nbsp;&nbsp;&nbsp;vPortEnterCritical
<LI><a href="#[9d]">&gt;&gt;</a>&nbsp;&nbsp;&nbsp;xQueueGenericSend
<LI><a href="#[9e]">&gt;&gt;</a>&nbsp;&nbsp;&nbsp;prvQueueAccessLogError
</UL>
<BR>[Address Reference Count : 1]<UL><LI> intqueue.o(i.vStartInterruptQueueTasks)
</UL>
<P><STRONG><a name="[49]"></a>prvHigherPriorityNormallyEmptyTask</STRONG> (Thumb, 266 bytes, Stack size 8 bytes, intqueue.o(i.prvHigherPriorityNormallyEmptyTask))
<BR><BR>[Stack]<UL><LI>Max Depth = 104<LI>Call Chain = prvHigherPriorityNormallyEmptyTask &rArr; xQueueReceive &rArr; vTaskPlaceOnEventList &rArr; prvAddCurrentTaskToDelayedList &rArr; vListInsert
</UL>
<BR>[Calls]<UL><LI><a href="#[cc]">&gt;&gt;</a>&nbsp;&nbsp;&nbsp;xQueueReceive
<LI><a href="#[a0]">&gt;&gt;</a>&nbsp;&nbsp;&nbsp;vTaskSuspend
<LI><a href="#[a1]">&gt;&gt;</a>&nbsp;&nbsp;&nbsp;vTaskResume
<LI><a href="#[cd]">&gt;&gt;</a>&nbsp;&nbsp;&nbsp;prvRecordValue_NormallyEmpty
<LI><a href="#[9e]">&gt;&gt;</a>&nbsp;&nbsp;&nbsp;prvQueueAccessLogError
<LI><a href="#[cb]">&gt;&gt;</a>&nbsp;&nbsp;&nbsp;vInitialiseTimerForIntQueueTest
<LI><a href="#[69]">&gt;&gt;</a>&nbsp;&nbsp;&nbsp;__aeabi_memclr
</UL>
<BR>[Address Reference Count : 1]<UL><LI> intqueue.o(i.vStartInterruptQueueTasks)
</UL>
<P><STRONG><a name="[4a]"></a>prvLowerPriorityNormallyEmptyTask</STRONG> (Thumb, 134 bytes, Stack size 16 bytes, intqueue.o(i.prvLowerPriorityNormallyEmptyTask))
<BR><BR>[Stack]<UL><LI>Max Depth = 120<LI>Call Chain = prvLowerPriorityNormallyEmptyTask &rArr; xQueueGenericSend &rArr; vTaskPlaceOnEventList &rArr; prvAddCurrentTaskToDelayedList &rArr; vListInsert
</UL>
<BR>[Calls]<UL><LI><a href="#[7a]">&gt;&gt;</a>&nbsp;&nbsp;&nbsp;vPortExitCritical
<LI><a href="#[79]">&gt;&gt;</a>&nbsp;&nbsp;&nbsp;vPortEnterCritical
<LI><a href="#[cc]">&gt;&gt;</a>&nbsp;&nbsp;&nbsp;xQueueReceive
<LI><a href="#[9d]">&gt;&gt;</a>&nbsp;&nbsp;&nbsp;xQueueGenericSend
<LI><a href="#[a1]">&gt;&gt;</a>&nbsp;&nbsp;&nbsp;vTaskResume
<LI><a href="#[e2]">&gt;&gt;</a>&nbsp;&nbsp;&nbsp;vTaskPrioritySet
<LI><a href="#[8a]">&gt;&gt;</a>&nbsp;&nbsp;&nbsp;eTaskGetState
<LI><a href="#[cd]">&gt;&gt;</a>&nbsp;&nbsp;&nbsp;prvRecordValue_NormallyEmpty
<LI><a href="#[9e]">&gt;&gt;</a>&nbsp;&nbsp;&nbsp;prvQueueAccessLogError
</UL>
<BR>[Address Reference Count : 1]<UL><LI> intqueue.o(i.vStartInterruptQueueTasks)
</UL>
<P><STRONG><a name="[4d]"></a>prvLowerPriorityNormallyFullTask</STRONG> (Thumb, 120 bytes, Stack size 16 bytes, intqueue.o(i.prvLowerPriorityNormallyFullTask))
<BR><BR>[Stack]<UL><LI>Max Depth = 120<LI>Call Chain = prvLowerPriorityNormallyFullTask &rArr; xQueueGenericSend &rArr; vTaskPlaceOnEventList &rArr; prvAddCurrentTaskToDelayedList &rArr; vListInsert
</UL>
<BR>[Calls]<UL><LI><a href="#[cc]">&gt;&gt;</a>&nbsp;&nbsp;&nbsp;xQueueReceive
<LI><a href="#[9d]">&gt;&gt;</a>&nbsp;&nbsp;&nbsp;xQueueGenericSend
<LI><a href="#[a1]">&gt;&gt;</a>&nbsp;&nbsp;&nbsp;vTaskResume
<LI><a href="#[e2]">&gt;&gt;</a>&nbsp;&nbsp;&nbsp;vTaskPrioritySet
<LI><a href="#[8a]">&gt;&gt;</a>&nbsp;&nbsp;&nbsp;eTaskGetState
<LI><a href="#[e3]">&gt;&gt;</a>&nbsp;&nbsp;&nbsp;prvRecordValue_NormallyFull
<LI><a href="#[9e]">&gt;&gt;</a>&nbsp;&nbsp;&nbsp;prvQueueAccessLogError
</UL>
<BR>[Address Reference Count : 1]<UL><LI> intqueue.o(i.vStartInterruptQueueTasks)
</UL>
<P><STRONG><a name="[9e]"></a>prvQueueAccessLogError</STRONG> (Thumb, 12 bytes, Stack size 0 bytes, intqueue.o(i.prvQueueAccessLogError))
<BR><BR>[Called By]<UL><LI><a href="#[b2]">&gt;&gt;</a>&nbsp;&nbsp;&nbsp;xAreIntQueueTasksStillRunning
<LI><a href="#[e3]">&gt;&gt;</a>&nbsp;&nbsp;&nbsp;prvRecordValue_NormallyFull
<LI><a href="#[cd]">&gt;&gt;</a>&nbsp;&nbsp;&nbsp;prvRecordValue_NormallyEmpty
<LI><a href="#[4d]">&gt;&gt;</a>&nbsp;&nbsp;&nbsp;prvLowerPriorityNormallyFullTask
<LI><a href="#[4a]">&gt;&gt;</a>&nbsp;&nbsp;&nbsp;prvLowerPriorityNormallyEmptyTask
<LI><a href="#[49]">&gt;&gt;</a>&nbsp;&nbsp;&nbsp;prvHigherPriorityNormallyEmptyTask
<LI><a href="#[4c]">&gt;&gt;</a>&nbsp;&nbsp;&nbsp;prv2ndHigherPriorityNormallyFullTask
<LI><a href="#[4b]">&gt;&gt;</a>&nbsp;&nbsp;&nbsp;prv1stHigherPriorityNormallyFullTask
<LI><a href="#[146]">&gt;&gt;</a>&nbsp;&nbsp;&nbsp;xSecondTimerHandler
</UL>

<P><STRONG><a name="[cd]"></a>prvRecordValue_NormallyEmpty</STRONG> (Thumb, 28 bytes, Stack size 16 bytes, intqueue.o(i.prvRecordValue_NormallyEmpty))
<BR><BR>[Stack]<UL><LI>Max Depth = 16<LI>Call Chain = prvRecordValue_NormallyEmpty
</UL>
<BR>[Calls]<UL><LI><a href="#[9e]">&gt;&gt;</a>&nbsp;&nbsp;&nbsp;prvQueueAccessLogError
</UL>
<BR>[Called By]<UL><LI><a href="#[4a]">&gt;&gt;</a>&nbsp;&nbsp;&nbsp;prvLowerPriorityNormallyEmptyTask
<LI><a href="#[49]">&gt;&gt;</a>&nbsp;&nbsp;&nbsp;prvHigherPriorityNormallyEmptyTask
<LI><a href="#[146]">&gt;&gt;</a>&nbsp;&nbsp;&nbsp;xSecondTimerHandler
</UL>

<P><STRONG><a name="[e3]"></a>prvRecordValue_NormallyFull</STRONG> (Thumb, 28 bytes, Stack size 16 bytes, intqueue.o(i.prvRecordValue_NormallyFull))
<BR><BR>[Stack]<UL><LI>Max Depth = 16<LI>Call Chain = prvRecordValue_NormallyFull
</UL>
<BR>[Calls]<UL><LI><a href="#[9e]">&gt;&gt;</a>&nbsp;&nbsp;&nbsp;prvQueueAccessLogError
</UL>
<BR>[Called By]<UL><LI><a href="#[4d]">&gt;&gt;</a>&nbsp;&nbsp;&nbsp;prvLowerPriorityNormallyFullTask
<LI><a href="#[146]">&gt;&gt;</a>&nbsp;&nbsp;&nbsp;xSecondTimerHandler
<LI><a href="#[145]">&gt;&gt;</a>&nbsp;&nbsp;&nbsp;xFirstTimerHandler
</UL>

<P><STRONG><a name="[71]"></a>_CSComputeCLKFrequency</STRONG> (Thumb, 198 bytes, Stack size 16 bytes, cs.o(i._CSComputeCLKFrequency))
<BR><BR>[Stack]<UL><LI>Max Depth = 72<LI>Call Chain = _CSComputeCLKFrequency &rArr; CS_getDCOFrequency &rArr; SysCtl_getTLVInfo
</UL>
<BR>[Calls]<UL><LI><a href="#[6d]">&gt;&gt;</a>&nbsp;&nbsp;&nbsp;CS_getDCOFrequency
<LI><a href="#[86]">&gt;&gt;</a>&nbsp;&nbsp;&nbsp;CS_clearInterruptFlag
<LI><a href="#[85]">&gt;&gt;</a>&nbsp;&nbsp;&nbsp;_CSGetDividerValue
</UL>
<BR>[Called By]<UL><LI><a href="#[70]">&gt;&gt;</a>&nbsp;&nbsp;&nbsp;CS_getMCLK
</UL>

<P><STRONG><a name="[6e]"></a>_CSGetDOCFrequency</STRONG> (Thumb, 78 bytes, Stack size 0 bytes, cs.o(i._CSGetDOCFrequency))
<BR><BR>[Called By]<UL><LI><a href="#[6d]">&gt;&gt;</a>&nbsp;&nbsp;&nbsp;CS_getDCOFrequency
</UL>

<P><STRONG><a name="[85]"></a>_CSGetDividerValue</STRONG> (Thumb, 62 bytes, Stack size 0 bytes, cs.o(i._CSGetDividerValue))
<BR><BR>[Called By]<UL><LI><a href="#[71]">&gt;&gt;</a>&nbsp;&nbsp;&nbsp;_CSComputeCLKFrequency
</UL>

<P><STRONG><a name="[7f]"></a>__PCM_setCoreVoltageLevelAdvanced</STRONG> (Thumb, 196 bytes, Stack size 32 bytes, pcm.o(i.__PCM_setCoreVoltageLevelAdvanced))
<BR><BR>[Stack]<UL><LI>Max Depth = 72<LI>Call Chain = __PCM_setCoreVoltageLevelAdvanced &rArr; PCM_setPowerMode &rArr; __PCM_setPowerModeAdvanced &rArr; PCM_getPowerMode
</UL>
<BR>[Calls]<UL><LI><a href="#[80]">&gt;&gt;</a>&nbsp;&nbsp;&nbsp;PCM_setPowerMode
<LI><a href="#[7c]">&gt;&gt;</a>&nbsp;&nbsp;&nbsp;PCM_getPowerState
<LI><a href="#[7d]">&gt;&gt;</a>&nbsp;&nbsp;&nbsp;PCM_getPowerMode
<LI><a href="#[7b]">&gt;&gt;</a>&nbsp;&nbsp;&nbsp;PCM_getCoreVoltageLevel
</UL>
<BR>[Called By]<UL><LI><a href="#[7e]">&gt;&gt;</a>&nbsp;&nbsp;&nbsp;PCM_setCoreVoltageLevel
</UL>

<P><STRONG><a name="[81]"></a>__PCM_setPowerModeAdvanced</STRONG> (Thumb, 260 bytes, Stack size 28 bytes, pcm.o(i.__PCM_setPowerModeAdvanced))
<BR><BR>[Stack]<UL><LI>Max Depth = 32<LI>Call Chain = __PCM_setPowerModeAdvanced &rArr; PCM_getPowerMode
</UL>
<BR>[Calls]<UL><LI><a href="#[7c]">&gt;&gt;</a>&nbsp;&nbsp;&nbsp;PCM_getPowerState
<LI><a href="#[7d]">&gt;&gt;</a>&nbsp;&nbsp;&nbsp;PCM_getPowerMode
</UL>
<BR>[Called By]<UL><LI><a href="#[80]">&gt;&gt;</a>&nbsp;&nbsp;&nbsp;PCM_setPowerMode
</UL>

<P><STRONG><a name="[88]"></a>_printf_core</STRONG> (Thumb, 436 bytes, Stack size 96 bytes, printf3.o(i._printf_core), UNUSED)
<BR><BR>[Calls]<UL><LI><a href="#[89]">&gt;&gt;</a>&nbsp;&nbsp;&nbsp;__aeabi_uidivmod
</UL>
<BR>[Called By]<UL><LI><a href="#[87]">&gt;&gt;</a>&nbsp;&nbsp;&nbsp;__0sprintf$3
</UL>

<P><STRONG><a name="[36]"></a>_sputc</STRONG> (Thumb, 10 bytes, Stack size 0 bytes, printf3.o(i._sputc))
<BR><BR>[Called By]<UL><LI><a href="#[87]">&gt;&gt;</a>&nbsp;&nbsp;&nbsp;__0sprintf$3
</UL>
<BR>[Address Reference Count : 1]<UL><LI> printf3.o(i.__0sprintf$3)
</UL><P>
<H3>
Undefined Global Symbols
</H3><HR></body></html>
