<html>
<body>
<pre>
<h1>µVision Build Log</h1>
<h2>Tool Versions:</h2>
IDE-Version: µVision V5.26.2.0
Copyright (C) 2018 ARM Ltd and ARM Germany GmbH. All rights reserved.
License Information: Junle Zhang, ACE, LIC=----
 
Tool Versions:
Toolchain:       MDK-Lite  Version: 5.26.2.0
Toolchain Path:  C:\Keil_v5\ARM\ARMCC\Bin
C Compiler:      Armcc.exe V5.06 update 6 (build 750)
Assembler:       Armasm.exe V5.06 update 6 (build 750)
Linker/Locator:  ArmLink.exe V5.06 update 6 (build 750)
Library Manager: ArmAr.exe V5.06 update 6 (build 750)
Hex Converter:   FromElf.exe V5.06 update 6 (build 750)
CPU DLL:         SARMCM3.DLL V5.26.2.0
Dialog DLL:      DCM.DLL V1.17.2.0
Target DLL:      CMSIS_AGDI.dll V1.30.6.0
Dialog DLL:      TCM.DLL V1.36.1.0
 
<h2>Project:</h2>
D:\Dropbox\referenceJZ\CSE\FreeRTOS\FreeRTOSv10.1.1\FreeRTOS\Demo\CORTEX_M4F_MSP432_LaunchPad_IAR_CCS_Keil\RTOSDemo.uvprojx
Project File Date:  01/31/2019

<h2>Output:</h2>
*** Using Compiler 'V5.06 update 6 (build 750)', folder: 'C:\Keil_v5\ARM\ARMCC\Bin'
Rebuild target 'Target 1'
assembling startup_MSP432P4.s...
compiling system_msp432p401r.c...
compiling list.c...
compiling main_blinky.c...
compiling event_groups.c...
compiling main.c...
compiling queue.c...
compiling tasks.c...
compiling timers.c...
compiling heap_4.c...
compiling main_full.c...
compiling port.c...
compiling RunTimeStatsTimer.c...
compiling serial.c...
compiling BlockQ.c...
compiling countsem.c...
compiling recmutex.c...
compiling EventGroupsDemo.c...
compiling IntSemTest.c...
compiling GenQTest.c...
compiling semtest.c...
compiling sp_flop.c...
compiling RegTest.c...
compiling TaskNotify.c...
compiling FreeRTOS_CLI.c...
compiling Sample-CLI-commands.c...
compiling UARTCommandConsole.c...
compiling TimerDemo.c...
compiling IntQueueTimer.c...
compiling IntQueue.c...
compiling cpu.c...
compiling cs.c...
compiling gpio.c...
driverlib\gpio.c(71): warning:  #1296-D: extended constant initialiser used
  	(uint32_t)P1,
driverlib\gpio.c(72): warning:  #1296-D: extended constant initialiser used
  	(uint32_t)P1+1,
driverlib\gpio.c(73): warning:  #1296-D: extended constant initialiser used
  	(uint32_t)P3,
driverlib\gpio.c(74): warning:  #1296-D: extended constant initialiser used
  	(uint32_t)P3+1,
driverlib\gpio.c(75): warning:  #1296-D: extended constant initialiser used
  	(uint32_t)P5,
driverlib\gpio.c(76): warning:  #1296-D: extended constant initialiser used
  	(uint32_t)P5+1,
driverlib\gpio.c(77): warning:  #1296-D: extended constant initialiser used
  	(uint32_t)P7,
driverlib\gpio.c(78): warning:  #1296-D: extended constant initialiser used
  	(uint32_t)P7+1,
driverlib\gpio.c(79): warning:  #1296-D: extended constant initialiser used
  	(uint32_t)P9,
driverlib\gpio.c(80): warning:  #1296-D: extended constant initialiser used
  	(uint32_t)P9+1,
driverlib\gpio.c(81): warning:  #1296-D: extended constant initialiser used
  	(uint32_t)PJ
driverlib\gpio.c: 11 warnings, 0 errors
compiling interrupt.c...
compiling pcm.c...
compiling uart.c...
compiling wdt_a.c...
compiling sysctl.c...
compiling fpu.c...
compiling timer32.c...
compiling rtc_c.c...
compiling flash.c...
linking...
Program Size: Code=13500 RO-data=500 RW-data=292 ZI-data=52356  
".\Keil_Debug\RTOSDemo.axf" - 0 Error(s), 11 Warning(s).

<h2>Software Packages used:</h2>

Package Vendor: ARM
                http://www.keil.com/pack/ARM.CMSIS.5.4.0.pack
                ARM.CMSIS.5.4.0
                CMSIS (Cortex Microcontroller Software Interface Standard)
   * Component: CORE Version: 5.1.2

Package Vendor: TexasInstruments
                http://software-dl.ti.com/msp430/msp430_public_sw/mcu/msp430/msp432cmsis/latest/exports/TexasInstruments.MSP432P4xx_DFP.3.2.6.pack
                TexasInstruments.MSP432P4xx_DFP.3.2.6
                Device Family Pack for Texas Instruments SimpleLink(TM) MSP432 Series

<h2>Collection of Component include folders:</h2>
  .\RTE\_Target_1
  C:\Keil_v5\ARM\PACK\ARM\CMSIS\5.4.0\CMSIS\Core\Include
  C:\Keil_v5\ARM\PACK\TexasInstruments\MSP432P4xx_DFP\3.2.6\Device\Include

<h2>Collection of Component Files used:</h2>

   * Component: ARM::CMSIS:CORE:5.1.2
Build Time Elapsed:  00:00:07
</pre>
</body>
</html>
