Component: ARM Compiler 5.06 update 6 (build 750) Tool: armlink [4d35ed]

==============================================================================

Section Cross References

    startup_msp432p4.o(RESET) refers to startup_msp432p4.o(STACK) for __initial_sp
    startup_msp432p4.o(RESET) refers to startup_msp432p4.o(.text) for Reset_Handler
    startup_msp432p4.o(RESET) refers to port.o(.emb_text) for SVC_Handler
    startup_msp432p4.o(RESET) refers to port.o(i.SysTick_Handler) for SysTick_Handler
    startup_msp432p4.o(RESET) refers to serial.o(i.vUART_Handler) for vUART_Handler
    startup_msp432p4.o(RESET) refers to intqueuetimer.o(i.vT32_0_Handler) for vT32_0_Handler
    startup_msp432p4.o(RESET) refers to intqueuetimer.o(i.vT32_1_Handler) for vT32_1_Handler
    startup_msp432p4.o(RESET) refers to main_blinky.o(i.PORT1_IRQHandler) for PORT1_IRQHandler
    startup_msp432p4.o(.text) refers to system_msp432p401r.o(i.SystemInit) for SystemInit
    startup_msp432p4.o(.text) refers to entry.o(.ARM.Collect$$$$00000000) for __main
    system_msp432p401r.o(i.SystemCoreClockUpdate) refers to system_msp432p401r.o(.data) for SystemCoreClock
    main.o(i.main) refers to main.o(i.prvSetupHardware) for prvSetupHardware
    main.o(i.main) refers to main_full.o(i.main_full) for main_full
    main.o(i.malloc) refers to interrupt.o(i.Interrupt_disableMaster) for Interrupt_disableMaster
    main.o(i.prvSetupHardware) refers to wdt_a.o(i.WDT_A_holdTimer) for WDT_A_holdTimer
    main.o(i.prvSetupHardware) refers to fpu.o(i.FPU_enableModule) for FPU_enableModule
    main.o(i.prvSetupHardware) refers to gpio.o(i.GPIO_setAsPeripheralModuleFunctionInputPin) for GPIO_setAsPeripheralModuleFunctionInputPin
    main.o(i.prvSetupHardware) refers to gpio.o(i.GPIO_setOutputLowOnPin) for GPIO_setOutputLowOnPin
    main.o(i.prvSetupHardware) refers to gpio.o(i.GPIO_setAsOutputPin) for GPIO_setAsOutputPin
    main_blinky.o(i.PORT1_IRQHandler) refers to main_blinky.o(.data) for ux
    main_blinky.o(i.main_blinky) refers to main_blinky.o(i.prvConfigureClocks) for prvConfigureClocks
    main_blinky.o(i.main_blinky) refers to main_blinky.o(i.prvConfigureButton) for prvConfigureButton
    main_blinky.o(i.main_blinky) refers to queue.o(i.xQueueGenericCreate) for xQueueGenericCreate
    main_blinky.o(i.main_blinky) refers to tasks.o(i.xTaskCreate) for xTaskCreate
    main_blinky.o(i.main_blinky) refers to tasks.o(i.vTaskStartScheduler) for vTaskStartScheduler
    main_blinky.o(i.main_blinky) refers to main_blinky.o(.data) for xQueue
    main_blinky.o(i.main_blinky) refers to main_blinky.o(i.prvQueueReceiveTask) for prvQueueReceiveTask
    main_blinky.o(i.main_blinky) refers to main_blinky.o(i.prvQueueSendTask) for prvQueueSendTask
    main_blinky.o(i.prvConfigureButton) refers to gpio.o(i.GPIO_setAsInputPinWithPullUpResistor) for GPIO_setAsInputPinWithPullUpResistor
    main_blinky.o(i.prvConfigureButton) refers to gpio.o(i.GPIO_enableInterrupt) for GPIO_enableInterrupt
    main_blinky.o(i.prvConfigureButton) refers to interrupt.o(i.Interrupt_enableInterrupt) for Interrupt_enableInterrupt
    main_blinky.o(i.prvConfigureClocks) refers to flash.o(i.FlashCtl_setWaitState) for FlashCtl_setWaitState
    main_blinky.o(i.prvConfigureClocks) refers to cs.o(i.CS_setDCOCenteredFrequency) for CS_setDCOCenteredFrequency
    main_blinky.o(i.prvConfigureClocks) refers to cs.o(i.CS_initClockSignal) for CS_initClockSignal
    main_blinky.o(i.prvConfigureClocks) refers to pcm.o(i.PCM_setCoreVoltageLevel) for PCM_setCoreVoltageLevel
    main_blinky.o(i.prvQueueReceiveTask) refers to queue.o(i.xQueueReceive) for xQueueReceive
    main_blinky.o(i.prvQueueReceiveTask) refers to gpio.o(i.GPIO_toggleOutputOnPin) for GPIO_toggleOutputOnPin
    main_blinky.o(i.prvQueueReceiveTask) refers to tasks.o(i.vTaskDelay) for vTaskDelay
    main_blinky.o(i.prvQueueReceiveTask) refers to main_blinky.o(.data) for xQueue
    main_blinky.o(i.prvQueueSendTask) refers to tasks.o(i.xTaskGetTickCount) for xTaskGetTickCount
    main_blinky.o(i.prvQueueSendTask) refers to tasks.o(i.vTaskDelayUntil) for vTaskDelayUntil
    main_blinky.o(i.prvQueueSendTask) refers to queue.o(i.xQueueGenericSend) for xQueueGenericSend
    main_blinky.o(i.prvQueueSendTask) refers to main_blinky.o(.data) for xQueue
    event_groups.o(i.vEventGroupClearBitsCallback) refers to event_groups.o(i.xEventGroupClearBits) for xEventGroupClearBits
    event_groups.o(i.vEventGroupDelete) refers to tasks.o(i.vTaskSuspendAll) for vTaskSuspendAll
    event_groups.o(i.vEventGroupDelete) refers to tasks.o(i.vTaskRemoveFromUnorderedEventList) for vTaskRemoveFromUnorderedEventList
    event_groups.o(i.vEventGroupDelete) refers to heap_4.o(i.vPortFree) for vPortFree
    event_groups.o(i.vEventGroupDelete) refers to tasks.o(i.xTaskResumeAll) for xTaskResumeAll
    event_groups.o(i.vEventGroupSetBitsCallback) refers to event_groups.o(i.xEventGroupSetBits) for xEventGroupSetBits
[...]
    .constdata                               0x0000a818   Section      144  interrupt.o(.constdata)
    g_pulPriority                            0x0000a818   Data          32  interrupt.o(.constdata)
    g_pulRegs                                0x0000a838   Data          80  interrupt.o(.constdata)
    g_pulEnRegs                              0x0000a888   Data           8  interrupt.o(.constdata)
    g_pulDisRegs                             0x0000a890   Data           8  interrupt.o(.constdata)
    g_pulPendRegs                            0x0000a898   Data           8  interrupt.o(.constdata)
    g_pulUnpendRegs                          0x0000a8a0   Data           8  interrupt.o(.constdata)
    .conststring                             0x0000a8a8   Section      221  freertos_cli.o(.conststring)
    .conststring                             0x0000a988   Section      579  sample-cli-commands.o(.conststring)
    .conststring                             0x0000abcc   Section      141  uartcommandconsole.o(.conststring)
    .data                                    0x20000000   Section        8  main_blinky.o(.data)
    xQueue                                   0x20000000   Data           4  main_blinky.o(.data)
    ux                                       0x20000004   Data           4  main_blinky.o(.data)
    .data                                    0x20000008   Section       68  tasks.o(.data)
    pxDelayedTaskList                        0x2000000c   Data           4  tasks.o(.data)
    pxOverflowDelayedTaskList                0x20000010   Data           4  tasks.o(.data)
    uxDeletedTasksWaitingCleanUp             0x20000014   Data           4  tasks.o(.data)
    uxCurrentNumberOfTasks                   0x20000018   Data           4  tasks.o(.data)
    xTickCount                               0x2000001c   Data           4  tasks.o(.data)
    uxTopReadyPriority                       0x20000020   Data           4  tasks.o(.data)
    xSchedulerRunning                        0x20000024   Data           4  tasks.o(.data)
    uxPendedTicks                            0x20000028   Data           4  tasks.o(.data)
    xYieldPending                            0x2000002c   Data           4  tasks.o(.data)
    xNumOfOverflows                          0x20000030   Data           4  tasks.o(.data)
    uxTaskNumber                             0x20000034   Data           4  tasks.o(.data)
    xNextTaskUnblockTime                     0x20000038   Data           4  tasks.o(.data)
    xIdleTaskHandle                          0x2000003c   Data           4  tasks.o(.data)
    uxSchedulerSuspended                     0x20000040   Data           4  tasks.o(.data)
    ulTaskSwitchedInTime                     0x20000044   Data           4  tasks.o(.data)
    ulTotalRunTime                           0x20000048   Data           4  tasks.o(.data)
    .data                                    0x2000004c   Section       20  timers.o(.data)
    pxCurrentTimerList                       0x2000004c   Data           4  timers.o(.data)
    pxOverflowTimerList                      0x20000050   Data           4  timers.o(.data)
    xTimerQueue                              0x20000054   Data           4  timers.o(.data)
    xTimerTaskHandle                         0x20000058   Data           4  timers.o(.data)
    xLastTime                                0x2000005c   Data           4  timers.o(.data)
    .data                                    0x20000060   Section       24  heap_4.o(.data)
    xStart                                   0x20000060   Data           8  heap_4.o(.data)
    pxEnd                                    0x20000068   Data           4  heap_4.o(.data)
    xFreeBytesRemaining                      0x2000006c   Data           4  heap_4.o(.data)
    xMinimumEverFreeBytesRemaining           0x20000070   Data           4  heap_4.o(.data)
    xBlockAllocatedBit                       0x20000074   Data           4  heap_4.o(.data)
    .data                                    0x20000078   Section       24  port.o(.data)
    uxCriticalNesting                        0x20000078   Data           4  port.o(.data)
    ulTimerCountsForOneTick                  0x2000007c   Data           4  port.o(.data)
    xMaximumPossibleSuppressedTicks          0x20000080   Data           4  port.o(.data)
    ulStoppedTimerCompensation               0x20000084   Data           4  port.o(.data)
    ucMaxSysCallPriority                     0x20000088   Data           1  port.o(.data)
    ulMaxPRIGROUPValue                       0x2000008c   Data           4  port.o(.data)
    .data                                    0x20000090   Section       16  main_full.o(.data)
    ulLastRegTest1Value                      0x20000098   Data           4  main_full.o(.data)
    ulLastRegTest2Value                      0x2000009c   Data           4  main_full.o(.data)
    .data                                    0x200000a0   Section        8  runtimestatstimer.o(.data)
    ulLastCounterValue                       0x200000a0   Data           4  runtimestatstimer.o(.data)
    ulOverflows                              0x200000a4   Data           4  runtimestatstimer.o(.data)
    .data                                    0x200000a8   Section       16  serial.o(.data)
    xRxQueue                                 0x200000a8   Data           4  serial.o(.data)
    pcStringStart                            0x200000ac   Data           4  serial.o(.data)
    pcStringEnd                              0x200000b0   Data           4  serial.o(.data)
    xTransmittingTask                        0x200000b4   Data           4  serial.o(.data)
    .data                                    0x200000b8   Section       12  countsem.o(.data)
    xErrorDetected                           0x200000b8   Data           4  countsem.o(.data)
    uxLastCount0                             0x200000bc   Data           4  countsem.o(.data)
    uxLastCount1                             0x200000c0   Data           4  countsem.o(.data)
    .data                                    0x200000c4   Section       48  eventgroupsdemo.o(.data)
    ulTestMasterCycles                       0x200000c4   Data           4  eventgroupsdemo.o(.data)
    ulTestSlaveCycles                        0x200000c8   Data           4  eventgroupsdemo.o(.data)
    ulISRCycles                              0x200000cc   Data           4  eventgroupsdemo.o(.data)
    xEventGroup                              0x200000d0   Data           4  eventgroupsdemo.o(.data)
    xISREventGroup                           0x200000d4   Data           4  eventgroupsdemo.o(.data)
    xSyncTask1                               0x200000d8   Data           4  eventgroupsdemo.o(.data)
    xSyncTask2                               0x200000dc   Data           4  eventgroupsdemo.o(.data)
    xCallCount                               0x200000e0   Data           4  eventgroupsdemo.o(.data)
    xISRTestError                            0x200000e4   Data           4  eventgroupsdemo.o(.data)
    ulPreviousWaitBitCycles                  0x200000e8   Data           4  eventgroupsdemo.o(.data)
    ulPreviousSetBitCycles                   0x200000ec   Data           4  eventgroupsdemo.o(.data)
    ulPreviousISRCycles                      0x200000f0   Data           4  eventgroupsdemo.o(.data)
    .data                                    0x200000f4   Section       36  genqtest.o(.data)
    xErrorDetected                           0x200000f4   Data           4  genqtest.o(.data)
    ulLoopCounter                            0x200000f8   Data           4  genqtest.o(.data)
    ulLoopCounter2                           0x200000fc   Data           4  genqtest.o(.data)
    ulGuardedVariable                        0x20000100   Data           4  genqtest.o(.data)
    xHighPriorityMutexTask                   0x20000104   Data           4  genqtest.o(.data)
    xMediumPriorityMutexTask                 0x20000108   Data           4  genqtest.o(.data)
    xBlockWasAborted                         0x2000010c   Data           4  genqtest.o(.data)
    ulLastLoopCounter                        0x20000110   Data           4  genqtest.o(.data)
    ulLastLoopCounter2                       0x20000114   Data           4  genqtest.o(.data)
    .data                                    0x20000118   Section       48  intsemtest.o(.data)
    xErrorDetected                           0x20000118   Data           4  intsemtest.o(.data)
    ulMasterLoops                            0x2000011c   Data           4  intsemtest.o(.data)
    ulCountingSemaphoreLoops                 0x20000120   Data           4  intsemtest.o(.data)
    xSlaveHandle                             0x20000124   Data           4  intsemtest.o(.data)
    xISRMutex                                0x20000128   Data           4  intsemtest.o(.data)
    xISRCountingSemaphore                    0x2000012c   Data           4  intsemtest.o(.data)
    xMasterSlaveMutex                        0x20000130   Data           4  intsemtest.o(.data)
    xOkToGiveMutex                           0x20000134   Data           4  intsemtest.o(.data)
    xOkToGiveCountingSemaphore               0x20000138   Data           4  intsemtest.o(.data)
    xLastGiveTime                            0x2000013c   Data           4  intsemtest.o(.data)
    ulLastMasterLoopCounter                  0x20000140   Data           4  intsemtest.o(.data)
    ulLastCountingSemaphoreLoops             0x20000144   Data           4  intsemtest.o(.data)
    .data                                    0x20000148   Section       48  recmutex.o(.data)
    xMutex                                   0x20000148   Data           4  recmutex.o(.data)
    xErrorOccurred                           0x2000014c   Data           4  recmutex.o(.data)
    xControllingIsSuspended                  0x20000150   Data           4  recmutex.o(.data)
    xBlockingIsSuspended                     0x20000154   Data           4  recmutex.o(.data)
    uxControllingCycles                      0x20000158   Data           4  recmutex.o(.data)
    uxBlockingCycles                         0x2000015c   Data           4  recmutex.o(.data)
    uxPollingCycles                          0x20000160   Data           4  recmutex.o(.data)
    xControllingTaskHandle                   0x20000164   Data           4  recmutex.o(.data)
    xBlockingTaskHandle                      0x20000168   Data           4  recmutex.o(.data)
    uxLastControllingCycles                  0x2000016c   Data           4  recmutex.o(.data)
    uxLastBlockingCycles                     0x20000170   Data           4  recmutex.o(.data)
    uxLastPollingCycles                      0x20000174   Data           4  recmutex.o(.data)
    .data                                    0x20000178   Section       18  semtest.o(.data)
    sCheckVariables                          0x20000178   Data           8  semtest.o(.data)
    sNextCheckVariable                       0x20000180   Data           2  semtest.o(.data)
    sLastCheckVariables                      0x20000182   Data           8  semtest.o(.data)
    .data                                    0x2000018c   Section       44  tasknotify.o(.data)
    xErrorStatus                             0x2000018c   Data           4  tasknotify.o(.data)
    ulNotifyCycleCount                       0x20000190   Data           4  tasknotify.o(.data)
    xTaskToNotify                            0x20000194   Data           4  tasknotify.o(.data)
    ulTimerNotificationsReceived             0x20000198   Data           4  tasknotify.o(.data)
    ulTimerNotificationsSent                 0x2000019c   Data           4  tasknotify.o(.data)
    xTimer                                   0x200001a0   Data           4  tasknotify.o(.data)
    uxNextRand                               0x200001a4   Data           4  tasknotify.o(.data)
    ulCallCount                              0x200001a8   Data           4  tasknotify.o(.data)
    xCallCount                               0x200001ac   Data           4  tasknotify.o(.data)
    xAPIToUse                                0x200001b0   Data           4  tasknotify.o(.data)
    ulLastNotifyCycleCount                   0x200001b4   Data           4  tasknotify.o(.data)
    .data                                    0x200001b8   Section       64  timerdemo.o(.data)
    xTestStatus                              0x200001b8   Data           4  timerdemo.o(.data)
    ulLoopCounter                            0x200001bc   Data           4  timerdemo.o(.data)
    ucAutoReloadTimerCounters                0x200001c0   Data           6  timerdemo.o(.data)
    xOneShotTimer                            0x200001c8   Data           4  timerdemo.o(.data)
    ucOneShotTimerCounter                    0x200001cc   Data           1  timerdemo.o(.data)
    xISRAutoReloadTimer                      0x200001d0   Data           4  timerdemo.o(.data)
    ucISRAutoReloadTimerCounter              0x200001d4   Data           1  timerdemo.o(.data)
    xISROneShotTimer                         0x200001d8   Data           4  timerdemo.o(.data)
    ucISROneShotTimerCounter                 0x200001dc   Data           1  timerdemo.o(.data)
    xBasePeriod                              0x200001e0   Data           4  timerdemo.o(.data)
    ulLastLoopCounter                        0x200001e4   Data           4  timerdemo.o(.data)
    xIterationsWithoutCounterIncrement       0x200001e8   Data           4  timerdemo.o(.data)
    xLastCycleFrequency                      0x200001ec   Data           4  timerdemo.o(.data)
    uxTick                                   0x200001f0   Data           4  timerdemo.o(.data)
    uxCallCount                              0x200001f4   Data           4  timerdemo.o(.data)
    .data                                    0x200001f8   Section       20  freertos_cli.o(.data)
    xRegisteredCommands                      0x200001f8   Data           8  freertos_cli.o(.data)
    pxLastCommandInList                      0x20000200   Data           4  freertos_cli.o(.data)
    pxCommand                                0x20000204   Data           4  freertos_cli.o(.data)
    pxCommand                                0x20000208   Data           4  freertos_cli.o(.data)
    .data                                    0x2000020c   Section        8  sample-cli-commands.o(.data)
    uxParameterNumber                        0x2000020c   Data           4  sample-cli-commands.o(.data)
    uxParameterNumber                        0x20000210   Data           4  sample-cli-commands.o(.data)
    .data                                    0x20000214   Section        8  uartcommandconsole.o(.data)
    xTxMutex                                 0x20000214   Data           4  uartcommandconsole.o(.data)
    xPort                                    0x20000218   Data           4  uartcommandconsole.o(.data)
    .data                                    0x2000021c   Section       84  intqueue.o(.data)
    xNormallyEmptyQueue                      0x2000021c   Data           4  intqueue.o(.data)
    xNormallyFullQueue                       0x20000220   Data           4  intqueue.o(.data)
    uxHighPriorityLoops1                     0x20000224   Data           4  intqueue.o(.data)
    uxHighPriorityLoops2                     0x20000228   Data           4  intqueue.o(.data)
    uxLowPriorityLoops1                      0x2000022c   Data           4  intqueue.o(.data)
    uxLowPriorityLoops2                      0x20000230   Data           4  intqueue.o(.data)
    xErrorStatus                             0x20000234   Data           4  intqueue.o(.data)
    xErrorLine                               0x20000238   Data           4  intqueue.o(.data)
    xWasSuspended                            0x2000023c   Data           4  intqueue.o(.data)
    uxValueForNormallyEmptyQueue             0x20000240   Data           4  intqueue.o(.data)
    uxValueForNormallyFullQueue              0x20000244   Data           4  intqueue.o(.data)
    uxNextOperation                          0x20000258   Data           4  intqueue.o(.data)
    uxNextOperation                          0x2000025c   Data           4  intqueue.o(.data)
    uxLastHighPriorityLoops1                 0x20000260   Data           4  intqueue.o(.data)
    uxLastHighPriorityLoops2                 0x20000264   Data           4  intqueue.o(.data)
    uxLastLowPriorityLoops1                  0x20000268   Data           4  intqueue.o(.data)
    uxLastLowPriorityLoops2                  0x2000026c   Data           4  intqueue.o(.data)
    .data                                    0x20000270   Section        8  cs.o(.data)
    hfxtFreq                                 0x20000270   Data           4  cs.o(.data)
    lfxtFreq                                 0x20000274   Data           4  cs.o(.data)
    .data                                    0x20000278   Section       48  gpio.o(.data)
    GPIO_PORT_TO_BASE                        0x20000278   Data          48  gpio.o(.data)
    .bss                                     0x200002a8   Section      200  tasks.o(.bss)
    pxReadyTasksLists                        0x200002a8   Data         100  tasks.o(.bss)
    xDelayedTaskList1                        0x2000030c   Data          20  tasks.o(.bss)
    xDelayedTaskList2                        0x20000320   Data          20  tasks.o(.bss)
    xPendingReadyList                        0x20000334   Data          20  tasks.o(.bss)
    xTasksWaitingTermination                 0x20000348   Data          20  tasks.o(.bss)
    xSuspendedTaskList                       0x2000035c   Data          20  tasks.o(.bss)
    .bss                                     0x20000370   Section       40  timers.o(.bss)
    xActiveTimerList1                        0x20000370   Data          20  timers.o(.bss)
    xActiveTimerList2                        0x20000384   Data          20  timers.o(.bss)
    .bss                                     0x20000398   Section    51200  heap_4.o(.bss)
    ucHeap                                   0x20000398   Data       51200  heap_4.o(.bss)
    .bss                                     0x2000cb98   Section       24  countsem.o(.bss)
    xParameters                              0x2000cb98   Data          24  countsem.o(.bss)
    .bss                                     0x2000cbb0   Section       32  sp_flop.o(.bss)
    usTaskCheck                              0x2000cbb0   Data          16  sp_flop.o(.bss)
    usLastTaskCheck                          0x2000cbc0   Data          16  sp_flop.o(.bss)
    .bss                                     0x2000cbd0   Section       24  timerdemo.o(.bss)
    xAutoReloadTimers                        0x2000cbd0   Data          24  timerdemo.o(.bss)
    .bss                                     0x2000cbe8   Section     2048  freertos_cli.o(.bss)
    cOutputBuffer                            0x2000cbe8   Data        2048  freertos_cli.o(.bss)
    .bss                                     0x2000d3e8   Section      100  uartcommandconsole.o(.bss)
    cInputString                             0x2000d3e8   Data          50  uartcommandconsole.o(.bss)
    cLastInputString                         0x2000d41a   Data          50  uartcommandconsole.o(.bss)
    .bss                                     0x2000d44c   Section      400  intqueue.o(.bss)
    ucNormallyEmptyReceivedValues            0x2000d44c   Data         200  intqueue.o(.bss)
    ucNormallyFullReceivedValues             0x2000d514   Data         200  intqueue.o(.bss)
    STACK                                    0x2000d5e0   Section      512  startup_msp432p4.o(STACK)

    Global Symbols

    Symbol Name                              Value     Ov Type        Size  Object(Section)

    BuildAttributes$$THM_ISAv4$E$P$D$K$B$S$7EM$VFPi3$EXTD16$VFPS$VFMA$PE$A:L22UL41UL21$X:L11$S22US41US21$IEEE1$IW$USESV6$~STKCKD$USESV7$~SHL$OTIME$ROPI$IEEEJ$EBA8$MICROLIB$REQ8$PRES8$EABIv2 0x00000000   Number         0  anon$$obj.o ABSOLUTE
    __ARM_use_no_argv                        0x00000000   Number         0  main.o ABSOLUTE
    __Vectors                                0x00000000   Data           4  startup_msp432p4.o(RESET)
    _printf_a                                0x00000000   Number         0  stubs.o ABSOLUTE
    _printf_c                                0x00000000   Number         0  stubs.o ABSOLUTE
    _printf_charcount                        0x00000000   Number         0  stubs.o ABSOLUTE
    _printf_d                                0x00000000   Number         0  stubs.o ABSOLUTE
    _printf_e                                0x00000000   Number         0  stubs.o ABSOLUTE
    _printf_f                                0x00000000   Number         0  stubs.o ABSOLUTE
    _printf_flags                            0x00000000   Number         0  stubs.o ABSOLUTE
    _printf_fp_dec                           0x00000000   Number         0  stubs.o ABSOLUTE
    _printf_fp_hex                           0x00000000   Number         0  stubs.o ABSOLUTE
    _printf_g                                0x00000000   Number         0  stubs.o ABSOLUTE
    _printf_i                                0x00000000   Number         0  stubs.o ABSOLUTE
    _printf_int_dec                          0x00000000   Number         0  stubs.o ABSOLUTE
    _printf_l                                0x00000000   Number         0  stubs.o ABSOLUTE
    _printf_lc                               0x00000000   Number         0  stubs.o ABSOLUTE
    _printf_ll                               0x00000000   Number         0  stubs.o ABSOLUTE
    _printf_lld                              0x00000000   Number         0  stubs.o ABSOLUTE
    _printf_lli                              0x00000000   Number         0  stubs.o ABSOLUTE
    _printf_llo                              0x00000000   Number         0  stubs.o ABSOLUTE
    _printf_llu                              0x00000000   Number         0  stubs.o ABSOLUTE
    _printf_llx                              0x00000000   Number         0  stubs.o ABSOLUTE
    _printf_longlong_dec                     0x00000000   Number         0  stubs.o ABSOLUTE
    _printf_longlong_hex                     0x00000000   Number         0  stubs.o ABSOLUTE
    _printf_longlong_oct                     0x00000000   Number         0  stubs.o ABSOLUTE
    _printf_ls                               0x00000000   Number         0  stubs.o ABSOLUTE
    _printf_mbtowc                           0x00000000   Number         0  stubs.o ABSOLUTE
    _printf_n                                0x00000000   Number         0  stubs.o ABSOLUTE
    _printf_o                                0x00000000   Number         0  stubs.o ABSOLUTE
    _printf_p                                0x00000000   Number         0  stubs.o ABSOLUTE
    _printf_percent                          0x00000000   Number         0  stubs.o ABSOLUTE
    _printf_pre_padding                      0x00000000   Number         0  stubs.o ABSOLUTE
    _printf_return_value                     0x00000000   Number         0  stubs.o ABSOLUTE
    _printf_s                                0x00000000   Number         0  stubs.o ABSOLUTE
    _printf_sizespec                         0x00000000   Number         0  stubs.o ABSOLUTE
    _printf_str                              0x00000000   Number         0  stubs.o ABSOLUTE
    _printf_truncate_signed                  0x00000000   Number         0  stubs.o ABSOLUTE
    _printf_truncate_unsigned                0x00000000   Number         0  stubs.o ABSOLUTE
    _printf_u                                0x00000000   Number         0  stubs.o ABSOLUTE
    _printf_wc                               0x00000000   Number         0  stubs.o ABSOLUTE
    _printf_wctomb                           0x00000000   Number         0  stubs.o ABSOLUTE
    _printf_widthprec                        0x00000000   Number         0  stubs.o ABSOLUTE
    _printf_x                                0x00000000   Number         0  stubs.o ABSOLUTE
    __cpp_initialize__aeabi_                  - Undefined Weak Reference
    __cxa_finalize                            - Undefined Weak Reference
    _clock_init                               - Undefined Weak Reference
    _microlib_exit                            - Undefined Weak Reference
    __Vectors_End                            0x00000144   Data           0  startup_msp432p4.o(RESET)
    __Vectors_Size                           0x00000144   Number         0  startup_msp432p4.o ABSOLUTE
    __main                                   0x00000145   Thumb Code     0  entry.o(.ARM.Collect$$$$00000000)
    _main_stk                                0x00000145   Thumb Code     0  entry2.o(.ARM.Collect$$$$00000001)
    _main_scatterload                        0x00000149   Thumb Code     0  entry5.o(.ARM.Collect$$$$00000004)
    __main_after_scatterload                 0x0000014d   Thumb Code     0  entry5.o(.ARM.Collect$$$$00000004)
    _main_clock                              0x0000014d   Thumb Code     0  entry7b.o(.ARM.Collect$$$$00000008)
    _main_cpp_init                           0x0000014d   Thumb Code     0  entry8b.o(.ARM.Collect$$$$0000000A)
    _main_init                               0x0000014d   Thumb Code     0  entry9a.o(.ARM.Collect$$$$0000000B)
    __rt_final_cpp                           0x00000155   Thumb Code     0  entry10a.o(.ARM.Collect$$$$0000000D)
    __rt_final_exit                          0x00000155   Thumb Code     0  entry11a.o(.ARM.Collect$$$$0000000F)
    SVC_Handler                              0x00000159   Thumb Code    28  port.o(.emb_text)
    __asm___6_port_c_39a90d8d__prvStartFirstTask 0x00000179   Thumb Code    36  port.o(.emb_text)
    __asm___6_port_c_39a90d8d__prvEnableVFP  0x000001a1   Thumb Code    16  port.o(.emb_text)
    PendSV_Handler                           0x000001b5   Thumb Code    88  port.o(.emb_text)
    vPortGetIPSR                             0x00000211   Thumb Code     6  port.o(.emb_text)
    vRegTest1Implementation                  0x00000219   Thumb Code   396  regtest.o(.emb_text)
    vRegTest2Implementation                  0x000003a9   Thumb Code   416  regtest.o(.emb_text)
    vRegTestClearFlopRegistersToParameterValue 0x00000551   Thumb Code    34  regtest.o(.emb_text)
    ulRegTestCheckFlopRegistersContainParameterValue 0x00000573   Thumb Code   140  regtest.o(.emb_text)
    Reset_Handler                            0x00000601   Thumb Code     8  startup_msp432p4.o(.text)
    NMI_Handler                              0x00000609   Thumb Code     2  startup_msp432p4.o(.text)
    HardFault_Handler                        0x0000060b   Thumb Code     2  startup_msp432p4.o(.text)
    MemManage_Handler                        0x0000060d   Thumb Code     2  startup_msp432p4.o(.text)
    BusFault_Handler                         0x0000060f   Thumb Code     2  startup_msp432p4.o(.text)
    UsageFault_Handler                       0x00000611   Thumb Code     2  startup_msp432p4.o(.text)
    DebugMon_Handler                         0x00000615   Thumb Code     2  startup_msp432p4.o(.text)
    ADC14_IRQHandler                         0x0000061b   Thumb Code     0  startup_msp432p4.o(.text)
    AES256_IRQHandler                        0x0000061b   Thumb Code     0  startup_msp432p4.o(.text)
    COMP_E0_IRQHandler                       0x0000061b   Thumb Code     0  startup_msp432p4.o(.text)
    COMP_E1_IRQHandler                       0x0000061b   Thumb Code     0  startup_msp432p4.o(.text)
    CS_IRQHandler                            0x0000061b   Thumb Code     0  startup_msp432p4.o(.text)
    DMA_ERR_IRQHandler                       0x0000061b   Thumb Code     0  startup_msp432p4.o(.text)
    DMA_INT0_IRQHandler                      0x0000061b   Thumb Code     0  startup_msp432p4.o(.text)
    DMA_INT1_IRQHandler                      0x0000061b   Thumb Code     0  startup_msp432p4.o(.text)
    DMA_INT2_IRQHandler                      0x0000061b   Thumb Code     0  startup_msp432p4.o(.text)
    DMA_INT3_IRQHandler                      0x0000061b   Thumb Code     0  startup_msp432p4.o(.text)
    EUSCIA0_IRQHandler                       0x0000061b   Thumb Code     0  startup_msp432p4.o(.text)
    EUSCIA1_IRQHandler                       0x0000061b   Thumb Code     0  startup_msp432p4.o(.text)
    EUSCIA2_IRQHandler                       0x0000061b   Thumb Code     0  startup_msp432p4.o(.text)
    EUSCIA3_IRQHandler                       0x0000061b   Thumb Code     0  startup_msp432p4.o(.text)
    EUSCIB0_IRQHandler                       0x0000061b   Thumb Code     0  startup_msp432p4.o(.text)
    EUSCIB1_IRQHandler                       0x0000061b   Thumb Code     0  startup_msp432p4.o(.text)
    EUSCIB2_IRQHandler                       0x0000061b   Thumb Code     0  startup_msp432p4.o(.text)
    EUSCIB3_IRQHandler                       0x0000061b   Thumb Code     0  startup_msp432p4.o(.text)
    FLCTL_IRQHandler                         0x0000061b   Thumb Code     0  startup_msp432p4.o(.text)
    FPU_IRQHandler                           0x0000061b   Thumb Code     0  startup_msp432p4.o(.text)
    PCM_IRQHandler                           0x0000061b   Thumb Code     0  startup_msp432p4.o(.text)
    PORT2_IRQHandler                         0x0000061b   Thumb Code     0  startup_msp432p4.o(.text)
    PORT3_IRQHandler                         0x0000061b   Thumb Code     0  startup_msp432p4.o(.text)
    PORT4_IRQHandler                         0x0000061b   Thumb Code     0  startup_msp432p4.o(.text)
    PORT5_IRQHandler                         0x0000061b   Thumb Code     0  startup_msp432p4.o(.text)
    PORT6_IRQHandler                         0x0000061b   Thumb Code     0  startup_msp432p4.o(.text)
    PSS_IRQHandler                           0x0000061b   Thumb Code     0  startup_msp432p4.o(.text)
    RTC_C_IRQHandler                         0x0000061b   Thumb Code     0  startup_msp432p4.o(.text)
    T32_INT1_IRQHandler                      0x0000061b   Thumb Code     0  startup_msp432p4.o(.text)
    T32_INT2_IRQHandler                      0x0000061b   Thumb Code     0  startup_msp432p4.o(.text)
    T32_INTC_IRQHandler                      0x0000061b   Thumb Code     0  startup_msp432p4.o(.text)
    TA0_0_IRQHandler                         0x0000061b   Thumb Code     0  startup_msp432p4.o(.text)
    TA0_N_IRQHandler                         0x0000061b   Thumb Code     0  startup_msp432p4.o(.text)
    TA1_0_IRQHandler                         0x0000061b   Thumb Code     0  startup_msp432p4.o(.text)
    TA1_N_IRQHandler                         0x0000061b   Thumb Code     0  startup_msp432p4.o(.text)
    TA2_0_IRQHandler                         0x0000061b   Thumb Code     0  startup_msp432p4.o(.text)
    TA2_N_IRQHandler                         0x0000061b   Thumb Code     0  startup_msp432p4.o(.text)
    TA3_0_IRQHandler                         0x0000061b   Thumb Code     0  startup_msp432p4.o(.text)
    TA3_N_IRQHandler                         0x0000061b   Thumb Code     0  startup_msp432p4.o(.text)
    WDT_A_IRQHandler                         0x0000061b   Thumb Code     0  startup_msp432p4.o(.text)
    __aeabi_memcpy                           0x00000625   Thumb Code    36  memcpya.o(.text)
    __aeabi_memcpy4                          0x00000625   Thumb Code     0  memcpya.o(.text)
    __aeabi_memcpy8                          0x00000625   Thumb Code     0  memcpya.o(.text)
    __aeabi_memset                           0x00000649   Thumb Code    14  memseta.o(.text)
    __aeabi_memset4                          0x00000649   Thumb Code     0  memseta.o(.text)
    __aeabi_memset8                          0x00000649   Thumb Code     0  memseta.o(.text)
    __aeabi_memclr                           0x00000657   Thumb Code     4  memseta.o(.text)
    __aeabi_memclr4                          0x00000657   Thumb Code     0  memseta.o(.text)
    __aeabi_memclr8                          0x00000657   Thumb Code     0  memseta.o(.text)
    _memset$wrapper                          0x0000065b   Thumb Code    18  memseta.o(.text)
    strncpy                                  0x0000066d   Thumb Code    24  strncpy.o(.text)
    strlen                                   0x00000685   Thumb Code    14  strlen.o(.text)
    strcmp                                   0x00000693   Thumb Code    28  strcmp.o(.text)
    strncat                                  0x000006af   Thumb Code    40  strncat.o(.text)
    strcpy                                   0x000006d7   Thumb Code    18  strcpy.o(.text)
    strncmp                                  0x000006e9   Thumb Code    30  strncmp.o(.text)
    __aeabi_f2d                              0x00000707   Thumb Code    38  f2d.o(.text)
    __aeabi_cdrcmple                         0x0000072d   Thumb Code    48  cdrcmple.o(.text)
    __aeabi_uidiv                            0x0000075d   Thumb Code     0  uidiv.o(.text)
    __aeabi_uidivmod                         0x0000075d   Thumb Code    44  uidiv.o(.text)
    __I$use$fp                               0x00000789   Thumb Code     0  iusefp.o(.text)
    __scatterload                            0x00000789   Thumb Code    28  init.o(.text)
    __scatterload_rt2                        0x00000789   Thumb Code     0  init.o(.text)
    __decompress                             0x000007ad   Thumb Code     0  __dczerorl2.o(.text)
    __decompress1                            0x000007ad   Thumb Code    86  __dczerorl2.o(.text)
    CS_clearInterruptFlag                    0x00000805   Thumb Code    30  cs.o(i.CS_clearInterruptFlag)
    CS_getDCOFrequency                       0x0000082d   Thumb Code   318  cs.o(i.CS_getDCOFrequency)
    CS_getMCLK                               0x0000097d   Thumb Code    30  cs.o(i.CS_getMCLK)
    CS_initClockSignal                       0x000009a1   Thumb Code   290  cs.o(i.CS_initClockSignal)
    CS_setDCOCenteredFrequency               0x00000ad9   Thumb Code    30  cs.o(i.CS_setDCOCenteredFrequency)
    FPU_enableModule                         0x00000b01   Thumb Code    14  fpu.o(i.FPU_enableModule)
    FlashCtl_setWaitState                    0x00000b15   Thumb Code    42  flash.o(i.FlashCtl_setWaitState)
    FreeRTOS_CLIGetOutputBuffer              0x00000b45   Thumb Code     4  freertos_cli.o(i.FreeRTOS_CLIGetOutputBuffer)
    FreeRTOS_CLIGetParameter                 0x00000b4d   Thumb Code    92  freertos_cli.o(i.FreeRTOS_CLIGetParameter)
    FreeRTOS_CLIProcessCommand               0x00000ba9   Thumb Code   200  freertos_cli.o(i.FreeRTOS_CLIProcessCommand)
    FreeRTOS_CLIRegisterCommand              0x00000c81   Thumb Code    94  freertos_cli.o(i.FreeRTOS_CLIRegisterCommand)
    GPIO_setAsOutputPin                      0x00000ce5   Thumb Code    28  gpio.o(i.GPIO_setAsOutputPin)
    GPIO_setAsPeripheralModuleFunctionInputPin 0x00000d05   Thumb Code    76  gpio.o(i.GPIO_setAsPeripheralModuleFunctionInputPin)
    GPIO_setOutputLowOnPin                   0x00000d55   Thumb Code    14  gpio.o(i.GPIO_setOutputLowOnPin)
    GPIO_toggleOutputOnPin                   0x00000d69   Thumb Code    14  gpio.o(i.GPIO_toggleOutputOnPin)
    Interrupt_enableInterrupt                0x00000d7d   Thumb Code   108  interrupt.o(i.Interrupt_enableInterrupt)
    Interrupt_setPriority                    0x00000df1   Thumb Code    46  interrupt.o(i.Interrupt_setPriority)
    PCM_getCoreVoltageLevel                  0x00000e25   Thumb Code    98  pcm.o(i.PCM_getCoreVoltageLevel)
    PCM_getPowerMode                         0x00000e87   Thumb Code    88  pcm.o(i.PCM_getPowerMode)
    PCM_getPowerState                        0x00000ee1   Thumb Code     8  pcm.o(i.PCM_getPowerState)
    PCM_setCoreVoltageLevel                  0x00000eed   Thumb Code    16  pcm.o(i.PCM_setCoreVoltageLevel)
    PCM_setPowerMode                         0x00000efd   Thumb Code    16  pcm.o(i.PCM_setPowerMode)
    PORT1_IRQHandler                         0x00000f0d   Thumb Code    16  main_blinky.o(i.PORT1_IRQHandler)
    SysCtl_getTLVInfo                        0x00000f25   Thumb Code    72  sysctl.o(i.SysCtl_getTLVInfo)
    SysTick_Handler                          0x00000f75   Thumb Code    46  port.o(i.SysTick_Handler)
    SystemInit                               0x00000fa9   Thumb Code   118  system_msp432p401r.o(i.SystemInit)
    Timer32_clearInterruptFlag               0x00001041   Thumb Code    10  timer32.o(i.Timer32_clearInterruptFlag)
    Timer32_enableInterrupt                  0x0000104b   Thumb Code    10  timer32.o(i.Timer32_enableInterrupt)
    Timer32_initModule                       0x00001055   Thumb Code    94  timer32.o(i.Timer32_initModule)
    Timer32_setCount                         0x000010b3   Thumb Code    34  timer32.o(i.Timer32_setCount)
    Timer32_startTimer                       0x000010d5   Thumb Code    48  timer32.o(i.Timer32_startTimer)
    UART_clearInterruptFlag                  0x00001105   Thumb Code     8  uart.o(i.UART_clearInterruptFlag)
    UART_disableInterrupt                    0x0000110d   Thumb Code    22  uart.o(i.UART_disableInterrupt)
    UART_enableInterrupt                     0x00001123   Thumb Code    22  uart.o(i.UART_enableInterrupt)
    UART_enableModule                        0x00001139   Thumb Code    14  uart.o(i.UART_enableModule)
    UART_getEnabledInterruptStatus           0x00001147   Thumb Code    62  uart.o(i.UART_getEnabledInterruptStatus)
    UART_getInterruptStatus                  0x00001185   Thumb Code     8  uart.o(i.UART_getInterruptStatus)
    UART_initModule                          0x0000118d   Thumb Code   212  uart.o(i.UART_initModule)
    UART_receiveData                         0x00001261   Thumb Code    44  uart.o(i.UART_receiveData)
    WDT_A_holdTimer                          0x0000128d   Thumb Code    20  wdt_a.o(i.WDT_A_holdTimer)
    __0sprintf$3                             0x0000142d   Thumb Code    34  printf3.o(i.__0sprintf$3)
    __1sprintf$3                             0x0000142d   Thumb Code     0  printf3.o(i.__0sprintf$3)
    __2sprintf                               0x0000142d   Thumb Code     0  printf3.o(i.__0sprintf$3)
    __hardfp_fabs                            0x00001635   Thumb Code    20  fabs.o(i.__hardfp_fabs)
    __scatterload_copy                       0x00001649   Thumb Code    14  handlers.o(i.__scatterload_copy)
    __scatterload_null                       0x00001657   Thumb Code     2  handlers.o(i.__scatterload_null)
    __scatterload_zeroinit                   0x00001659   Thumb Code    14  handlers.o(i.__scatterload_zeroinit)
    eTaskConfirmSleepModeStatus              0x0000182d   Thumb Code    42  tasks.o(i.eTaskConfirmSleepModeStatus)
    eTaskGetState                            0x00001869   Thumb Code   128  tasks.o(i.eTaskGetState)
    main                                     0x000018fd   Thumb Code    14  main.o(i.main)
    main_full                                0x0000190d   Thumb Code   138  main_full.o(i.main_full)
    pcTimerGetName                           0x000019c5   Thumb Code    32  timers.o(i.pcTimerGetName)
    pvPortMalloc                             0x00005875   Thumb Code   306  heap_4.o(i.pvPortMalloc)
    pvTaskIncrementMutexHeldCount            0x000059bd   Thumb Code    26  tasks.o(i.pvTaskIncrementMutexHeldCount)
    pvTimerGetTimerID                        0x000059dd   Thumb Code    44  timers.o(i.pvTimerGetTimerID)
    pxPortInitialiseStack                    0x00005a09   Thumb Code    38  port.o(i.pxPortInitialiseStack)
    ulGetRunTimeCounterValue                 0x00005a35   Thumb Code    38  runtimestatstimer.o(i.ulGetRunTimeCounterValue)
    ulTaskNotifyTake                         0x00005a69   Thumb Code   108  tasks.o(i.ulTaskNotifyTake)
    uxListRemove                             0x00005add   Thumb Code    40  list.o(i.uxListRemove)
    uxQueueMessagesWaiting                   0x00005b05   Thumb Code    42  queue.o(i.uxQueueMessagesWaiting)
    uxQueueSpacesAvailable                   0x00005b2f   Thumb Code    48  queue.o(i.uxQueueSpacesAvailable)
    uxTaskGetSystemState                     0x00005b61   Thumb Code   154  tasks.o(i.uxTaskGetSystemState)
    uxTaskPriorityGet                        0x00005c15   Thumb Code    30  tasks.o(i.uxTaskPriorityGet)
    uxTaskResetEventItemValue                0x00005c39   Thumb Code    24  tasks.o(i.uxTaskResetEventItemValue)
    vApplicationIdleHook                     0x00005c55   Thumb Code     2  main.o(i.vApplicationIdleHook)
    vApplicationMallocFailedHook             0x00005c57   Thumb Code    22  main.o(i.vApplicationMallocFailedHook)
    vApplicationStackOverflowHook            0x00005c6d   Thumb Code    22  main.o(i.vApplicationStackOverflowHook)
    vApplicationTickHook                     0x00005c83   Thumb Code    20  main_full.o(i.vApplicationTickHook)
    vConfigureTimerForRunTimeStats           0x00006001   Thumb Code    30  runtimestatstimer.o(i.vConfigureTimerForRunTimeStats)
    vEventGroupClearBitsCallback             0x00006029   Thumb Code    16  event_groups.o(i.vEventGroupClearBitsCallback)
    vEventGroupDelete                        0x00006039   Thumb Code    82  event_groups.o(i.vEventGroupDelete)
    vEventGroupSetBitsCallback               0x0000608b   Thumb Code    16  event_groups.o(i.vEventGroupSetBitsCallback)
    vInitialiseTimerForIntQueueTest          0x0000609d   Thumb Code   132  intqueuetimer.o(i.vInitialiseTimerForIntQueueTest)
    vInterruptSemaphorePeriodicTest          0x00006255   Thumb Code   130  intsemtest.o(i.vInterruptSemaphorePeriodicTest)
    vListInitialise                          0x000062ed   Thumb Code    26  list.o(i.vListInitialise)
    vListInitialiseItem                      0x00006307   Thumb Code     6  list.o(i.vListInitialiseItem)
    vListInsert                              0x0000630d   Thumb Code    52  list.o(i.vListInsert)
    vListInsertEnd                           0x00006341   Thumb Code    24  list.o(i.vListInsertEnd)
    vPeriodicEventGroupsProcessing           0x00006359   Thumb Code   168  eventgroupsdemo.o(i.vPeriodicEventGroupsProcessing)
    vPortEnterCritical                       0x00006411   Thumb Code    76  port.o(i.vPortEnterCritical)
    vPortExitCritical                        0x00006465   Thumb Code    56  port.o(i.vPortExitCritical)
    vPortFree                                0x000064a1   Thumb Code   140  heap_4.o(i.vPortFree)
    vPortSetupTimerInterrupt                 0x00006535   Thumb Code    94  port.o(i.vPortSetupTimerInterrupt)
    vPortSuppressTicksAndSleep               0x000065a1   Thumb Code   326  port.o(i.vPortSuppressTicksAndSleep)
    vPortValidateInterruptPriority           0x000066f5   Thumb Code   106  port.o(i.vPortValidateInterruptPriority)
    vPreSleepProcessing                      0x0000676d   Thumb Code     2  main_blinky.o(i.vPreSleepProcessing)
    vQueueWaitForMessageRestricted           0x0000676f   Thumb Code    74  queue.o(i.vQueueWaitForMessageRestricted)
    vRegisterSampleCLICommands               0x000067b9   Thumb Code    28  sample-cli-commands.o(i.vRegisterSampleCLICommands)
    vSerialPutString                         0x000067e5   Thumb Code    82  serial.o(i.vSerialPutString)
    vStartCountingSemaphoreTasks             0x00006849   Thumb Code    92  countsem.o(i.vStartCountingSemaphoreTasks)
    vStartEventGroupTasks                    0x000068bd   Thumb Code   146  eventgroupsdemo.o(i.vStartEventGroupTasks)
    vStartGenericQueueTasks                  0x00006981   Thumb Code   106  genqtest.o(i.vStartGenericQueueTasks)
    vStartInterruptQueueTasks                0x00006a25   Thumb Code   148  intqueue.o(i.vStartInterruptQueueTasks)
    vStartInterruptSemaphoreTasks            0x00006b15   Thumb Code   176  intsemtest.o(i.vStartInterruptSemaphoreTasks)
    vStartMathTasks                          0x00006bf9   Thumb Code   164  sp_flop.o(i.vStartMathTasks)
    vStartRecursiveMutexTasks                0x00006cf1   Thumb Code    78  recmutex.o(i.vStartRecursiveMutexTasks)
    vStartSemaphoreTasks                     0x00006d71   Thumb Code   198  semtest.o(i.vStartSemaphoreTasks)
    vStartTaskNotifyTask                     0x00006e5d   Thumb Code    30  tasknotify.o(i.vStartTaskNotifyTask)
    vStartTimerDemoTask                      0x00006e99   Thumb Code    56  timerdemo.o(i.vStartTimerDemoTask)
    vT32_0_Handler                           0x00006eed   Thumb Code    32  intqueuetimer.o(i.vT32_0_Handler)
    vT32_1_Handler                           0x00006f15   Thumb Code    32  intqueuetimer.o(i.vT32_1_Handler)
    vTaskDelay                               0x00006f3d   Thumb Code    82  tasks.o(i.vTaskDelay)
    vTaskDelayUntil                          0x00006f99   Thumb Code   200  tasks.o(i.vTaskDelayUntil)
    vTaskDelete                              0x0000706d   Thumb Code   202  tasks.o(i.vTaskDelete)
    vTaskGetInfo                             0x00007161   Thumb Code   126  tasks.o(i.vTaskGetInfo)
    vTaskGetRunTimeStats                     0x000071e5   Thumb Code   168  tasks.o(i.vTaskGetRunTimeStats)
    vTaskInternalSetTimeOutState             0x000072a9   Thumb Code    14  tasks.o(i.vTaskInternalSetTimeOutState)
    vTaskList                                0x000072c1   Thumb Code   200  tasks.o(i.vTaskList)
    vTaskMissedYield                         0x0000739d   Thumb Code     8  tasks.o(i.vTaskMissedYield)
    vTaskNotifyGiveFromISR                   0x000073a9   Thumb Code   214  tasks.o(i.vTaskNotifyGiveFromISR)
    vTaskPlaceOnEventList                    0x00007499   Thumb Code    52  tasks.o(i.vTaskPlaceOnEventList)
    vTaskPlaceOnEventListRestricted          0x000074d1   Thumb Code    60  tasks.o(i.vTaskPlaceOnEventListRestricted)
    vTaskPlaceOnUnorderedEventList           0x00007511   Thumb Code   100  tasks.o(i.vTaskPlaceOnUnorderedEventList)
    vTaskPriorityDisinheritAfterTimeout      0x0000757d   Thumb Code   230  tasks.o(i.vTaskPriorityDisinheritAfterTimeout)
    vTaskPrioritySet                         0x00007671   Thumb Code   260  tasks.o(i.vTaskPrioritySet)
    vTaskRemoveFromUnorderedEventList        0x00007785   Thumb Code   142  tasks.o(i.vTaskRemoveFromUnorderedEventList)
    vTaskResume                              0x00007829   Thumb Code   128  tasks.o(i.vTaskResume)
    vTaskStartScheduler                      0x000078b9   Thumb Code   122  tasks.o(i.vTaskStartScheduler)
    vTaskStepTick                            0x00007951   Thumb Code    56  tasks.o(i.vTaskStepTick)
    vTaskSuspend                             0x00007991   Thumb Code   210  tasks.o(i.vTaskSuspend)
    vTaskSuspendAll                          0x00007a85   Thumb Code    12  tasks.o(i.vTaskSuspendAll)
    vTaskSwitchContext                       0x00007a95   Thumb Code   226  tasks.o(i.vTaskSwitchContext)
    vTimerPeriodicISRTests                   0x00007b95   Thumb Code  1646  timerdemo.o(i.vTimerPeriodicISRTests)
    vTimerSetTimerID                         0x0000821d   Thumb Code    44  timers.o(i.vTimerSetTimerID)
    vUARTCommandConsoleStart                 0x00008249   Thumb Code    64  uartcommandconsole.o(i.vUARTCommandConsoleStart)
    vUART_Handler                            0x00008295   Thumb Code   136  serial.o(i.vUART_Handler)
    xAreCountingSemaphoreTasksStillRunning   0x00008335   Thumb Code    60  countsem.o(i.xAreCountingSemaphoreTasksStillRunning)
    xAreEventGroupTasksStillRunning          0x00008381   Thumb Code    70  eventgroupsdemo.o(i.xAreEventGroupTasksStillRunning)
    xAreGenericQueueTasksStillRunning        0x000083e1   Thumb Code    66  genqtest.o(i.xAreGenericQueueTasksStillRunning)
    xAreIntQueueTasksStillRunning            0x00008439   Thumb Code   120  intqueue.o(i.xAreIntQueueTasksStillRunning)
    xAreInterruptSemaphoreTasksStillRunning  0x000084d5   Thumb Code    72  intsemtest.o(i.xAreInterruptSemaphoreTasksStillRunning)
    xAreMathsTaskStillRunning                0x00008531   Thumb Code    44  sp_flop.o(i.xAreMathsTaskStillRunning)
    xAreRecursiveMutexTasksStillRunning      0x00008565   Thumb Code   100  recmutex.o(i.xAreRecursiveMutexTasksStillRunning)
    xAreSemaphoreTasksStillRunning           0x000085e5   Thumb Code    44  semtest.o(i.xAreSemaphoreTasksStillRunning)
    xAreTaskNotificationTasksStillRunning    0x00008619   Thumb Code    68  tasknotify.o(i.xAreTaskNotificationTasksStillRunning)
    xAreTimerDemoTasksStillRunning           0x00008671   Thumb Code    94  timerdemo.o(i.xAreTimerDemoTasksStillRunning)
    xEventGroupClearBits                     0x000086e9   Thumb Code    92  event_groups.o(i.xEventGroupClearBits)
    xEventGroupClearBitsFromISR              0x00008745   Thumb Code    24  event_groups.o(i.xEventGroupClearBitsFromISR)
    xEventGroupCreate                        0x00008761   Thumb Code    26  event_groups.o(i.xEventGroupCreate)
    xEventGroupGetBitsFromISR                0x0000877b   Thumb Code    44  event_groups.o(i.xEventGroupGetBitsFromISR)
    xEventGroupSetBits                       0x000087a7   Thumb Code   206  event_groups.o(i.xEventGroupSetBits)
    xEventGroupSetBitsFromISR                0x00008875   Thumb Code    30  event_groups.o(i.xEventGroupSetBitsFromISR)
    xEventGroupSync                          0x00008899   Thumb Code   268  event_groups.o(i.xEventGroupSync)
    xEventGroupWaitBits                      0x000089a9   Thumb Code   338  event_groups.o(i.xEventGroupWaitBits)
    xFirstTimerHandler                       0x00008b01   Thumb Code   352  intqueue.o(i.xFirstTimerHandler)
    xNotifyTaskFromISR                       0x00008c71   Thumb Code   186  tasknotify.o(i.xNotifyTaskFromISR)
    xPortStartScheduler                      0x00008d41   Thumb Code   372  port.o(i.xPortStartScheduler)
    xQueueCreateCountingSemaphore            0x00008ed1   Thumb Code    92  queue.o(i.xQueueCreateCountingSemaphore)
    xQueueCreateMutex                        0x00008f2d   Thumb Code    34  queue.o(i.xQueueCreateMutex)
    xQueueGenericCreate                      0x00008f4f   Thumb Code    90  queue.o(i.xQueueGenericCreate)
    xQueueGenericReset                       0x00008fa9   Thumb Code   146  queue.o(i.xQueueGenericReset)
    xQueueGenericSend                        0x00009041   Thumb Code   420  queue.o(i.xQueueGenericSend)
    xQueueGenericSendFromISR                 0x000091e9   Thumb Code   248  queue.o(i.xQueueGenericSendFromISR)
    xQueueGiveFromISR                        0x000092e1   Thumb Code   224  queue.o(i.xQueueGiveFromISR)
    xQueueGiveMutexRecursive                 0x000093c1   Thumb Code    72  queue.o(i.xQueueGiveMutexRecursive)
    xQueueIsQueueFullFromISR                 0x00009409   Thumb Code    46  queue.o(i.xQueueIsQueueFullFromISR)
    xQueuePeek                               0x00009439   Thumb Code   362  queue.o(i.xQueuePeek)
    xQueueReceive                            0x000095a9   Thumb Code   356  queue.o(i.xQueueReceive)
    xQueueReceiveFromISR                     0x00009711   Thumb Code   202  queue.o(i.xQueueReceiveFromISR)
    xQueueSemaphoreTake                      0x000097dd   Thumb Code   434  queue.o(i.xQueueSemaphoreTake)
    xQueueTakeMutexRecursive                 0x00009995   Thumb Code    78  queue.o(i.xQueueTakeMutexRecursive)
    xSecondTimerHandler                      0x000099e5   Thumb Code   538  intqueue.o(i.xSecondTimerHandler)
    xSerialGetChar                           0x00009c15   Thumb Code    30  serial.o(i.xSerialGetChar)
    xSerialPortInitMinimal                   0x00009c39   Thumb Code    96  serial.o(i.xSerialPortInitMinimal)
    xSerialPutChar                           0x00009ca5   Thumb Code    68  serial.o(i.xSerialPutChar)
    xTaskCheckForTimeOut                     0x00009cf9   Thumb Code   132  tasks.o(i.xTaskCheckForTimeOut)
    xTaskCreate                              0x00009d85   Thumb Code    96  tasks.o(i.xTaskCreate)
    xTaskGenericNotify                       0x00009de5   Thumb Code   284  tasks.o(i.xTaskGenericNotify)
    xTaskGenericNotifyFromISR                0x00009f11   Thumb Code   334  tasks.o(i.xTaskGenericNotifyFromISR)
    xTaskGetCurrentTaskHandle                0x0000a079   Thumb Code     6  tasks.o(i.xTaskGetCurrentTaskHandle)
    xTaskGetSchedulerState                   0x0000a085   Thumb Code    24  tasks.o(i.xTaskGetSchedulerState)
    xTaskGetTickCount                        0x0000a0a5   Thumb Code     6  tasks.o(i.xTaskGetTickCount)
    xTaskGetTickCountFromISR                 0x0000a0b1   Thumb Code    16  tasks.o(i.xTaskGetTickCountFromISR)
    xTaskIncrementTick                       0x0000a0c5   Thumb Code   296  tasks.o(i.xTaskIncrementTick)
    xTaskNotifyStateClear                    0x0000a219   Thumb Code    48  tasks.o(i.xTaskNotifyStateClear)
    xTaskNotifyWait                          0x0000a24d   Thumb Code   150  tasks.o(i.xTaskNotifyWait)
    xTaskPriorityDisinherit                  0x0000a2ed   Thumb Code   188  tasks.o(i.xTaskPriorityDisinherit)
    xTaskPriorityInherit                     0x0000a3b5   Thumb Code   186  tasks.o(i.xTaskPriorityInherit)
    xTaskRemoveFromEventList                 0x0000a47d   Thumb Code   132  tasks.o(i.xTaskRemoveFromEventList)
    xTaskResumeAll                           0x0000a519   Thumb Code   224  tasks.o(i.xTaskResumeAll)
    xTimerCreate                             0x0000a61d   Thumb Code    48  timers.o(i.xTimerCreate)
    xTimerCreateTimerTask                    0x0000a64d   Thumb Code    64  timers.o(i.xTimerCreateTimerTask)
    xTimerGenericCommand                     0x0000a6a1   Thumb Code   128  timers.o(i.xTimerGenericCommand)
    xTimerIsTimerActive                      0x0000a725   Thumb Code    62  timers.o(i.xTimerIsTimerActive)
    xTimerPendFunctionCallFromISR            0x0000a765   Thumb Code    48  timers.o(i.xTimerPendFunctionCallFromISR)
    xUARTConfig                              0x0000a798   Data          36  serial.o(.constdata)
    Region$$Table$$Base                      0x0000ac5c   Number         0  anon$$obj.o(Region$$Table)
    Region$$Table$$Limit                     0x0000ac7c   Number         0  anon$$obj.o(Region$$Table)
    pxCurrentTCB                             0x20000008   Data           4  tasks.o(.data)
    ulRegTest1LoopCounter                    0x20000090   Data           4  main_full.o(.data)
    ulRegTest2LoopCounter                    0x20000094   Data           4  main_full.o(.data)
    xHighPriorityNormallyEmptyTask1          0x20000248   Data           4  intqueue.o(.data)
    xHighPriorityNormallyEmptyTask2          0x2000024c   Data           4  intqueue.o(.data)
    xHighPriorityNormallyFullTask1           0x20000250   Data           4  intqueue.o(.data)
    xHighPriorityNormallyFullTask2           0x20000254   Data           4  intqueue.o(.data)
    __initial_sp                             0x2000d7e0   Data           0  startup_msp432p4.o(STACK)



==============================================================================

Memory Map of the image

  Image Entry point : 0x00000145

  Load Region LR_IROM1 (Base: 0x00000000, Size: 0x0000af24, Max: 0x00040000, ABSOLUTE, COMPRESSED[0x0000acc0])

    Execution Region ER_IROM1 (Exec base: 0x00000000, Load base: 0x00000000, Size: 0x0000ac7c, Max: 0x00040000, ABSOLUTE)

    Exec Addr    Load Addr    Size         Type   Attr      Idx    E Section Name        Object

    0x00000000   0x00000000   0x00000144   Data   RO            3    RESET               startup_msp432p4.o
    0x00000144   0x00000144   0x00000000   Code   RO         4185  * .ARM.Collect$$$$00000000  mc_w.l(entry.o)
    0x00000144   0x00000144   0x00000004   Code   RO         4471    .ARM.Collect$$$$00000001  mc_w.l(entry2.o)
    0x00000148   0x00000148   0x00000004   Code   RO         4474    .ARM.Collect$$$$00000004  mc_w.l(entry5.o)
    0x0000014c   0x0000014c   0x00000000   Code   RO         4476    .ARM.Collect$$$$00000008  mc_w.l(entry7b.o)
    0x0000014c   0x0000014c   0x00000000   Code   RO         4478    .ARM.Collect$$$$0000000A  mc_w.l(entry8b.o)
    0x0000014c   0x0000014c   0x00000008   Code   RO         4479    .ARM.Collect$$$$0000000B  mc_w.l(entry9a.o)
    0x00000154   0x00000154   0x00000000   Code   RO         4481    .ARM.Collect$$$$0000000D  mc_w.l(entry10a.o)
    0x00000154   0x00000154   0x00000000   Code   RO         4483    .ARM.Collect$$$$0000000F  mc_w.l(entry11a.o)
    0x00000154   0x00000154   0x00000004   Code   RO         4472    .ARM.Collect$$$$00002712  mc_w.l(entry2.o)
    0x00000158   0x00000158   0x000000be   Code   RO         1338    .emb_text           port.o
    0x00000216   0x00000216   0x00000002   PAD
    0x00000218   0x00000218   0x000003e6   Code   RO         2404    .emb_text           regtest.o
    0x000005fe   0x000005fe   0x00000002   PAD
    0x00000600   0x00000600   0x00000024   Code   RO            4    .text               startup_msp432p4.o
    0x00000624   0x00000624   0x00000024   Code   RO         4188    .text               mc_w.l(memcpya.o)
    0x00000648   0x00000648   0x00000024   Code   RO         4190    .text               mc_w.l(memseta.o)
    0x0000066c   0x0000066c   0x00000018   Code   RO         4192    .text               mc_w.l(strncpy.o)
    0x00000684   0x00000684   0x0000000e   Code   RO         4194    .text               mc_w.l(strlen.o)
    0x00000692   0x00000692   0x0000001c   Code   RO         4196    .text               mc_w.l(strcmp.o)
    0x000006ae   0x000006ae   0x00000028   Code   RO         4198    .text               mc_w.l(strncat.o)
    0x000006d6   0x000006d6   0x00000012   Code   RO         4200    .text               mc_w.l(strcpy.o)
    0x000006e8   0x000006e8   0x0000001e   Code   RO         4202    .text               mc_w.l(strncmp.o)
    0x00000706   0x00000706   0x00000026   Code   RO         4467    .text               mf_w.l(f2d.o)
    0x0000072c   0x0000072c   0x00000030   Code   RO         4469    .text               mf_w.l(cdrcmple.o)
    0x0000075c   0x0000075c   0x0000002c   Code   RO         4488    .text               mc_w.l(uidiv.o)
    0x00000788   0x00000788   0x00000000   Code   RO         4492    .text               mc_w.l(iusefp.o)
    0x00000788   0x00000788   0x00000024   Code   RO         4501    .text               mc_w.l(init.o)
    0x000007ac   0x000007ac   0x00000056   Code   RO         4521    .text               mc_w.l(__dczerorl2.o)
    0x00000802   0x00000802   0x00000002   PAD
    0x00000804   0x00000804   0x00000028   Code   RO         2576    i.CS_clearInterruptFlag  cs.o
    0x0000082c   0x0000082c   0x00000150   Code   RO         2587    i.CS_getDCOFrequency  cs.o
    0x0000097c   0x0000097c   0x00000024   Code   RO         2591    i.CS_getMCLK        cs.o
    0x000009a0   0x000009a0   0x00000138   Code   RO         2593    i.CS_initClockSignal  cs.o
    0x00000ad8   0x00000ad8   0x00000028   Code   RO         2596    i.CS_setDCOCenteredFrequency  cs.o
    0x00000b00   0x00000b00   0x00000014   Code   RO         3635    i.FPU_enableModule  fpu.o
    0x00000b14   0x00000b14   0x00000030   Code   RO         3962    i.FlashCtl_setWaitState  flash.o
    0x00000b44   0x00000b44   0x00000008   Code   RO         2242    i.FreeRTOS_CLIGetOutputBuffer  freertos_cli.o
    0x00000b4c   0x00000b4c   0x0000005c   Code   RO         2243    i.FreeRTOS_CLIGetParameter  freertos_cli.o
    0x00000ba8   0x00000ba8   0x000000d8   Code   RO         2244    i.FreeRTOS_CLIProcessCommand  freertos_cli.o
    0x00000c80   0x00000c80   0x00000064   Code   RO         2245    i.FreeRTOS_CLIRegisterCommand  freertos_cli.o
    0x00000ce4   0x00000ce4   0x00000020   Code   RO         2822    i.GPIO_setAsOutputPin  gpio.o
    0x00000d04   0x00000d04   0x00000050   Code   RO         2823    i.GPIO_setAsPeripheralModuleFunctionInputPin  gpio.o
    0x00000d54   0x00000d54   0x00000014   Code   RO         2828    i.GPIO_setOutputLowOnPin  gpio.o
    0x00000d68   0x00000d68   0x00000014   Code   RO         2829    i.GPIO_toggleOutputOnPin  gpio.o
    0x00000d7c   0x00000d7c   0x00000074   Code   RO         2959    i.Interrupt_enableInterrupt  interrupt.o
    0x00000df0   0x00000df0   0x00000034   Code   RO         2969    i.Interrupt_setPriority  interrupt.o
    0x00000e24   0x00000e24   0x00000062   Code   RO         3100    i.PCM_getCoreVoltageLevel  pcm.o
    0x00000e86   0x00000e86   0x00000058   Code   RO         3103    i.PCM_getPowerMode  pcm.o
    0x00000ede   0x00000ede   0x00000002   PAD
    0x00000ee0   0x00000ee0   0x0000000c   Code   RO         3104    i.PCM_getPowerState  pcm.o
    0x00000eec   0x00000eec   0x00000010   Code   RO         3112    i.PCM_setCoreVoltageLevel  pcm.o
    0x00000efc   0x00000efc   0x00000010   Code   RO         3115    i.PCM_setPowerMode  pcm.o
    0x00000f0c   0x00000f0c   0x00000018   Code   RO          262    i.PORT1_IRQHandler  main_blinky.o
    0x00000f24   0x00000f24   0x00000050   Code   RO         3519    i.SysCtl_getTLVInfo  sysctl.o
    0x00000f74   0x00000f74   0x00000034   Code   RO         1339    i.SysTick_Handler   port.o
    0x00000fa8   0x00000fa8   0x00000098   Code   RO           14    i.SystemInit        system_msp432p401r.o
    0x00001040   0x00001040   0x0000000a   Code   RO         3704    i.Timer32_clearInterruptFlag  timer32.o
    0x0000104a   0x0000104a   0x0000000a   Code   RO         3706    i.Timer32_enableInterrupt  timer32.o
    0x00001054   0x00001054   0x0000005e   Code   RO         3710    i.Timer32_initModule  timer32.o
    0x000010b2   0x000010b2   0x00000022   Code   RO         3712    i.Timer32_setCount  timer32.o
    0x000010d4   0x000010d4   0x00000030   Code   RO         3714    i.Timer32_startTimer  timer32.o
    0x00001104   0x00001104   0x00000008   Code   RO         3296    i.UART_clearInterruptFlag  uart.o
    0x0000110c   0x0000110c   0x00000016   Code   RO         3297    i.UART_disableInterrupt  uart.o
    0x00001122   0x00001122   0x00000016   Code   RO         3299    i.UART_enableInterrupt  uart.o
    0x00001138   0x00001138   0x0000000e   Code   RO         3300    i.UART_enableModule  uart.o
    0x00001146   0x00001146   0x0000003e   Code   RO         3301    i.UART_getEnabledInterruptStatus  uart.o
    0x00001184   0x00001184   0x00000008   Code   RO         3302    i.UART_getInterruptStatus  uart.o
    0x0000118c   0x0000118c   0x000000d4   Code   RO         3305    i.UART_initModule   uart.o
    0x00001260   0x00001260   0x0000002c   Code   RO         3307    i.UART_receiveData  uart.o
    0x0000128c   0x0000128c   0x00000018   Code   RO         3435    i.WDT_A_holdTimer   wdt_a.o
    0x000012a4   0x000012a4   0x000000dc   Code   RO         2608    i._CSComputeCLKFrequency  cs.o
    0x00001380   0x00001380   0x0000006c   Code   RO         2609    i._CSGetDOCFrequency  cs.o
    0x000013ec   0x000013ec   0x0000003e   Code   RO         2610    i._CSGetDividerValue  cs.o
    0x0000142a   0x0000142a   0x00000002   PAD
    0x0000142c   0x0000142c   0x00000028   Code   RO         4297    i.__0sprintf$3      mc_w.l(printf3.o)
    0x00001454   0x00001454   0x000000d0   Code   RO         3123    i.__PCM_setCoreVoltageLevelAdvanced  pcm.o
    0x00001524   0x00001524   0x00000110   Code   RO         3124    i.__PCM_setPowerModeAdvanced  pcm.o
    0x00001634   0x00001634   0x00000014   Code   RO         4179    i.__hardfp_fabs     m_wm.l(fabs.o)
    0x00001648   0x00001648   0x0000000e   Code   RO         4515    i.__scatterload_copy  mc_w.l(handlers.o)
    0x00001656   0x00001656   0x00000002   Code   RO         4516    i.__scatterload_null  mc_w.l(handlers.o)
    0x00001658   0x00001658   0x0000000e   Code   RO         4517    i.__scatterload_zeroinit  mc_w.l(handlers.o)
    0x00001666   0x00001666   0x00000002   PAD
    0x00001668   0x00001668   0x000001b8   Code   RO         4302    i._printf_core      mc_w.l(printf3.o)
    0x00001820   0x00001820   0x0000000a   Code   RO         4304    i._sputc            mc_w.l(printf3.o)
    0x0000182a   0x0000182a   0x00000002   PAD
    0x0000182c   0x0000182c   0x0000003c   Code   RO          719    i.eTaskConfirmSleepModeStatus  tasks.o
    0x00001868   0x00001868   0x00000094   Code   RO          720    i.eTaskGetState     tasks.o
    0x000018fc   0x000018fc   0x0000000e   Code   RO           78    i.main              main.o
    0x0000190a   0x0000190a   0x00000002   PAD
    0x0000190c   0x0000190c   0x000000b8   Code   RO         1439    i.main_full         main_full.o
    0x000019c4   0x000019c4   0x00000020   Code   RO         1116    i.pcTimerGetName    timers.o
    0x000019e4   0x000019e4   0x00000114   Code   RO         2453    i.prv1stHigherPriorityNormallyFullTask  intqueue.o
    0x00001af8   0x00001af8   0x00000098   Code   RO         2454    i.prv2ndHigherPriorityNormallyFullTask  intqueue.o
    0x00001b90   0x00001b90   0x00000098   Code   RO          722    i.prvAddCurrentTaskToDelayedList  tasks.o
    0x00001c28   0x00001c28   0x000000b8   Code   RO          723    i.prvAddNewTaskToReadyList  tasks.o
    0x00001ce0   0x00001ce0   0x00000048   Code   RO         2131    i.prvAutoReloadTimerCallback  timerdemo.o
    0x00001d28   0x00001d28   0x00000118   Code   RO         1722    i.prvBitCombinationTestMasterFunction  eventgroupsdemo.o
    0x00001e40   0x00001e40   0x0000004c   Code   RO         1117    i.prvCheckForValidListAndQueue  timers.o
    0x00001e8c   0x00001e8c   0x000000e4   Code   RO         1440    i.prvCheckTask      main_full.o
    0x00001f70   0x00001f70   0x00000048   Code   RO          724    i.prvCheckTasksWaitingTermination  tasks.o
    0x00001fb8   0x00001fb8   0x0000004a   Code   RO         1441    i.prvConfigureClocks  main_full.o
    0x00002002   0x00002002   0x0000002a   Code   RO          511    i.prvCopyDataFromQueue  queue.o
    0x0000202c   0x0000202c   0x0000007e   Code   RO          512    i.prvCopyDataToQueue  queue.o
    0x000020aa   0x000020aa   0x00000002   PAD
    0x000020ac   0x000020ac   0x00000040   Code   RO         1674    i.prvCountingSemaphoreTask  countsem.o
    0x000020ec   0x000020ec   0x000000a4   Code   RO         1675    i.prvDecrementSemaphoreCount  countsem.o
    0x00002190   0x00002190   0x00000012   Code   RO          725    i.prvDeleteTCB      tasks.o
    0x000021a2   0x000021a2   0x00000014   Code   RO          513    i.prvGetDisinheritPriorityAfterTimeout  queue.o
    0x000021b6   0x000021b6   0x00000002   PAD
    0x000021b8   0x000021b8   0x0000004c   Code   RO          726    i.prvGetExpectedIdleTime  tasks.o
    0x00002204   0x00002204   0x00000028   Code   RO         1118    i.prvGetNextExpireTime  timers.o
    0x0000222c   0x0000222c   0x0000002e   Code   RO         2246    i.prvGetNumberOfParameters  freertos_cli.o
    0x0000225a   0x0000225a   0x00000002   PAD
    0x0000225c   0x0000225c   0x0000007c   Code   RO         1277    i.prvHeapInit       heap_4.o
    0x000022d8   0x000022d8   0x0000004c   Code   RO         2247    i.prvHelpCommand    freertos_cli.o
    0x00002324   0x00002324   0x00000050   Code   RO         1798    i.prvHighPriorityMutexTask  genqtest.o
    0x00002374   0x00002374   0x00000124   Code   RO         2455    i.prvHigherPriorityNormallyEmptyTask  intqueue.o
    0x00002498   0x00002498   0x00000010   Code   RO         2132    i.prvISRAutoReloadTimerCallback  timerdemo.o
    0x000024a8   0x000024a8   0x00000010   Code   RO         2133    i.prvISROneShotTimerCallback  timerdemo.o
    0x000024b8   0x000024b8   0x00000080   Code   RO          727    i.prvIdleTask       tasks.o
    0x00002538   0x00002538   0x00000080   Code   RO         1676    i.prvIncrementSemaphoreCount  countsem.o
    0x000025b8   0x000025b8   0x0000001e   Code   RO          514    i.prvInitialiseMutex  queue.o
    0x000025d6   0x000025d6   0x0000002a   Code   RO          515    i.prvInitialiseNewQueue  queue.o
    0x00002600   0x00002600   0x000000ce   Code   RO          728    i.prvInitialiseNewTask  tasks.o
    0x000026ce   0x000026ce   0x0000004e   Code   RO         1119    i.prvInitialiseNewTimer  timers.o
    0x0000271c   0x0000271c   0x00000068   Code   RO          729    i.prvInitialiseTaskLists  tasks.o
    0x00002784   0x00002784   0x00000068   Code   RO         1278    i.prvInsertBlockIntoFreeList  heap_4.o
    0x000027ec   0x000027ec   0x00000058   Code   RO         1120    i.prvInsertTimerInActiveList  timers.o
    0x00002844   0x00002844   0x0000001a   Code   RO          516    i.prvIsQueueEmpty   queue.o
    0x0000285e   0x0000285e   0x0000001e   Code   RO          517    i.prvIsQueueFull    queue.o
    0x0000287c   0x0000287c   0x0000006a   Code   RO          730    i.prvListTasksWithinSingleList  tasks.o
    0x000028e6   0x000028e6   0x00000002   PAD
    0x000028e8   0x000028e8   0x00000050   Code   RO         1799    i.prvLowPriorityMutexTask  genqtest.o
    0x00002938   0x00002938   0x00000098   Code   RO         2456    i.prvLowerPriorityNormallyEmptyTask  intqueue.o
    0x000029d0   0x000029d0   0x00000084   Code   RO         2457    i.prvLowerPriorityNormallyFullTask  intqueue.o
    0x00002a54   0x00002a54   0x00000018   Code   RO         1800    i.prvMediumPriorityMutexTask  genqtest.o
    0x00002a6c   0x00002a6c   0x00000114   Code   RO         2065    i.prvNotifiedTask   tasknotify.o
    0x00002b80   0x00002b80   0x00000030   Code   RO         2066    i.prvNotifyingTimer  tasknotify.o
    0x00002bb0   0x00002bb0   0x0000005c   Code   RO         2134    i.prvOneShotTimerCallback  timerdemo.o
    0x00002c0c   0x00002c0c   0x000000b4   Code   RO         2302    i.prvParameterEchoCommand  sample-cli-commands.o
    0x00002cc0   0x00002cc0   0x000001e4   Code   RO         1723    i.prvPerformTaskSyncTests  eventgroupsdemo.o
    0x00002ea4   0x00002ea4   0x00000064   Code   RO         1121    i.prvProcessExpiredTimer  timers.o
    0x00002f08   0x00002f08   0x00000120   Code   RO         1122    i.prvProcessReceivedCommands  timers.o
    0x00003028   0x00003028   0x00000074   Code   RO         1123    i.prvProcessTimerOrBlockTask  timers.o
    0x0000309c   0x0000309c   0x00000014   Code   RO         2458    i.prvQueueAccessLogError  intqueue.o
    0x000030b0   0x000030b0   0x00000024   Code   RO         2067    i.prvRand           tasknotify.o
    0x000030d4   0x000030d4   0x00000020   Code   RO         2459    i.prvRecordValue_NormallyEmpty  intqueue.o
    0x000030f4   0x000030f4   0x00000020   Code   RO         2460    i.prvRecordValue_NormallyFull  intqueue.o
    0x00003114   0x00003114   0x00000088   Code   RO         1925    i.prvRecursiveMutexBlockingTask  recmutex.o
    0x0000319c   0x0000319c   0x00000098   Code   RO         1926    i.prvRecursiveMutexControllingTask  recmutex.o
    0x00003234   0x00003234   0x00000180   Code   RO         1927    i.prvRecursiveMutexPollingTask  recmutex.o
    0x000033b4   0x000033b4   0x0000001c   Code   RO         1442    i.prvRegTestTaskEntry1  main_full.o
    0x000033d0   0x000033d0   0x0000001c   Code   RO         1443    i.prvRegTestTaskEntry2  main_full.o
    0x000033ec   0x000033ec   0x00000034   Code   RO          731    i.prvResetNextTaskUnblockTime  tasks.o
    0x00003420   0x00003420   0x000000a4   Code   RO         2135    i.prvResetStartConditionsForNextIteration  timerdemo.o
    0x000034c4   0x000034c4   0x00000070   Code   RO         2303    i.prvRunTimeStatsCommand  sample-cli-commands.o
    0x00003534   0x00003534   0x0000002c   Code   RO         1124    i.prvSampleTimeNow  timers.o
    0x00003560   0x00003560   0x000000d0   Code   RO         1724    i.prvSelectiveBitsTestMasterFunction  eventgroupsdemo.o
    0x00003630   0x00003630   0x00000044   Code   RO         1725    i.prvSelectiveBitsTestSlaveFunction  eventgroupsdemo.o
    0x00003674   0x00003674   0x000000c8   Code   RO         1972    i.prvSemaphoreTest  semtest.o
    0x0000373c   0x0000373c   0x0000029c   Code   RO         1801    i.prvSendFrontAndBackTest  genqtest.o
    0x000039d8   0x000039d8   0x00000026   Code   RO           80    i.prvSetupHardware  main.o
    0x000039fe   0x000039fe   0x00000002   PAD
    0x00003a00   0x00003a00   0x00000850   Code   RO         2068    i.prvSingleTaskTests  tasknotify.o
    0x00004250   0x00004250   0x000000a4   Code   RO         2069    i.prvSuspendedTaskTimerTestCallback  tasknotify.o
    0x000042f4   0x000042f4   0x000000a0   Code   RO         1125    i.prvSwitchTimerLists  timers.o
    0x00004394   0x00004394   0x00000134   Code   RO         1726    i.prvSyncTask       eventgroupsdemo.o
    0x000044c8   0x000044c8   0x00000140   Code   RO         1860    i.prvTakeAndGiveInTheOppositeOrder  intsemtest.o
    0x00004608   0x00004608   0x0000016c   Code   RO         1861    i.prvTakeAndGiveInTheSameOrder  intsemtest.o
    0x00004774   0x00004774   0x0000012c   Code   RO         1802    i.prvTakeTwoMutexesReturnInDifferentOrder  genqtest.o
    0x000048a0   0x000048a0   0x00000108   Code   RO         1803    i.prvTakeTwoMutexesReturnInSameOrder  genqtest.o
    0x000049a8   0x000049a8   0x00000016   Code   RO          732    i.prvTaskCheckFreeStackSpace  tasks.o
    0x000049be   0x000049be   0x00000002   PAD
    0x000049c0   0x000049c0   0x00000040   Code   RO         1340    i.prvTaskExitError  port.o
    0x00004a00   0x00004a00   0x00000058   Code   RO          733    i.prvTaskIsTaskSuspended  tasks.o
    0x00004a58   0x00004a58   0x00000070   Code   RO         2304    i.prvTaskStatsCommand  sample-cli-commands.o
    0x00004ac8   0x00004ac8   0x000001e8   Code   RO         2136    i.prvTest1_CreateTimersWithoutSchedulerRunning  timerdemo.o
    0x00004cb0   0x00004cb0   0x00000074   Code   RO         2137    i.prvTest2_CheckTaskAndTimersInitialState  timerdemo.o
    0x00004d24   0x00004d24   0x000000a4   Code   RO         2138    i.prvTest3_CheckAutoReloadExpireRates  timerdemo.o
    0x00004dc8   0x00004dc8   0x00000120   Code   RO         2139    i.prvTest4_CheckAutoReloadTimersCanBeStopped  timerdemo.o
    0x00004ee8   0x00004ee8   0x00000130   Code   RO         2140    i.prvTest5_CheckBasicOneShotTimerBehaviour  timerdemo.o
    0x00005018   0x00005018   0x000002c0   Code   RO         2141    i.prvTest6_CheckAutoReloadResetBehaviour  timerdemo.o
    0x000052d8   0x000052d8   0x000000d8   Code   RO         1727    i.prvTestMasterTask  eventgroupsdemo.o
    0x000053b0   0x000053b0   0x00000138   Code   RO         1728    i.prvTestSlaveTask  eventgroupsdemo.o
    0x000054e8   0x000054e8   0x0000001e   Code   RO          326    i.prvTestWaitCondition  event_groups.o
    0x00005506   0x00005506   0x00000002   PAD
    0x00005508   0x00005508   0x000000dc   Code   RO         2305    i.prvThreeParameterEchoCommand  sample-cli-commands.o
    0x000055e4   0x000055e4   0x0000001a   Code   RO         1126    i.prvTimerTask      timers.o
    0x000055fe   0x000055fe   0x00000002   PAD
    0x00005600   0x00005600   0x00000080   Code   RO         2142    i.prvTimerTestTask  timerdemo.o
    0x00005680   0x00005680   0x0000014c   Code   RO         2363    i.prvUARTCommandConsoleTask  uartcommandconsole.o
    0x000057cc   0x000057cc   0x0000007e   Code   RO          518    i.prvUnlockQueue    queue.o
    0x0000584a   0x0000584a   0x0000002a   Code   RO          734    i.prvWriteNameToBuffer  tasks.o
    0x00005874   0x00005874   0x00000148   Code   RO         1279    i.pvPortMalloc      heap_4.o
    0x000059bc   0x000059bc   0x00000020   Code   RO          735    i.pvTaskIncrementMutexHeldCount  tasks.o
    0x000059dc   0x000059dc   0x0000002c   Code   RO         1127    i.pvTimerGetTimerID  timers.o
    0x00005a08   0x00005a08   0x0000002c   Code   RO         1341    i.pxPortInitialiseStack  port.o
    0x00005a34   0x00005a34   0x00000034   Code   RO         1534    i.ulGetRunTimeCounterValue  runtimestatstimer.o
    0x00005a68   0x00005a68   0x00000074   Code   RO          736    i.ulTaskNotifyTake  tasks.o
    0x00005adc   0x00005adc   0x00000028   Code   RO          454    i.uxListRemove      list.o
    0x00005b04   0x00005b04   0x0000002a   Code   RO          521    i.uxQueueMessagesWaiting  queue.o
    0x00005b2e   0x00005b2e   0x00000030   Code   RO          523    i.uxQueueSpacesAvailable  queue.o
    0x00005b5e   0x00005b5e   0x00000002   PAD
    0x00005b60   0x00005b60   0x000000b4   Code   RO          738    i.uxTaskGetSystemState  tasks.o
    0x00005c14   0x00005c14   0x00000024   Code   RO          740    i.uxTaskPriorityGet  tasks.o
    0x00005c38   0x00005c38   0x0000001c   Code   RO          742    i.uxTaskResetEventItemValue  tasks.o
    0x00005c54   0x00005c54   0x00000002   Code   RO           81    i.vApplicationIdleHook  main.o
    0x00005c56   0x00005c56   0x00000016   Code   RO           82    i.vApplicationMallocFailedHook  main.o
    0x00005c6c   0x00005c6c   0x00000016   Code   RO           83    i.vApplicationStackOverflowHook  main.o
    0x00005c82   0x00005c82   0x00000014   Code   RO         1444    i.vApplicationTickHook  main_full.o
    0x00005c96   0x00005c96   0x00000002   PAD
    0x00005c98   0x00005c98   0x000000d0   Code   RO         2009    i.vCompetingMathTask1  sp_flop.o
    0x00005d68   0x00005d68   0x000000d0   Code   RO         2010    i.vCompetingMathTask2  sp_flop.o
    0x00005e38   0x00005e38   0x000000e4   Code   RO         2011    i.vCompetingMathTask3  sp_flop.o
    0x00005f1c   0x00005f1c   0x000000e4   Code   RO         2012    i.vCompetingMathTask4  sp_flop.o
    0x00006000   0x00006000   0x00000028   Code   RO         1535    i.vConfigureTimerForRunTimeStats  runtimestatstimer.o
    0x00006028   0x00006028   0x00000010   Code   RO          328    i.vEventGroupClearBitsCallback  event_groups.o
    0x00006038   0x00006038   0x00000052   Code   RO          329    i.vEventGroupDelete  event_groups.o
    0x0000608a   0x0000608a   0x00000010   Code   RO          330    i.vEventGroupSetBitsCallback  event_groups.o
    0x0000609a   0x0000609a   0x00000002   PAD
    0x0000609c   0x0000609c   0x00000088   Code   RO         2414    i.vInitialiseTimerForIntQueueTest  intqueuetimer.o
    0x00006124   0x00006124   0x000000c0   Code   RO         1862    i.vInterruptCountingSemaphoreTask  intsemtest.o
    0x000061e4   0x000061e4   0x00000030   Code   RO         1863    i.vInterruptMutexMasterTask  intsemtest.o
    0x00006214   0x00006214   0x00000040   Code   RO         1864    i.vInterruptMutexSlaveTask  intsemtest.o
    0x00006254   0x00006254   0x00000098   Code   RO         1865    i.vInterruptSemaphorePeriodicTest  intsemtest.o
    0x000062ec   0x000062ec   0x0000001a   Code   RO          455    i.vListInitialise   list.o
    0x00006306   0x00006306   0x00000006   Code   RO          456    i.vListInitialiseItem  list.o
    0x0000630c   0x0000630c   0x00000034   Code   RO          457    i.vListInsert       list.o
    0x00006340   0x00006340   0x00000018   Code   RO          458    i.vListInsertEnd    list.o
    0x00006358   0x00006358   0x000000b8   Code   RO         1729    i.vPeriodicEventGroupsProcessing  eventgroupsdemo.o
    0x00006410   0x00006410   0x00000054   Code   RO         1343    i.vPortEnterCritical  port.o
    0x00006464   0x00006464   0x0000003c   Code   RO         1344    i.vPortExitCritical  port.o
    0x000064a0   0x000064a0   0x00000094   Code   RO         1280    i.vPortFree         heap_4.o
    0x00006534   0x00006534   0x0000006c   Code   RO         1345    i.vPortSetupTimerInterrupt  port.o
    0x000065a0   0x000065a0   0x00000154   Code   RO         1346    i.vPortSuppressTicksAndSleep  port.o
    0x000066f4   0x000066f4   0x00000078   Code   RO         1347    i.vPortValidateInterruptPriority  port.o
    0x0000676c   0x0000676c   0x00000002   Code   RO          268    i.vPreSleepProcessing  main_blinky.o
    0x0000676e   0x0000676e   0x0000004a   Code   RO          526    i.vQueueWaitForMessageRestricted  queue.o
    0x000067b8   0x000067b8   0x0000002c   Code   RO         2306    i.vRegisterSampleCLICommands  sample-cli-commands.o
    0x000067e4   0x000067e4   0x00000064   Code   RO         1569    i.vSerialPutString  serial.o
    0x00006848   0x00006848   0x00000074   Code   RO         1677    i.vStartCountingSemaphoreTasks  countsem.o
    0x000068bc   0x000068bc   0x000000c4   Code   RO         1730    i.vStartEventGroupTasks  eventgroupsdemo.o
    0x00006980   0x00006980   0x000000a4   Code   RO         1804    i.vStartGenericQueueTasks  genqtest.o
    0x00006a24   0x00006a24   0x000000f0   Code   RO         2461    i.vStartInterruptQueueTasks  intqueue.o
    0x00006b14   0x00006b14   0x000000e4   Code   RO         1866    i.vStartInterruptSemaphoreTasks  intsemtest.o
    0x00006bf8   0x00006bf8   0x000000f8   Code   RO         2013    i.vStartMathTasks   sp_flop.o
    0x00006cf0   0x00006cf0   0x00000080   Code   RO         1928    i.vStartRecursiveMutexTasks  recmutex.o
    0x00006d70   0x00006d70   0x000000ec   Code   RO         1973    i.vStartSemaphoreTasks  semtest.o
    0x00006e5c   0x00006e5c   0x0000003c   Code   RO         2070    i.vStartTaskNotifyTask  tasknotify.o
    0x00006e98   0x00006e98   0x00000054   Code   RO         2143    i.vStartTimerDemoTask  timerdemo.o
    0x00006eec   0x00006eec   0x00000028   Code   RO         2415    i.vT32_0_Handler    intqueuetimer.o
    0x00006f14   0x00006f14   0x00000028   Code   RO         2416    i.vT32_1_Handler    intqueuetimer.o
    0x00006f3c   0x00006f3c   0x0000005c   Code   RO          743    i.vTaskDelay        tasks.o
    0x00006f98   0x00006f98   0x000000d4   Code   RO          744    i.vTaskDelayUntil   tasks.o
    0x0000706c   0x0000706c   0x000000f4   Code   RO          745    i.vTaskDelete       tasks.o
    0x00007160   0x00007160   0x00000084   Code   RO          747    i.vTaskGetInfo      tasks.o
    0x000071e4   0x000071e4   0x000000c4   Code   RO          748    i.vTaskGetRunTimeStats  tasks.o
    0x000072a8   0x000072a8   0x00000018   Code   RO          749    i.vTaskInternalSetTimeOutState  tasks.o
    0x000072c0   0x000072c0   0x000000dc   Code   RO          750    i.vTaskList         tasks.o
    0x0000739c   0x0000739c   0x0000000c   Code   RO          751    i.vTaskMissedYield  tasks.o
    0x000073a8   0x000073a8   0x000000f0   Code   RO          752    i.vTaskNotifyGiveFromISR  tasks.o
    0x00007498   0x00007498   0x00000038   Code   RO          753    i.vTaskPlaceOnEventList  tasks.o
    0x000074d0   0x000074d0   0x00000040   Code   RO          754    i.vTaskPlaceOnEventListRestricted  tasks.o
    0x00007510   0x00007510   0x0000006c   Code   RO          755    i.vTaskPlaceOnUnorderedEventList  tasks.o
    0x0000757c   0x0000757c   0x000000f4   Code   RO          756    i.vTaskPriorityDisinheritAfterTimeout  tasks.o
    0x00007670   0x00007670   0x00000114   Code   RO          757    i.vTaskPrioritySet  tasks.o
    0x00007784   0x00007784   0x000000a4   Code   RO          758    i.vTaskRemoveFromUnorderedEventList  tasks.o
    0x00007828   0x00007828   0x00000090   Code   RO          759    i.vTaskResume       tasks.o
    0x000078b8   0x000078b8   0x00000098   Code   RO          762    i.vTaskStartScheduler  tasks.o
    0x00007950   0x00007950   0x00000040   Code   RO          763    i.vTaskStepTick     tasks.o
    0x00007990   0x00007990   0x000000f4   Code   RO          764    i.vTaskSuspend      tasks.o
    0x00007a84   0x00007a84   0x00000010   Code   RO          765    i.vTaskSuspendAll   tasks.o
    0x00007a94   0x00007a94   0x00000100   Code   RO          766    i.vTaskSwitchContext  tasks.o
    0x00007b94   0x00007b94   0x00000688   Code   RO         2144    i.vTimerPeriodicISRTests  timerdemo.o
    0x0000821c   0x0000821c   0x0000002c   Code   RO         1129    i.vTimerSetTimerID  timers.o
    0x00008248   0x00008248   0x0000004c   Code   RO         2365    i.vUARTCommandConsoleStart  uartcommandconsole.o
    0x00008294   0x00008294   0x000000a0   Code   RO         1570    i.vUART_Handler     serial.o
    0x00008334   0x00008334   0x0000004c   Code   RO         1678    i.xAreCountingSemaphoreTasksStillRunning  countsem.o
    0x00008380   0x00008380   0x00000060   Code   RO         1731    i.xAreEventGroupTasksStillRunning  eventgroupsdemo.o
    0x000083e0   0x000083e0   0x00000058   Code   RO         1805    i.xAreGenericQueueTasksStillRunning  genqtest.o
    0x00008438   0x00008438   0x0000009c   Code   RO         2462    i.xAreIntQueueTasksStillRunning  intqueue.o
    0x000084d4   0x000084d4   0x0000005c   Code   RO         1867    i.xAreInterruptSemaphoreTasksStillRunning  intsemtest.o
    0x00008530   0x00008530   0x00000034   Code   RO         2014    i.xAreMathsTaskStillRunning  sp_flop.o
    0x00008564   0x00008564   0x00000080   Code   RO         1929    i.xAreRecursiveMutexTasksStillRunning  recmutex.o
    0x000085e4   0x000085e4   0x00000034   Code   RO         1974    i.xAreSemaphoreTasksStillRunning  semtest.o
    0x00008618   0x00008618   0x00000058   Code   RO         2071    i.xAreTaskNotificationTasksStillRunning  tasknotify.o
    0x00008670   0x00008670   0x00000078   Code   RO         2145    i.xAreTimerDemoTasksStillRunning  timerdemo.o
    0x000086e8   0x000086e8   0x0000005c   Code   RO          332    i.xEventGroupClearBits  event_groups.o
    0x00008744   0x00008744   0x0000001c   Code   RO          333    i.xEventGroupClearBitsFromISR  event_groups.o
    0x00008760   0x00008760   0x0000001a   Code   RO          334    i.xEventGroupCreate  event_groups.o
    0x0000877a   0x0000877a   0x0000002c   Code   RO          335    i.xEventGroupGetBitsFromISR  event_groups.o
    0x000087a6   0x000087a6   0x000000ce   Code   RO          336    i.xEventGroupSetBits  event_groups.o
    0x00008874   0x00008874   0x00000024   Code   RO          337    i.xEventGroupSetBitsFromISR  event_groups.o
    0x00008898   0x00008898   0x00000110   Code   RO          338    i.xEventGroupSync   event_groups.o
    0x000089a8   0x000089a8   0x00000158   Code   RO          339    i.xEventGroupWaitBits  event_groups.o
    0x00008b00   0x00008b00   0x00000170   Code   RO         2463    i.xFirstTimerHandler  intqueue.o
    0x00008c70   0x00008c70   0x000000d0   Code   RO         2072    i.xNotifyTaskFromISR  tasknotify.o
    0x00008d40   0x00008d40   0x00000190   Code   RO         1348    i.xPortStartScheduler  port.o
    0x00008ed0   0x00008ed0   0x0000005c   Code   RO          527    i.xQueueCreateCountingSemaphore  queue.o
    0x00008f2c   0x00008f2c   0x00000022   Code   RO          528    i.xQueueCreateMutex  queue.o
    0x00008f4e   0x00008f4e   0x0000005a   Code   RO          529    i.xQueueGenericCreate  queue.o
    0x00008fa8   0x00008fa8   0x00000098   Code   RO          530    i.xQueueGenericReset  queue.o
    0x00009040   0x00009040   0x000001a8   Code   RO          531    i.xQueueGenericSend  queue.o
    0x000091e8   0x000091e8   0x000000f8   Code   RO          532    i.xQueueGenericSendFromISR  queue.o
    0x000092e0   0x000092e0   0x000000e0   Code   RO          533    i.xQueueGiveFromISR  queue.o
    0x000093c0   0x000093c0   0x00000048   Code   RO          534    i.xQueueGiveMutexRecursive  queue.o
    0x00009408   0x00009408   0x0000002e   Code   RO          536    i.xQueueIsQueueFullFromISR  queue.o
    0x00009436   0x00009436   0x00000002   PAD
    0x00009438   0x00009438   0x00000170   Code   RO          537    i.xQueuePeek        queue.o
    0x000095a8   0x000095a8   0x00000168   Code   RO          539    i.xQueueReceive     queue.o
    0x00009710   0x00009710   0x000000ca   Code   RO          540    i.xQueueReceiveFromISR  queue.o
    0x000097da   0x000097da   0x00000002   PAD
    0x000097dc   0x000097dc   0x000001b8   Code   RO          541    i.xQueueSemaphoreTake  queue.o
    0x00009994   0x00009994   0x0000004e   Code   RO          542    i.xQueueTakeMutexRecursive  queue.o
    0x000099e2   0x000099e2   0x00000002   PAD
    0x000099e4   0x000099e4   0x00000230   Code   RO         2464    i.xSecondTimerHandler  intqueue.o
    0x00009c14   0x00009c14   0x00000024   Code   RO         1571    i.xSerialGetChar    serial.o
    0x00009c38   0x00009c38   0x0000006c   Code   RO         1572    i.xSerialPortInitMinimal  serial.o
    0x00009ca4   0x00009ca4   0x00000054   Code   RO         1573    i.xSerialPutChar    serial.o
    0x00009cf8   0x00009cf8   0x0000008c   Code   RO          767    i.xTaskCheckForTimeOut  tasks.o
    0x00009d84   0x00009d84   0x00000060   Code   RO          768    i.xTaskCreate       tasks.o
    0x00009de4   0x00009de4   0x0000012c   Code   RO          769    i.xTaskGenericNotify  tasks.o
    0x00009f10   0x00009f10   0x00000168   Code   RO          770    i.xTaskGenericNotifyFromISR  tasks.o
    0x0000a078   0x0000a078   0x0000000c   Code   RO          771    i.xTaskGetCurrentTaskHandle  tasks.o
    0x0000a084   0x0000a084   0x00000020   Code   RO          772    i.xTaskGetSchedulerState  tasks.o
    0x0000a0a4   0x0000a0a4   0x0000000c   Code   RO          773    i.xTaskGetTickCount  tasks.o
    0x0000a0b0   0x0000a0b0   0x00000014   Code   RO          774    i.xTaskGetTickCountFromISR  tasks.o
    0x0000a0c4   0x0000a0c4   0x00000154   Code   RO          775    i.xTaskIncrementTick  tasks.o
    0x0000a218   0x0000a218   0x00000034   Code   RO          776    i.xTaskNotifyStateClear  tasks.o
    0x0000a24c   0x0000a24c   0x000000a0   Code   RO          777    i.xTaskNotifyWait   tasks.o
    0x0000a2ec   0x0000a2ec   0x000000c8   Code   RO          778    i.xTaskPriorityDisinherit  tasks.o
    0x0000a3b4   0x0000a3b4   0x000000c8   Code   RO          779    i.xTaskPriorityInherit  tasks.o
    0x0000a47c   0x0000a47c   0x0000009c   Code   RO          780    i.xTaskRemoveFromEventList  tasks.o
    0x0000a518   0x0000a518   0x00000104   Code   RO          781    i.xTaskResumeAll    tasks.o
    0x0000a61c   0x0000a61c   0x00000030   Code   RO         1131    i.xTimerCreate      timers.o
    0x0000a64c   0x0000a64c   0x00000054   Code   RO         1132    i.xTimerCreateTimerTask  timers.o
    0x0000a6a0   0x0000a6a0   0x00000084   Code   RO         1133    i.xTimerGenericCommand  timers.o
    0x0000a724   0x0000a724   0x0000003e   Code   RO         1137    i.xTimerIsTimerActive  timers.o
    0x0000a762   0x0000a762   0x00000002   PAD
    0x0000a764   0x0000a764   0x00000034   Code   RO         1139    i.xTimerPendFunctionCallFromISR  timers.o
    0x0000a798   0x0000a798   0x00000024   Data   RO         1574    .constdata          serial.o
    0x0000a7bc   0x0000a7bc   0x00000010   Data   RO         2249    .constdata          freertos_cli.o
    0x0000a7cc   0x0000a7cc   0x00000040   Data   RO         2307    .constdata          sample-cli-commands.o
    0x0000a80c   0x0000a80c   0x0000000c   Data   RO         2367    .constdata          uartcommandconsole.o
    0x0000a818   0x0000a818   0x00000090   Data   RO         2975    .constdata          interrupt.o
    0x0000a8a8   0x0000a8a8   0x000000dd   Data   RO         2250    .conststring        freertos_cli.o
    0x0000a985   0x0000a985   0x00000003   PAD
    0x0000a988   0x0000a988   0x00000243   Data   RO         2308    .conststring        sample-cli-commands.o
    0x0000abcb   0x0000abcb   0x00000001   PAD
    0x0000abcc   0x0000abcc   0x0000008d   Data   RO         2368    .conststring        uartcommandconsole.o
    0x0000ac59   0x0000ac59   0x00000003   PAD
    0x0000ac5c   0x0000ac5c   0x00000020   Data   RO         4513    Region$$Table       anon$$obj.o


    Execution Region RW_IRAM1 (Exec base: 0x20000000, Load base: 0x0000ac7c, Size: 0x0000d7e0, Max: 0x00010000, ABSOLUTE, COMPRESSED[0x00000044])

    Exec Addr    Load Addr    Size         Type   Attr      Idx    E Section Name        Object

    0x20000000   COMPRESSED   0x00000008   Data   RW          269    .data               main_blinky.o
    0x20000008   COMPRESSED   0x00000044   Data   RW          783    .data               tasks.o
    0x2000004c   COMPRESSED   0x00000014   Data   RW         1141    .data               timers.o
    0x20000060   COMPRESSED   0x00000018   Data   RW         1285    .data               heap_4.o
    0x20000078   COMPRESSED   0x00000018   Data   RW         1349    .data               port.o
    0x20000090   COMPRESSED   0x00000010   Data   RW         1445    .data               main_full.o
    0x200000a0   COMPRESSED   0x00000008   Data   RW         1536    .data               runtimestatstimer.o
    0x200000a8   COMPRESSED   0x00000010   Data   RW         1575    .data               serial.o
    0x200000b8   COMPRESSED   0x0000000c   Data   RW         1680    .data               countsem.o
    0x200000c4   COMPRESSED   0x00000030   Data   RW         1732    .data               eventgroupsdemo.o
    0x200000f4   COMPRESSED   0x00000024   Data   RW         1806    .data               genqtest.o
    0x20000118   COMPRESSED   0x00000030   Data   RW         1869    .data               intsemtest.o
    0x20000148   COMPRESSED   0x00000030   Data   RW         1930    .data               recmutex.o
    0x20000178   COMPRESSED   0x00000012   Data   RW         1975    .data               semtest.o
    0x2000018a   COMPRESSED   0x00000002   PAD
    0x2000018c   COMPRESSED   0x0000002c   Data   RW         2073    .data               tasknotify.o
    0x200001b8   COMPRESSED   0x00000040   Data   RW         2147    .data               timerdemo.o
    0x200001f8   COMPRESSED   0x00000014   Data   RW         2251    .data               freertos_cli.o
    0x2000020c   COMPRESSED   0x00000008   Data   RW         2309    .data               sample-cli-commands.o
    0x20000214   COMPRESSED   0x00000008   Data   RW         2369    .data               uartcommandconsole.o
    0x2000021c   COMPRESSED   0x00000054   Data   RW         2466    .data               intqueue.o
    0x20000270   COMPRESSED   0x00000008   Data   RW         2612    .data               cs.o
    0x20000278   COMPRESSED   0x00000030   Data   RW         2832    .data               gpio.o
    0x200002a8        -       0x000000c8   Zero   RW          782    .bss                tasks.o
    0x20000370        -       0x00000028   Zero   RW         1140    .bss                timers.o
    0x20000398        -       0x0000c800   Zero   RW         1284    .bss                heap_4.o
    0x2000cb98        -       0x00000018   Zero   RW         1679    .bss                countsem.o
    0x2000cbb0        -       0x00000020   Zero   RW         2015    .bss                sp_flop.o
    0x2000cbd0        -       0x00000018   Zero   RW         2146    .bss                timerdemo.o
    0x2000cbe8        -       0x00000800   Zero   RW         2248    .bss                freertos_cli.o
    0x2000d3e8        -       0x00000064   Zero   RW         2366    .bss                uartcommandconsole.o
    0x2000d44c        -       0x00000190   Zero   RW         2465    .bss                intqueue.o
    0x2000d5dc   COMPRESSED   0x00000004   PAD
    0x2000d5e0        -       0x00000200   Zero   RW            1    STACK               startup_msp432p4.o

